###############################################################################
#
# IAR ELF Linker V8.32.3.193/W32 for ARM                  14/Sep/2022  16:51:10
# Copyright 2007-2019 IAR Systems AB.
#
#    Output file  =  
#        C:\Users\sonartech\Desktop\Yang\Interface CPU
#        BRD\ADC\EWARM\Test\Exe\Test.out
#    Map file     =  
#        C:\Users\sonartech\Desktop\Yang\Interface CPU
#        BRD\ADC\EWARM\Test\List\Test.map
#    Command line =  
#        -f C:\Users\SONART~1\AppData\Local\Temp\EWD82A.tmp
#        ("C:\Users\sonartech\Desktop\Yang\Interface CPU
#        BRD\ADC\EWARM\Test\Obj\main.o"
#        "C:\Users\sonartech\Desktop\Yang\Interface CPU
#        BRD\ADC\EWARM\Test\Obj\startup_stm32f407xx.o"
#        "C:\Users\sonartech\Desktop\Yang\Interface CPU
#        BRD\ADC\EWARM\Test\Obj\stm32f4xx_hal.o"
#        "C:\Users\sonartech\Desktop\Yang\Interface CPU
#        BRD\ADC\EWARM\Test\Obj\stm32f4xx_hal_adc.o"
#        "C:\Users\sonartech\Desktop\Yang\Interface CPU
#        BRD\ADC\EWARM\Test\Obj\stm32f4xx_hal_adc_ex.o"
#        "C:\Users\sonartech\Desktop\Yang\Interface CPU
#        BRD\ADC\EWARM\Test\Obj\stm32f4xx_hal_cortex.o"
#        "C:\Users\sonartech\Desktop\Yang\Interface CPU
#        BRD\ADC\EWARM\Test\Obj\stm32f4xx_hal_dma.o"
#        "C:\Users\sonartech\Desktop\Yang\Interface CPU
#        BRD\ADC\EWARM\Test\Obj\stm32f4xx_hal_dma_ex.o"
#        "C:\Users\sonartech\Desktop\Yang\Interface CPU
#        BRD\ADC\EWARM\Test\Obj\stm32f4xx_hal_exti.o"
#        "C:\Users\sonartech\Desktop\Yang\Interface CPU
#        BRD\ADC\EWARM\Test\Obj\stm32f4xx_hal_flash.o"
#        "C:\Users\sonartech\Desktop\Yang\Interface CPU
#        BRD\ADC\EWARM\Test\Obj\stm32f4xx_hal_flash_ex.o"
#        "C:\Users\sonartech\Desktop\Yang\Interface CPU
#        BRD\ADC\EWARM\Test\Obj\stm32f4xx_hal_flash_ramfunc.o"
#        "C:\Users\sonartech\Desktop\Yang\Interface CPU
#        BRD\ADC\EWARM\Test\Obj\stm32f4xx_hal_gpio.o"
#        "C:\Users\sonartech\Desktop\Yang\Interface CPU
#        BRD\ADC\EWARM\Test\Obj\stm32f4xx_hal_i2c.o"
#        "C:\Users\sonartech\Desktop\Yang\Interface CPU
#        BRD\ADC\EWARM\Test\Obj\stm32f4xx_hal_i2c_ex.o"
#        "C:\Users\sonartech\Desktop\Yang\Interface CPU
#        BRD\ADC\EWARM\Test\Obj\stm32f4xx_hal_msp.o"
#        "C:\Users\sonartech\Desktop\Yang\Interface CPU
#        BRD\ADC\EWARM\Test\Obj\stm32f4xx_hal_pwr.o"
#        "C:\Users\sonartech\Desktop\Yang\Interface CPU
#        BRD\ADC\EWARM\Test\Obj\stm32f4xx_hal_pwr_ex.o"
#        "C:\Users\sonartech\Desktop\Yang\Interface CPU
#        BRD\ADC\EWARM\Test\Obj\stm32f4xx_hal_rcc.o"
#        "C:\Users\sonartech\Desktop\Yang\Interface CPU
#        BRD\ADC\EWARM\Test\Obj\stm32f4xx_hal_rcc_ex.o"
#        "C:\Users\sonartech\Desktop\Yang\Interface CPU
#        BRD\ADC\EWARM\Test\Obj\stm32f4xx_hal_spi.o"
#        "C:\Users\sonartech\Desktop\Yang\Interface CPU
#        BRD\ADC\EWARM\Test\Obj\stm32f4xx_hal_sram.o"
#        "C:\Users\sonartech\Desktop\Yang\Interface CPU
#        BRD\ADC\EWARM\Test\Obj\stm32f4xx_hal_tim.o"
#        "C:\Users\sonartech\Desktop\Yang\Interface CPU
#        BRD\ADC\EWARM\Test\Obj\stm32f4xx_hal_tim_ex.o"
#        "C:\Users\sonartech\Desktop\Yang\Interface CPU
#        BRD\ADC\EWARM\Test\Obj\stm32f4xx_hal_uart.o"
#        "C:\Users\sonartech\Desktop\Yang\Interface CPU
#        BRD\ADC\EWARM\Test\Obj\stm32f4xx_it.o"
#        "C:\Users\sonartech\Desktop\Yang\Interface CPU
#        BRD\ADC\EWARM\Test\Obj\stm32f4xx_ll_adc.o"
#        "C:\Users\sonartech\Desktop\Yang\Interface CPU
#        BRD\ADC\EWARM\Test\Obj\stm32f4xx_ll_fsmc.o"
#        "C:\Users\sonartech\Desktop\Yang\Interface CPU
#        BRD\ADC\EWARM\Test\Obj\system_stm32f4xx.o" --no_out_extension -o
#        "C:\Users\sonartech\Desktop\Yang\Interface CPU
#        BRD\ADC\EWARM\Test\Exe\Test.out" --redirect _Printf=_PrintfFullNoMb
#        --redirect _Scanf=_ScanfFullNoMb --map
#        "C:\Users\sonartech\Desktop\Yang\Interface CPU
#        BRD\ADC\EWARM\Test\List\Test.map" --config
#        "C:\Users\sonartech\Desktop\Yang\Interface CPU
#        BRD\ADC\EWARM/stm32f407xx_flash.icf" --semihosting --entry
#        __iar_program_start --vfe --text_out locale)
#
###############################################################################

*******************************************************************************
*** RUNTIME MODEL ATTRIBUTES
***

CppFlavor       = *
__SystemLibrary = DLib
__dlib_version  = 6


*******************************************************************************
*** HEAP SELECTION
***

The basic heap was selected because no calls to memory allocation
functions were found in the application outside of system library
functions, and there are calls to deallocation functions in the
application.


*******************************************************************************
*** PLACEMENT SUMMARY
***

"A0":  place at 0x800'0000 { ro section .intvec };
"P1":  place in [from 0x800'0000 to 0x80f'ffff] { ro };
define block CSTACK with size = 1K, alignment = 8 { };
define block HEAP with size = 512, alignment = 8 { };
"P2":  place in [from 0x2000'0000 to 0x2001'ffff] {
          rw, block CSTACK, block HEAP };
initialize by copy { rw };

  Section            Kind         Address    Size  Object
  -------            ----         -------    ----  ------
"A0":                                       0x188
  .intvec            ro code   0x800'0000   0x188  startup_stm32f407xx.o [1]
                             - 0x800'0188   0x188

"P1":                                      0x4f68
  .text              ro code   0x800'0188   0xdf2  xprintffull_nomb.o [2]
  .text              ro code   0x800'0f7a    0x3a  zero_init3.o [4]
  .text              ro code   0x800'0fb4    0x16  strchr.o [4]
  .text              ro code   0x800'0fcc    0x40  xfail_s.o [2]
  .text              ro code   0x800'100c    0x36  strlen.o [4]
  .text              ro code   0x800'1044    0x58  memchr.o [4]
  .text              ro code   0x800'109c   0x106  I64DivMod_small.o [4]
  .text              ro code   0x800'11a4   0x1a2  DblMul.o [3]
  .text              ro code   0x800'1348    0xa6  ABImemcpy.o [4]
  .text              ro code   0x800'13f0    0x70  frexp.o [3]
  .text              ro code   0x800'1460    0x2e  DblCmpLe.o [3]
  .text              ro code   0x800'1490    0x2e  DblCmpGe.o [3]
  .text              ro code   0x800'14c0   0x13a  ldexp.o [3]
  .text              ro code   0x800'15fc    0x3a  DblToS32.o [3]
  .text              ro code   0x800'1638    0x22  S32ToDbl.o [3]
  .text              ro code   0x800'165c    0xe2  DblSub.o [3]
  .text              ro code   0x800'1740   0x246  DblDiv.o [3]
  .text              ro code   0x800'1988    0x28  DblToU32.o [3]
  .text              ro code   0x800'19b0    0x1a  U32ToDbl.o [3]
  .text              ro code   0x800'19cc     0x8  xlocale_c.o [2]
  .text              ro code   0x800'19d4     0x6  abort.o [2]
  .text              ro code   0x800'19dc     0x2  I64DivZer.o [4]
  .text              ro code   0x800'19e0   0x17a  DblAdd.o [3]
  .text              ro code   0x800'1b5c    0x14  exit.o [5]
  .text              ro code   0x800'1b70   0x8c0  main.o [1]
  .text              ro code   0x800'2430   0x66c  stm32f4xx_hal_uart.o [1]
  .text              ro code   0x800'2a9c   0x6d2  stm32f4xx_hal_adc.o [1]
  .text              ro code   0x800'3170    0x34  stm32f4xx_hal.o [1]
  .text              ro code   0x800'31a4    0xc4  stm32f4xx_hal_cortex.o [1]
  .text              ro code   0x800'3268   0x150  stm32f4xx_hal_i2c.o [1]
  .text              ro code   0x800'33b8    0xc8  stm32f4xx_hal_spi.o [1]
  .text              ro code   0x800'3480     0x6  ABImemclr4.o [4]
  .text              ro code   0x800'3488   0x484  stm32f4xx_hal_tim.o [1]
  .text              ro code   0x800'390c    0x8c  stm32f4xx_hal_tim_ex.o [1]
  .text              ro code   0x800'3998   0x678  stm32f4xx_hal_msp.o [1]
  .text              ro code   0x800'4010    0x58  stm32f4xx_hal_sram.o [1]
  .text              ro code   0x800'4068    0x48  FltToDbl.o [3]
  .text              ro code   0x800'40b0    0x68  DblToFlt.o [3]
  .text              ro code   0x800'4118    0x28  printf.o [2]
  .text              ro code   0x800'4140    0x28  stm32f4xx_hal.o [1]
  .text              ro code   0x800'4168   0x330  stm32f4xx_hal_rcc.o [1]
  .text              ro code   0x800'4498   0x1ac  stm32f4xx_hal_rcc.o [1]
  .text              ro code   0x800'4644   0x20a  stm32f4xx_hal_gpio.o [1]
  .text              ro code   0x800'4850     0xc  stm32f4xx_hal.o [1]
  .text              ro code   0x800'485c   0x3fc  stm32f4xx_hal_dma.o [1]
  .text              ro code   0x800'4c58     0x2  stm32f4xx_hal_uart.o [1]
  .text              ro code   0x800'4c5a     0x2  stm32f4xx_hal_uart.o [1]
  .text              ro code   0x800'4c5c     0x2  stm32f4xx_hal_uart.o [1]
  .text              ro code   0x800'4c5e     0x2  stm32f4xx_hal_uart.o [1]
  .text              ro code   0x800'4c60     0x2  stm32f4xx_hal_adc_ex.o [1]
  .text              ro code   0x800'4c62     0x2  stm32f4xx_hal_adc.o [1]
  .text              ro code   0x800'4c64     0x2  stm32f4xx_hal_adc.o [1]
  .text              ro code   0x800'4c66     0x2  stm32f4xx_hal_adc.o [1]
  .text              ro code   0x800'4c68    0x40  stm32f4xx_hal.o [1]
  .text              ro code   0x800'4ca8    0x32  ABImemset48.o [4]
  .text              ro code   0x800'4cda     0x2  stm32f4xx_hal_tim.o [1]
  .text              ro code   0x800'4cdc    0xec  stm32f4xx_ll_fsmc.o [1]
  .text              ro code   0x800'4dc8    0x4c  stm32f4xx_it.o [1]
  .text              ro code   0x800'4e14    0x10  stm32f4xx_hal.o [1]
  .text              ro code   0x800'4e24    0x38  packbits_init_single.o [4]
  .text              ro code   0x800'4e5c    0x28  data_init.o [4]
  .text              ro code   0x800'4e84    0x22  fpinit_M.o [3]
  .iar.init_table    const     0x800'4ea8    0x20  - Linker created -
  .text              ro code   0x800'4ec8    0x20  system_stm32f4xx.o [1]
  .text              ro code   0x800'4ee8    0x1e  cmain.o [4]
  .text              ro code   0x800'4f06     0x4  low_level_init.o [2]
  .text              ro code   0x800'4f0a     0x4  exit.o [2]
  .text              ro code   0x800'4f10     0xa  cexit.o [4]
  .text              ro code   0x800'4f1a    0x16  xprout.o [2]
  .text              ro code   0x800'4f30     0xc  putchar.o [2]
  .text              ro code   0x800'4f3c    0x10  startup_stm32f407xx.o [1]
  .text              ro code   0x800'4f4c     0xc  cstartup_M.o [4]
  .rodata            const     0x800'4f58     0x8  system_stm32f4xx.o [1]
  .rodata            const     0x800'4f60     0x4  xlocale_c.o [2]
  .text              ro code   0x800'4f64     0x4  startup_stm32f407xx.o [1]
  .text              ro code   0x800'4f68     0x4  startup_stm32f407xx.o [1]
  .text              ro code   0x800'4f6c     0x4  startup_stm32f407xx.o [1]
  .text              ro code   0x800'4f70     0x4  startup_stm32f407xx.o [1]
  .text              ro code   0x800'4f74     0x4  startup_stm32f407xx.o [1]
  .text              ro code   0x800'4f78     0x4  startup_stm32f407xx.o [1]
  .text              ro code   0x800'4f7c     0x4  startup_stm32f407xx.o [1]
  .text              ro code   0x800'4f80     0x4  startup_stm32f407xx.o [1]
  .text              ro code   0x800'4f84     0x4  startup_stm32f407xx.o [1]
  .text              ro code   0x800'4f88     0x4  startup_stm32f407xx.o [1]
  .text              ro code   0x800'4f8c     0x4  startup_stm32f407xx.o [1]
  .text              ro code   0x800'4f90     0x4  startup_stm32f407xx.o [1]
  .text              ro code   0x800'4f94     0x4  startup_stm32f407xx.o [1]
  .text              ro code   0x800'4f98     0x4  startup_stm32f407xx.o [1]
  .text              ro code   0x800'4f9c     0x4  startup_stm32f407xx.o [1]
  .text              ro code   0x800'4fa0     0x4  startup_stm32f407xx.o [1]
  .text              ro code   0x800'4fa4     0x4  startup_stm32f407xx.o [1]
  .text              ro code   0x800'4fa8     0x4  startup_stm32f407xx.o [1]
  .text              ro code   0x800'4fac     0x4  startup_stm32f407xx.o [1]
  .text              ro code   0x800'4fb0     0x4  startup_stm32f407xx.o [1]
  .text              ro code   0x800'4fb4     0x4  startup_stm32f407xx.o [1]
  .text              ro code   0x800'4fb8     0x4  startup_stm32f407xx.o [1]
  .text              ro code   0x800'4fbc     0x4  startup_stm32f407xx.o [1]
  .text              ro code   0x800'4fc0     0x4  startup_stm32f407xx.o [1]
  .text              ro code   0x800'4fc4     0x4  startup_stm32f407xx.o [1]
  .text              ro code   0x800'4fc8     0x4  startup_stm32f407xx.o [1]
  .text              ro code   0x800'4fcc     0x4  startup_stm32f407xx.o [1]
  .text              ro code   0x800'4fd0     0x4  startup_stm32f407xx.o [1]
  .text              ro code   0x800'4fd4     0x4  startup_stm32f407xx.o [1]
  .text              ro code   0x800'4fd8     0x4  startup_stm32f407xx.o [1]
  .text              ro code   0x800'4fdc     0x4  startup_stm32f407xx.o [1]
  .text              ro code   0x800'4fe0     0x4  startup_stm32f407xx.o [1]
  .text              ro code   0x800'4fe4     0x4  startup_stm32f407xx.o [1]
  .text              ro code   0x800'4fe8     0x4  startup_stm32f407xx.o [1]
  .text              ro code   0x800'4fec     0x4  startup_stm32f407xx.o [1]
  .text              ro code   0x800'4ff0     0x4  startup_stm32f407xx.o [1]
  .text              ro code   0x800'4ff4     0x4  startup_stm32f407xx.o [1]
  .text              ro code   0x800'4ff8     0x4  startup_stm32f407xx.o [1]
  .text              ro code   0x800'4ffc     0x4  startup_stm32f407xx.o [1]
  .text              ro code   0x800'5000     0x4  startup_stm32f407xx.o [1]
  .text              ro code   0x800'5004     0x4  startup_stm32f407xx.o [1]
  .text              ro code   0x800'5008     0x4  startup_stm32f407xx.o [1]
  .text              ro code   0x800'500c     0x4  startup_stm32f407xx.o [1]
  .text              ro code   0x800'5010     0x4  startup_stm32f407xx.o [1]
  .text              ro code   0x800'5014     0x4  startup_stm32f407xx.o [1]
  .text              ro code   0x800'5018     0x4  startup_stm32f407xx.o [1]
  .text              ro code   0x800'501c     0x4  startup_stm32f407xx.o [1]
  .text              ro code   0x800'5020     0x4  startup_stm32f407xx.o [1]
  .text              ro code   0x800'5024     0x4  startup_stm32f407xx.o [1]
  .text              ro code   0x800'5028     0x4  startup_stm32f407xx.o [1]
  .text              ro code   0x800'502c     0x4  startup_stm32f407xx.o [1]
  .text              ro code   0x800'5030     0x4  startup_stm32f407xx.o [1]
  .text              ro code   0x800'5034     0x4  startup_stm32f407xx.o [1]
  .text              ro code   0x800'5038     0x4  startup_stm32f407xx.o [1]
  .text              ro code   0x800'503c     0x4  startup_stm32f407xx.o [1]
  .text              ro code   0x800'5040     0x4  startup_stm32f407xx.o [1]
  .text              ro code   0x800'5044     0x4  startup_stm32f407xx.o [1]
  .text              ro code   0x800'5048     0x4  startup_stm32f407xx.o [1]
  .text              ro code   0x800'504c     0x4  startup_stm32f407xx.o [1]
  .text              ro code   0x800'5050     0x4  startup_stm32f407xx.o [1]
  .text              ro code   0x800'5054     0x4  startup_stm32f407xx.o [1]
  .text              ro code   0x800'5058     0x4  startup_stm32f407xx.o [1]
  .text              ro code   0x800'505c     0x4  startup_stm32f407xx.o [1]
  .text              ro code   0x800'5060     0x4  startup_stm32f407xx.o [1]
  .text              ro code   0x800'5064     0x4  startup_stm32f407xx.o [1]
  .text              ro code   0x800'5068     0x4  startup_stm32f407xx.o [1]
  .text              ro code   0x800'506c     0x4  startup_stm32f407xx.o [1]
  .text              ro code   0x800'5070     0x4  startup_stm32f407xx.o [1]
  .text              ro code   0x800'5074     0x4  startup_stm32f407xx.o [1]
  .text              ro code   0x800'5078     0x4  startup_stm32f407xx.o [1]
  .text              ro code   0x800'507c     0x4  startup_stm32f407xx.o [1]
  .text              ro code   0x800'5080     0x4  startup_stm32f407xx.o [1]
  .text              ro code   0x800'5084     0x4  startup_stm32f407xx.o [1]
  .text              ro code   0x800'5088     0x4  startup_stm32f407xx.o [1]
  .rodata            const     0x800'508c     0x0  zero_init3.o [4]
  .rodata            const     0x800'508c     0x0  packbits_init_single.o [4]
  Initializer bytes  const     0x800'508c    0x64  <for P2-1>
                             - 0x800'50f0  0x4f68

"P2", part 1 of 3:                           0x90
  P2-1                        0x2000'0000    0x90  <Init block>
    .data            inited   0x2000'0000     0xc  stm32f4xx_hal.o [1]
    .data            inited   0x2000'000c     0x4  system_stm32f4xx.o [1]
    .data            inited   0x2000'0010    0x38  xlocale_c.o [2]
    .data            inited   0x2000'0048    0x48  xfiles.o [2]
                            - 0x2000'0090    0x90

"P2", part 2 of 3:                          0x528
  .bss               zero     0x2000'0090   0x3c8  main.o [1]
  .bss               zero     0x2000'0458    0x60  main.o [1]
  .bss               zero     0x2000'04b8    0x60  main.o [1]
  .bss               zero     0x2000'0518    0x50  xfiles.o [2]
  .bss               zero     0x2000'0568    0x48  main.o [1]
  .bss               zero     0x2000'05b0     0x4  stm32f4xx_hal_msp.o [1]
  .bss               zero     0x2000'05b4     0x4  xfail_s.o [2]
                            - 0x2000'05b8   0x528

"P2", part 3 of 3:                          0x400
  CSTACK                      0x2000'05b8   0x400  <Block>
    CSTACK           uninit   0x2000'05b8   0x400  <Block tail>
                            - 0x2000'09b8   0x400

Unused ranges:

         From           To      Size
         ----           --      ----
   0x800'50f0   0x80f'ffff  0xf'af10
  0x2000'09b8  0x2001'ffff  0x1'f648


*******************************************************************************
*** INIT TABLE
***

          Address      Size
          -------      ----
Zero (__iar_zero_init3)
    1 destination range, total size 0x528:
          0x2000'0090  0x528

Copy/packbits (__iar_packbits_init_single3)
    1 source range, total size 0x64 (69% of destination):
           0x800'508c   0x64
    1 destination range, total size 0x90:
          0x2000'0000   0x90



*******************************************************************************
*** MODULE SUMMARY
***

    Module                  ro code  ro data  rw data
    ------                  -------  -------  -------
command line/config:
    -------------------------------------------------
    Total:

C:\Users\sonartech\Desktop\Yang\Interface CPU BRD\ADC\EWARM\Test\Obj: [1]
    main.o                    2 240             1 232
    startup_stm32f407xx.o       704
    stm32f4xx_hal.o             184        8       12
    stm32f4xx_hal_adc.o       1 752
    stm32f4xx_hal_adc_ex.o        2
    stm32f4xx_hal_cortex.o      196
    stm32f4xx_hal_dma.o       1 020
    stm32f4xx_hal_gpio.o        522
    stm32f4xx_hal_i2c.o         336
    stm32f4xx_hal_msp.o       1 656                 4
    stm32f4xx_hal_rcc.o       1 244
    stm32f4xx_hal_spi.o         200
    stm32f4xx_hal_sram.o         88
    stm32f4xx_hal_tim.o       1 158
    stm32f4xx_hal_tim_ex.o      140
    stm32f4xx_hal_uart.o      1 652
    stm32f4xx_it.o               76
    stm32f4xx_ll_fsmc.o         236
    system_stm32f4xx.o           32       11        4
    -------------------------------------------------
    Total:                   13 438       19    1 252

dl7M_tlf.a: [2]
    abort.o                       6
    exit.o                        4
    low_level_init.o              4
    printf.o                     40
    putchar.o                    12
    xfail_s.o                    64                 4
    xfiles.o                              50      152
    xlocale_c.o                   8       43       56
    xprintffull_nomb.o        3 570
    xprout.o                     22
    -------------------------------------------------
    Total:                    3 730       93      212

m7M_tls.a: [3]
    DblAdd.o                    378
    DblCmpGe.o                   46
    DblCmpLe.o                   46
    DblDiv.o                    582
    DblMul.o                    418
    DblSub.o                    226
    DblToFlt.o                  104
    DblToS32.o                   58
    DblToU32.o                   40
    FltToDbl.o                   72
    S32ToDbl.o                   34
    U32ToDbl.o                   26
    fpinit_M.o                   34
    frexp.o                     112
    ldexp.o                     314
    -------------------------------------------------
    Total:                    2 490

rt7M_tl.a: [4]
    ABImemclr4.o                  6
    ABImemcpy.o                 166
    ABImemset48.o                50
    I64DivMod_small.o           262
    I64DivZer.o                   2
    cexit.o                      10
    cmain.o                      30
    cstartup_M.o                 12
    data_init.o                  40
    memchr.o                     88
    packbits_init_single.o       56
    strchr.o                     22
    strlen.o                     54
    zero_init3.o                 58
    -------------------------------------------------
    Total:                      856

shb_l.a: [5]
    exit.o                       20
    -------------------------------------------------
    Total:                       20

    Gaps                         40        2
    Linker created                        32    1 024
-----------------------------------------------------
    Grand Total:             20 574      146    2 488


*******************************************************************************
*** ENTRY LIST
***

Entry                       Address   Size  Type      Object
-----                       -------   ----  ----      ------
.iar.init_table$$Base    0x800'4ea8          --   Gb  - Linker created -
.iar.init_table$$Limit   0x800'4ec8          --   Gb  - Linker created -
?main                    0x800'4ee9         Code  Gb  cmain.o [4]
ADC_DMAConvCplt          0x800'30ed   0x66  Code  Lc  stm32f4xx_hal_adc.o [1]
ADC_DMAError             0x800'315d   0x12  Code  Lc  stm32f4xx_hal_adc.o [1]
ADC_DMAHalfConvCplt      0x800'3155    0x6  Code  Lc  stm32f4xx_hal_adc.o [1]
ADC_IRQHandler           0x800'4de9    0x6  Code  Gb  stm32f4xx_it.o [1]
ADC_Init                 0x800'2fcd   0xf8  Code  Lc  stm32f4xx_hal_adc.o [1]
AHBPrescTable            0x800'4ed8   0x10  Data  Gb  system_stm32f4xx.o [1]
APBPrescTable            0x800'4f58    0x8  Data  Gb  system_stm32f4xx.o [1]
BusFault_Handler         0x800'4dcf    0x2  Code  Gb  stm32f4xx_it.o [1]
CSTACK$$Base            0x2000'05b8          --   Gb  - Linker created -
CSTACK$$Limit           0x2000'09b8          --   Gb  - Linker created -
DMA2_Stream0_IRQHandler
                         0x800'4e03    0x6  Code  Gb  stm32f4xx_it.o [1]
DMA_CalcBaseAndBitshift
                         0x800'4c29   0x26  Code  Lc  stm32f4xx_hal_dma.o [1]
DMA_CalcBaseAndBitshift::flagBitshiftOffset
                         0x800'4c50    0x8  Data  Lc  stm32f4xx_hal_dma.o [1]
DMA_SetConfig            0x800'4c09   0x20  Code  Lc  stm32f4xx_hal_dma.o [1]
DebugMon_Handler         0x800'4dd5    0x2  Code  Gb  stm32f4xx_it.o [1]
EXTI15_10_IRQHandler     0x800'4dfb    0x8  Code  Gb  stm32f4xx_it.o [1]
EXTI2_IRQHandler         0x800'4ddd    0x6  Code  Gb  stm32f4xx_it.o [1]
EXTI3_IRQHandler         0x800'4de3    0x6  Code  Gb  stm32f4xx_it.o [1]
EXTI9_5_IRQHandler       0x800'4def    0x6  Code  Gb  stm32f4xx_it.o [1]
Error_Handler            0x800'240b    0x4  Code  Gb  main.o [1]
FSMC_Initialized        0x2000'05b0    0x4  Data  Lc  stm32f4xx_hal_msp.o [1]
FSMC_NORSRAM_Extended_Timing_Init
                         0x800'4d83   0x3c  Code  Gb  stm32f4xx_ll_fsmc.o [1]
FSMC_NORSRAM_Init        0x800'4cdd   0x58  Code  Gb  stm32f4xx_ll_fsmc.o [1]
FSMC_NORSRAM_Timing_Init
                         0x800'4d43   0x40  Code  Gb  stm32f4xx_ll_fsmc.o [1]
HAL_ADCEx_InjectedConvCpltCallback
                         0x800'4c61    0x2  Code  Wk  stm32f4xx_hal_adc_ex.o [1]
HAL_ADC_ConfigChannel    0x800'2e99  0x10e  Code  Gb  stm32f4xx_hal_adc.o [1]
HAL_ADC_ConvCpltCallback
                         0x800'1b85   0x32  Code  Gb  main.o [1]
HAL_ADC_GetValue         0x800'2e93    0x6  Code  Gb  stm32f4xx_hal_adc.o [1]
HAL_ADC_IRQHandler       0x800'2c39  0x114  Code  Gb  stm32f4xx_hal_adc.o [1]
HAL_ADC_Init             0x800'2a9d   0x50  Code  Gb  stm32f4xx_hal_adc.o [1]
HAL_ADC_MspInit          0x800'39cf   0xd0  Code  Gb  stm32f4xx_hal_msp.o [1]
HAL_ADC_Start_DMA        0x800'2d59  0x13a  Code  Gb  stm32f4xx_hal_adc.o [1]
HAL_ADC_Start_IT         0x800'2aed   0x8e  Code  Gb  stm32f4xx_hal_adc.o [1]
HAL_DMA_Abort            0x800'49ad   0x86  Code  Gb  stm32f4xx_hal_dma.o [1]
HAL_DMA_Abort_IT         0x800'4a33   0x24  Code  Gb  stm32f4xx_hal_dma.o [1]
HAL_DMA_IRQHandler       0x800'4a57  0x192  Code  Gb  stm32f4xx_hal_dma.o [1]
HAL_DMA_Init             0x800'485d   0xee  Code  Gb  stm32f4xx_hal_dma.o [1]
HAL_DMA_Start_IT         0x800'494b   0x62  Code  Gb  stm32f4xx_hal_dma.o [1]
HAL_Delay                0x800'4141   0x28  Code  Wk  stm32f4xx_hal.o [1]
HAL_GPIO_EXTI_IRQHandler
                         0x800'480b   0x10  Code  Gb  stm32f4xx_hal_gpio.o [1]
HAL_GPIO_Init            0x800'4645  0x1be  Code  Gb  stm32f4xx_hal_gpio.o [1]
HAL_GPIO_WritePin        0x800'4803    0x8  Code  Gb  stm32f4xx_hal_gpio.o [1]
HAL_GetTick              0x800'4851    0xc  Code  Wk  stm32f4xx_hal.o [1]
HAL_I2C_Init             0x800'3269  0x12c  Code  Gb  stm32f4xx_hal_i2c.o [1]
HAL_I2C_MspInit          0x800'3a9f   0xc6  Code  Gb  stm32f4xx_hal_msp.o [1]
HAL_IncTick              0x800'4e15   0x10  Code  Wk  stm32f4xx_hal.o [1]
HAL_Init                 0x800'3171   0x30  Code  Gb  stm32f4xx_hal.o [1]
HAL_InitTick             0x800'4c69   0x40  Code  Wk  stm32f4xx_hal.o [1]
HAL_MspInit              0x800'3999   0x36  Code  Gb  stm32f4xx_hal_msp.o [1]
HAL_NVIC_EnableIRQ       0x800'3213   0x16  Code  Gb  stm32f4xx_hal_cortex.o [1]
HAL_NVIC_SetPriority     0x800'31d9   0x3a  Code  Gb  stm32f4xx_hal_cortex.o [1]
HAL_NVIC_SetPriorityGrouping
                         0x800'31bf   0x1a  Code  Gb  stm32f4xx_hal_cortex.o [1]
HAL_RCC_ClockConfig      0x800'4499  0x100  Code  Gb  stm32f4xx_hal_rcc.o [1]
HAL_RCC_GetPCLK1Freq     0x800'45a5   0x10  Code  Gb  stm32f4xx_hal_rcc.o [1]
HAL_RCC_GetPCLK2Freq     0x800'45b5    0xe  Code  Gb  stm32f4xx_hal_rcc.o [1]
HAL_RCC_OscConfig        0x800'4169  0x330  Code  Wk  stm32f4xx_hal_rcc.o [1]
HAL_SPI_Init             0x800'33b9   0xb4  Code  Gb  stm32f4xx_hal_spi.o [1]
HAL_SPI_MspInit          0x800'3b7b   0x60  Code  Gb  stm32f4xx_hal_msp.o [1]
HAL_SRAM_Init            0x800'4011   0x58  Code  Gb  stm32f4xx_hal_sram.o [1]
HAL_SRAM_MspInit         0x800'3eef   0x84  Code  Gb  stm32f4xx_hal_msp.o [1]
HAL_SYSTICK_Config       0x800'3229   0x28  Code  Gb  stm32f4xx_hal_cortex.o [1]
HAL_TIMEx_MasterConfigSynchronization
                         0x800'390d   0x6e  Code  Gb  stm32f4xx_hal_tim_ex.o [1]
HAL_TIM_Base_Init        0x800'3489   0x1a  Code  Gb  stm32f4xx_hal_tim.o [1]
HAL_TIM_Base_MspInit     0x800'3bf1   0x7e  Code  Gb  stm32f4xx_hal_msp.o [1]
HAL_TIM_ConfigClockSource
                         0x800'35b9   0xaa  Code  Gb  stm32f4xx_hal_tim.o [1]
HAL_TIM_MspPostInit      0x800'3c6f   0x98  Code  Gb  stm32f4xx_hal_msp.o [1]
HAL_TIM_PWM_ConfigChannel
                         0x800'34f5   0xb6  Code  Gb  stm32f4xx_hal_tim.o [1]
HAL_TIM_PWM_Init         0x800'34c9   0x1a  Code  Gb  stm32f4xx_hal_tim.o [1]
HAL_UART_IRQHandler      0x800'2573  0x258  Code  Gb  stm32f4xx_hal_uart.o [1]
HAL_UART_Init            0x800'2431   0x1e  Code  Gb  stm32f4xx_hal_uart.o [1]
HAL_UART_MspInit         0x800'3d11  0x1ac  Code  Gb  stm32f4xx_hal_msp.o [1]
HAL_UART_Transmit        0x800'24a7   0xb2  Code  Gb  stm32f4xx_hal_uart.o [1]
HardFault_Handler        0x800'4dcb    0x2  Code  Gb  stm32f4xx_it.o [1]
LoadInt                  0x800'0337   0x7a  Code  Lc  xprintffull_nomb.o [2]
MX_ADC1_Init             0x800'20c9   0xb6  Code  Lc  main.o [1]
MX_GPIO_Init             0x800'21ab  0x1b4  Code  Lc  main.o [1]
MemManage_Handler        0x800'4dcd    0x2  Code  Gb  stm32f4xx_it.o [1]
NMI_Handler              0x800'4dc9    0x2  Code  Gb  stm32f4xx_it.o [1]
PendSV_Handler           0x800'4dd7    0x2  Code  Gb  stm32f4xx_it.o [1]
Region$$Table$$Base      0x800'4ea8          --   Gb  - Linker created -
Region$$Table$$Limit     0x800'4ec8          --   Gb  - Linker created -
SVC_Handler              0x800'4dd3    0x2  Code  Gb  stm32f4xx_it.o [1]
SysTick_Handler          0x800'4dd9    0x4  Code  Gb  stm32f4xx_it.o [1]
SystemClock_Config       0x800'2033   0x96  Code  Gb  main.o [1]
SystemCoreClock         0x2000'000c    0x4  Data  Gb  system_stm32f4xx.o [1]
SystemInit               0x800'4ec9    0xc  Code  Gb  system_stm32f4xx.o [1]
TIM_Base_SetConfig       0x800'367d   0x96  Code  Gb  stm32f4xx_hal_tim.o [1]
TIM_ETR_SetConfig        0x800'38f3   0x14  Code  Gb  stm32f4xx_hal_tim.o [1]
TIM_ITRx_SetConfig       0x800'38e3   0x10  Code  Lc  stm32f4xx_hal_tim.o [1]
TIM_OC1_SetConfig        0x800'3713   0x58  Code  Lc  stm32f4xx_hal_tim.o [1]
TIM_OC2_SetConfig        0x800'376b   0x60  Code  Gb  stm32f4xx_hal_tim.o [1]
TIM_OC3_SetConfig        0x800'37cb   0x5e  Code  Lc  stm32f4xx_hal_tim.o [1]
TIM_OC4_SetConfig        0x800'3829   0x46  Code  Lc  stm32f4xx_hal_tim.o [1]
TIM_TI1_ConfigInputStage
                         0x800'38a1   0x1e  Code  Lc  stm32f4xx_hal_tim.o [1]
TIM_TI2_ConfigInputStage
                         0x800'38bf   0x24  Code  Lc  stm32f4xx_hal_tim.o [1]
UART_DMAAbortOnError     0x800'2901    0xc  Code  Lc  stm32f4xx_hal_uart.o [1]
UART_EndRxTransfer       0x800'28a1   0x60  Code  Lc  stm32f4xx_hal_uart.o [1]
UART_Receive_IT          0x800'290d   0xc6  Code  Lc  stm32f4xx_hal_uart.o [1]
UART_SetConfig           0x800'29d3   0xae  Code  Lc  stm32f4xx_hal_uart.o [1]
UART_WaitOnFlagUntilTimeout
                         0x800'280d   0x5e  Code  Lc  stm32f4xx_hal_uart.o [1]
USART2_IRQHandler        0x800'4df5    0x6  Code  Gb  stm32f4xx_it.o [1]
UsageFault_Handler       0x800'4dd1    0x2  Code  Gb  stm32f4xx_it.o [1]
_GenldFullNoMb           0x800'0c79  0x274  Code  Lc  xprintffull_nomb.o [2]
_LdtobFullNoMb           0x800'0875  0x3d6  Code  Lc  xprintffull_nomb.o [2]
_LitobFullNoMb           0x800'0725  0x10a  Code  Lc  xprintffull_nomb.o [2]
_Locale_lconv           0x2000'0010   0x38  Data  Lc  xlocale_c.o [2]
_PrintfFullNoMb          0x800'0189  0x19e  Code  Gb  xprintffull_nomb.o [2]
_Prout                   0x800'4f1b   0x16  Code  Gb  xprout.o [2]
_PutcharsFullNoMb        0x800'0eed   0x2e  Code  Lc  xprintffull_nomb.o [2]
_PutfldFullNoMb          0x800'03b1  0x268  Code  Lc  xprintffull_nomb.o [2]
_PuttxtFullNoMb          0x800'0619  0x10c  Code  Lc  xprintffull_nomb.o [2]
__NVIC_SetPriority       0x800'31a5   0x1a  Code  Lc  stm32f4xx_hal_cortex.o [1]
__aeabi_cdcmple          0x800'1461         Code  Gb  DblCmpLe.o [3]
__aeabi_cdrcmple         0x800'1491         Code  Gb  DblCmpGe.o [3]
__aeabi_d2f              0x800'40b1         Code  Gb  DblToFlt.o [3]
__aeabi_d2iz             0x800'15fd         Code  Gb  DblToS32.o [3]
__aeabi_d2uiz            0x800'1989         Code  Gb  DblToU32.o [3]
__aeabi_dadd             0x800'19e1         Code  Gb  DblAdd.o [3]
__aeabi_ddiv             0x800'1741         Code  Gb  DblDiv.o [3]
__aeabi_dmul             0x800'11a5         Code  Gb  DblMul.o [3]
__aeabi_dsub             0x800'165d         Code  Gb  DblSub.o [3]
__aeabi_f2d              0x800'4069         Code  Gb  FltToDbl.o [3]
__aeabi_i2d              0x800'1639         Code  Gb  S32ToDbl.o [3]
__aeabi_ldiv0            0x800'19dd         Code  Gb  I64DivZer.o [4]
__aeabi_memclr4          0x800'3481         Code  Gb  ABImemclr4.o [4]
__aeabi_memcpy           0x800'1349         Code  Gb  ABImemcpy.o [4]
__aeabi_memcpy4          0x800'1369         Code  Gb  ABImemcpy.o [4]
__aeabi_memcpy8          0x800'1369         Code  Gb  ABImemcpy.o [4]
__aeabi_ui2d             0x800'19b1         Code  Gb  U32ToDbl.o [3]
__cmain                  0x800'4ee9         Code  Gb  cmain.o [4]
__exit                   0x800'1b5d   0x14  Code  Gb  exit.o [5]
__iar_Fail_s             0x800'0fcd   0x1c  Code  Gb  xfail_s.o [2]
__iar_Memchr             0x800'1045         Code  Gb  memchr.o [4]
__iar_Memset4_word       0x800'4ca9         Code  Gb  ABImemset48.o [4]
__iar_Memset8_word       0x800'4ca9         Code  Gb  ABImemset48.o [4]
__iar_Stdout            0x2000'0048   0x48  Data  Gb  xfiles.o [2]
__iar_Strchr             0x800'0fb5         Code  Gb  strchr.o [4]
__iar_dadd               0x800'166d         Code  Gb  DblSub.o [3]
__iar_data_init3         0x800'4e5d   0x28  Code  Gb  data_init.o [4]
__iar_dsub               0x800'19f1         Code  Gb  DblAdd.o [3]
__iar_dsubStart          0x800'1a03         Code  Gb  DblAdd.o [3]
__iar_frexp              0x800'13fd         Code  Gb  frexp.o [3]
__iar_frexpl             0x800'13fd         Code  Gb  frexp.o [3]
__iar_init_vfp           0x800'4e85         Code  Gb  fpinit_M.o [3]
__iar_ldexp64            0x800'14c1         Code  Gb  ldexp.o [3]
__iar_packbits_init_single3
                         0x800'4e25   0x38  Code  Gb  packbits_init_single.o [4]
__iar_program_start      0x800'4f4d         Code  Gb  cstartup_M.o [4]
__iar_scalbln64          0x800'14c1         Code  Gb  ldexp.o [3]
__iar_scalbn64           0x800'14c1         Code  Gb  ldexp.o [3]
__iar_small_uldivmod     0x800'109d         Code  Gb  I64DivMod_small.o [4]
__iar_softfp___iar_frexp64
                         0x800'13f1         Code  Gb  frexp.o [3]
__iar_softfp_frexp       0x800'13f1         Code  Gb  frexp.o [3]
__iar_softfp_frexpl      0x800'13f1         Code  Gb  frexp.o [3]
__iar_zero_init3         0x800'0f7b   0x3a  Code  Gb  zero_init3.o [4]
__low_level_init         0x800'4f07    0x4  Code  Gb  low_level_init.o [2]
__vector_table           0x800'0000         Data  Gb  startup_stm32f407xx.o [1]
_call_main               0x800'4ef5         Code  Gb  cmain.o [4]
_exit                    0x800'4f11         Code  Gb  cexit.o [4]
_main                    0x800'4f03         Code  Gb  cmain.o [4]
abort                    0x800'19d5    0x6  Code  Gb  abort.o [2]
adcIndex                0x2000'04b8    0x1  Data  Gb  main.o [1]
adcVal                  0x2000'0500   0x18  Data  Gb  main.o [1]
adc_conv_flag           0x2000'04b9    0x1  Data  Gb  main.o [1]
exit                     0x800'4f0b    0x4  Code  Gb  exit.o [2]
fputc                    0x800'1b71   0x14  Code  Gb  main.o [1]
hadc1                   0x2000'0568   0x48  Data  Gb  main.o [1]
hdma_adc1               0x2000'0458   0x60  Data  Gb  main.o [1]
hi2c1                   0x2000'0138   0x54  Data  Gb  main.o [1]
hi2c3                   0x2000'018c   0x54  Data  Gb  main.o [1]
hspi2                   0x2000'00e0   0x58  Data  Gb  main.o [1]
hsram2                  0x2000'0090   0x50  Data  Gb  main.o [1]
htim13                  0x2000'03c4   0x48  Data  Gb  main.o [1]
htim14                  0x2000'040c   0x48  Data  Gb  main.o [1]
htim4                   0x2000'0334   0x48  Data  Gb  main.o [1]
htim6                   0x2000'037c   0x48  Data  Gb  main.o [1]
huart1                  0x2000'0268   0x44  Data  Gb  main.o [1]
huart2                  0x2000'04bc   0x44  Data  Gb  main.o [1]
huart3                  0x2000'02ac   0x44  Data  Gb  main.o [1]
huart4                  0x2000'01e0   0x44  Data  Gb  main.o [1]
huart5                  0x2000'0224   0x44  Data  Gb  main.o [1]
huart6                  0x2000'02f0   0x44  Data  Gb  main.o [1]
ldexp                    0x800'14c1         Code  Gb  ldexp.o [3]
ldexpl                   0x800'14c1         Code  Gb  ldexp.o [3]
localeconv               0x800'19cd    0x4  Code  Gb  xlocale_c.o [2]
main                     0x800'1bb9  0x43c  Code  Gb  main.o [1]
memchr                   0x800'1045         Code  Gb  memchr.o [4]
obuf                    0x2000'0518   0x50  Data  Lc  xfiles.o [2]
printf                   0x800'4119   0x28  Code  Gb  printf.o [2]
putchar                  0x800'4f31    0xc  Code  Gb  putchar.o [2]
scalbln                  0x800'14c1         Code  Gb  ldexp.o [3]
scalblnl                 0x800'14c1         Code  Gb  ldexp.o [3]
scalbn                   0x800'14c1         Code  Gb  ldexp.o [3]
scalbnl                  0x800'14c1         Code  Gb  ldexp.o [3]
scale                    0x800'082f   0x46  Code  Lc  xprintffull_nomb.o [2]
sec_hand                0x2000'05b4    0x4  Data  Lc  xfail_s.o [2]
strchr                   0x800'0fb5         Code  Gb  strchr.o [4]
strlen                   0x800'100d         Code  Gb  strlen.o [4]
temp1                   0x2000'0454    0x4  Data  Gb  main.o [1]
uwTick                  0x2000'0004    0x4  Data  Gb  stm32f4xx_hal.o [1]
uwTickFreq              0x2000'0000    0x1  Data  Gb  stm32f4xx_hal.o [1]
uwTickPrio              0x2000'0008    0x4  Data  Gb  stm32f4xx_hal.o [1]


[1] = C:\Users\sonartech\Desktop\Yang\Interface CPU BRD\ADC\EWARM\Test\Obj
[2] = dl7M_tlf.a
[3] = m7M_tls.a
[4] = rt7M_tl.a
[5] = shb_l.a

  20 574 bytes of readonly  code memory
     146 bytes of readonly  data memory
   2 488 bytes of readwrite data memory

Errors: none
Warnings: none
