###############################################################################
#
# IAR ELF Linker V8.32.3.193/W32 for ARM                  16/Sep/2022  10:55:15
# Copyright 2007-2019 IAR Systems AB.
#
#    Output file  =  
#        Z:\개발1팀\양재만\Interface CPU
#        BRD\FAN-I2C-USART-LAN\EWARM\Test\Exe\Test.out
#    Map file     =  
#        Z:\개발1팀\양재만\Interface CPU
#        BRD\FAN-I2C-USART-LAN\EWARM\Test\List\Test.map
#    Command line =  
#        -f C:\Users\SONART~1\AppData\Local\Temp\EW72FC.tmp
#        ("Z:\개발1팀\양재만\Interface CPU
#        BRD\FAN-I2C-USART-LAN\EWARM\Test\Obj\loopback.o"
#        "Z:\개발1팀\양재만\Interface CPU
#        BRD\FAN-I2C-USART-LAN\EWARM\Test\Obj\main.o"
#        "Z:\개발1팀\양재만\Interface CPU
#        BRD\FAN-I2C-USART-LAN\EWARM\Test\Obj\socket.o"
#        "Z:\개발1팀\양재만\Interface CPU
#        BRD\FAN-I2C-USART-LAN\EWARM\Test\Obj\startup_stm32f407xx.o"
#        "Z:\개발1팀\양재만\Interface CPU
#        BRD\FAN-I2C-USART-LAN\EWARM\Test\Obj\stm32f4xx_hal.o"
#        "Z:\개발1팀\양재만\Interface CPU
#        BRD\FAN-I2C-USART-LAN\EWARM\Test\Obj\stm32f4xx_hal_cortex.o"
#        "Z:\개발1팀\양재만\Interface CPU
#        BRD\FAN-I2C-USART-LAN\EWARM\Test\Obj\stm32f4xx_hal_dma.o"
#        "Z:\개발1팀\양재만\Interface CPU
#        BRD\FAN-I2C-USART-LAN\EWARM\Test\Obj\stm32f4xx_hal_dma_ex.o"
#        "Z:\개발1팀\양재만\Interface CPU
#        BRD\FAN-I2C-USART-LAN\EWARM\Test\Obj\stm32f4xx_hal_exti.o"
#        "Z:\개발1팀\양재만\Interface CPU
#        BRD\FAN-I2C-USART-LAN\EWARM\Test\Obj\stm32f4xx_hal_flash.o"
#        "Z:\개발1팀\양재만\Interface CPU
#        BRD\FAN-I2C-USART-LAN\EWARM\Test\Obj\stm32f4xx_hal_flash_ex.o"
#        "Z:\개발1팀\양재만\Interface CPU
#        BRD\FAN-I2C-USART-LAN\EWARM\Test\Obj\stm32f4xx_hal_flash_ramfunc.o"
#        "Z:\개발1팀\양재만\Interface CPU
#        BRD\FAN-I2C-USART-LAN\EWARM\Test\Obj\stm32f4xx_hal_gpio.o"
#        "Z:\개발1팀\양재만\Interface CPU
#        BRD\FAN-I2C-USART-LAN\EWARM\Test\Obj\stm32f4xx_hal_i2c.o"
#        "Z:\개발1팀\양재만\Interface CPU
#        BRD\FAN-I2C-USART-LAN\EWARM\Test\Obj\stm32f4xx_hal_i2c_ex.o"
#        "Z:\개발1팀\양재만\Interface CPU
#        BRD\FAN-I2C-USART-LAN\EWARM\Test\Obj\stm32f4xx_hal_msp.o"
#        "Z:\개발1팀\양재만\Interface CPU
#        BRD\FAN-I2C-USART-LAN\EWARM\Test\Obj\stm32f4xx_hal_pwr.o"
#        "Z:\개발1팀\양재만\Interface CPU
#        BRD\FAN-I2C-USART-LAN\EWARM\Test\Obj\stm32f4xx_hal_pwr_ex.o"
#        "Z:\개발1팀\양재만\Interface CPU
#        BRD\FAN-I2C-USART-LAN\EWARM\Test\Obj\stm32f4xx_hal_rcc.o"
#        "Z:\개발1팀\양재만\Interface CPU
#        BRD\FAN-I2C-USART-LAN\EWARM\Test\Obj\stm32f4xx_hal_rcc_ex.o"
#        "Z:\개발1팀\양재만\Interface CPU
#        BRD\FAN-I2C-USART-LAN\EWARM\Test\Obj\stm32f4xx_hal_spi.o"
#        "Z:\개발1팀\양재만\Interface CPU
#        BRD\FAN-I2C-USART-LAN\EWARM\Test\Obj\stm32f4xx_hal_sram.o"
#        "Z:\개발1팀\양재만\Interface CPU
#        BRD\FAN-I2C-USART-LAN\EWARM\Test\Obj\stm32f4xx_hal_tim.o"
#        "Z:\개발1팀\양재만\Interface CPU
#        BRD\FAN-I2C-USART-LAN\EWARM\Test\Obj\stm32f4xx_hal_tim_ex.o"
#        "Z:\개발1팀\양재만\Interface CPU
#        BRD\FAN-I2C-USART-LAN\EWARM\Test\Obj\stm32f4xx_hal_uart.o"
#        "Z:\개발1팀\양재만\Interface CPU
#        BRD\FAN-I2C-USART-LAN\EWARM\Test\Obj\stm32f4xx_it.o"
#        "Z:\개발1팀\양재만\Interface CPU
#        BRD\FAN-I2C-USART-LAN\EWARM\Test\Obj\stm32f4xx_ll_fsmc.o"
#        "Z:\개발1팀\양재만\Interface CPU
#        BRD\FAN-I2C-USART-LAN\EWARM\Test\Obj\system_stm32f4xx.o"
#        "Z:\개발1팀\양재만\Interface CPU
#        BRD\FAN-I2C-USART-LAN\EWARM\Test\Obj\w5300.o"
#        "Z:\개발1팀\양재만\Interface CPU
#        BRD\FAN-I2C-USART-LAN\EWARM\Test\Obj\wizchip_conf.o"
#        --no_out_extension -o "Z:\개발1팀\양재만\Interface CPU
#        BRD\FAN-I2C-USART-LAN\EWARM\Test\Exe\Test.out" --redirect
#        _Printf=_PrintfFullNoMb --redirect _Scanf=_ScanfFullNoMb --map
#        "Z:\개발1팀\양재만\Interface CPU
#        BRD\FAN-I2C-USART-LAN\EWARM\Test\List\Test.map" --config
#        "Z:\개발1팀\양재만\Interface CPU
#        BRD\FAN-I2C-USART-LAN\EWARM/stm32f407xx_flash.icf" --semihosting
#        --entry __iar_program_start --vfe --text_out locale)
#
###############################################################################

*******************************************************************************
*** RUNTIME MODEL ATTRIBUTES
***

CppFlavor       = *
__SystemLibrary = DLib
__dlib_version  = 6


*******************************************************************************
*** HEAP SELECTION
***

The basic heap was selected because no calls to memory allocation
functions were found in the application outside of system library
functions, and there are calls to deallocation functions in the
application.


*******************************************************************************
*** PLACEMENT SUMMARY
***

"A0":  place at 0x800'0000 { ro section .intvec };
"P1":  place in [from 0x800'0000 to 0x80f'ffff] { ro };
define block CSTACK with size = 1K, alignment = 8 { };
define block HEAP with size = 512, alignment = 8 { };
"P2":  place in [from 0x2000'0000 to 0x2001'ffff] {
          rw, block CSTACK, block HEAP };
initialize by copy { rw };

  Section            Kind         Address    Size  Object
  -------            ----         -------    ----  ------
"A0":                                       0x188
  .intvec            ro code   0x800'0000   0x188  startup_stm32f407xx.o [1]
                             - 0x800'0188   0x188

"P1":                                      0x5583
  .text              ro code   0x800'0188   0xdf2  xprintffull_nomb.o [2]
  .text              ro code   0x800'0f7a    0x3a  zero_init3.o [4]
  .text              ro code   0x800'0fb4    0x16  strchr.o [4]
  .text              ro code   0x800'0fca     0xa  xsprout.o [2]
  .text              ro code   0x800'0fd4    0x40  xfail_s.o [2]
  .text              ro code   0x800'1014    0x36  strlen.o [4]
  .text              ro code   0x800'104c    0x58  memchr.o [4]
  .text              ro code   0x800'10a4   0x106  I64DivMod_small.o [4]
  .text              ro code   0x800'11ac   0x1a2  DblMul.o [3]
  .text              ro code   0x800'1350    0xa6  ABImemcpy.o [4]
  .text              ro code   0x800'13f8    0x70  frexp.o [3]
  .text              ro code   0x800'1468    0x2e  DblCmpLe.o [3]
  .text              ro code   0x800'1498    0x2e  DblCmpGe.o [3]
  .text              ro code   0x800'14c8   0x13a  ldexp.o [3]
  .text              ro code   0x800'1604    0x3a  DblToS32.o [3]
  .text              ro code   0x800'1640    0x22  S32ToDbl.o [3]
  .text              ro code   0x800'1664    0xe2  DblSub.o [3]
  .text              ro code   0x800'1748   0x246  DblDiv.o [3]
  .text              ro code   0x800'1990    0x28  DblToU32.o [3]
  .text              ro code   0x800'19b8    0x1a  U32ToDbl.o [3]
  .text              ro code   0x800'19d4     0x8  xlocale_c.o [2]
  .text              ro code   0x800'19dc     0x6  abort.o [2]
  .text              ro code   0x800'19e4     0x2  I64DivZer.o [4]
  .text              ro code   0x800'19e8   0x16a  DblAdd.o [3]
  .text              ro code   0x800'1b54    0x14  exit.o [5]
  .text              ro code   0x800'1b68   0xa3c  main.o [1]
  .text              ro code   0x800'25a4   0x6d8  stm32f4xx_hal_uart.o [1]
  .text              ro code   0x800'2c7c    0x28  stm32f4xx_hal.o [1]
  .text              ro code   0x800'2ca4   0x1f4  stm32f4xx_hal_gpio.o [1]
  .text              ro code   0x800'2e98   0x47c  wizchip_conf.o [1]
  .text              ro code   0x800'3314    0x28  printf.o [2]
  .text              ro code   0x800'333c    0x3c  w5300.o [1]
  .text              ro code   0x800'3378     0x6  ABImemclr4.o [4]
  .text              ro code   0x800'3380   0xa28  stm32f4xx_hal_i2c.o [1]
  .text              ro code   0x800'3da8    0x48  FltToDbl.o [3]
  .text              ro code   0x800'3df0    0x68  DblToFlt.o [3]
  .text              ro code   0x800'3e58    0x40  sprintf.o [2]
  .text              ro code   0x800'3e98    0x34  stm32f4xx_hal.o [1]
  .text              ro code   0x800'3ecc    0xc8  stm32f4xx_hal_spi.o [1]
  .text              ro code   0x800'3f94   0x59e  stm32f4xx_hal_tim.o [1]
  .text              ro code   0x800'4534    0x8c  stm32f4xx_hal_tim_ex.o [1]
  .text              ro code   0x800'45c0   0x57c  stm32f4xx_hal_msp.o [1]
  .text              ro code   0x800'4b3c    0x58  stm32f4xx_hal_sram.o [1]
  .text              ro code   0x800'4b94   0x330  stm32f4xx_hal_rcc.o [1]
  .text              ro code   0x800'4ec4   0x1ac  stm32f4xx_hal_rcc.o [1]
  .text              ro code   0x800'5070     0xc  stm32f4xx_hal.o [1]
  .text              ro code   0x800'507c    0xb4  stm32f4xx_hal_dma.o [1]
  .text              ro code   0x800'5130     0x2  stm32f4xx_hal_uart.o [1]
  .text              ro code   0x800'5132     0x2  stm32f4xx_hal_uart.o [1]
  .text              ro code   0x800'5134     0x2  stm32f4xx_hal_uart.o [1]
  .text              ro code   0x800'5138    0x32  ABImemset48.o [4]
  .text              ro code   0x800'516c    0xc4  stm32f4xx_hal_cortex.o [1]
  .text              ro code   0x800'5230    0x40  stm32f4xx_hal.o [1]
  .text              ro code   0x800'5270     0x2  stm32f4xx_hal_tim.o [1]
  .text              ro code   0x800'5274    0xec  stm32f4xx_ll_fsmc.o [1]
  .text              ro code   0x800'5360    0x38  packbits_init_single.o [4]
  .rodata            const     0x800'5398    0x30  main.o [1]
  .rodata            const     0x800'53c8    0x28  main.o [1]
  .text              ro code   0x800'53f0    0x28  data_init.o [4]
  .text              ro code   0x800'5418    0x22  fpinit_M.o [3]
  .iar.init_table    const     0x800'543c    0x20  - Linker created -
  .text              ro code   0x800'545c    0x20  stm32f4xx_it.o [1]
  .text              ro code   0x800'547c    0x10  stm32f4xx_hal.o [1]
  .text              ro code   0x800'548c    0x20  system_stm32f4xx.o [1]
  .text              ro code   0x800'54ac    0x1e  cmain.o [4]
  .text              ro code   0x800'54ca     0x4  low_level_init.o [2]
  .text              ro code   0x800'54ce     0x4  exit.o [2]
  .text              ro code   0x800'54d4     0xa  cexit.o [4]
  .text              ro code   0x800'54de    0x16  xprout.o [2]
  .text              ro code   0x800'54f4     0xc  putchar.o [2]
  .text              ro code   0x800'5500    0x10  startup_stm32f407xx.o [1]
  .text              ro code   0x800'5510     0xc  cstartup_M.o [4]
  .rodata            const     0x800'551c     0x8  system_stm32f4xx.o [1]
  .rodata            const     0x800'5524     0x4  xlocale_c.o [2]
  .text              ro code   0x800'5528     0x4  startup_stm32f407xx.o [1]
  .text              ro code   0x800'552c     0x4  startup_stm32f407xx.o [1]
  .text              ro code   0x800'5530     0x4  startup_stm32f407xx.o [1]
  .text              ro code   0x800'5534     0x4  startup_stm32f407xx.o [1]
  .text              ro code   0x800'5538     0x4  startup_stm32f407xx.o [1]
  .text              ro code   0x800'553c     0x4  startup_stm32f407xx.o [1]
  .text              ro code   0x800'5540     0x4  startup_stm32f407xx.o [1]
  .text              ro code   0x800'5544     0x4  startup_stm32f407xx.o [1]
  .text              ro code   0x800'5548     0x4  startup_stm32f407xx.o [1]
  .text              ro code   0x800'554c     0x4  startup_stm32f407xx.o [1]
  .text              ro code   0x800'5550     0x4  startup_stm32f407xx.o [1]
  .text              ro code   0x800'5554     0x4  startup_stm32f407xx.o [1]
  .text              ro code   0x800'5558     0x4  startup_stm32f407xx.o [1]
  .text              ro code   0x800'555c     0x4  startup_stm32f407xx.o [1]
  .text              ro code   0x800'5560     0x4  startup_stm32f407xx.o [1]
  .text              ro code   0x800'5564     0x4  startup_stm32f407xx.o [1]
  .text              ro code   0x800'5568     0x4  startup_stm32f407xx.o [1]
  .text              ro code   0x800'556c     0x4  startup_stm32f407xx.o [1]
  .text              ro code   0x800'5570     0x4  startup_stm32f407xx.o [1]
  .text              ro code   0x800'5574     0x4  startup_stm32f407xx.o [1]
  .text              ro code   0x800'5578     0x4  startup_stm32f407xx.o [1]
  .text              ro code   0x800'557c     0x4  startup_stm32f407xx.o [1]
  .text              ro code   0x800'5580     0x4  startup_stm32f407xx.o [1]
  .text              ro code   0x800'5584     0x4  startup_stm32f407xx.o [1]
  .text              ro code   0x800'5588     0x4  startup_stm32f407xx.o [1]
  .text              ro code   0x800'558c     0x4  startup_stm32f407xx.o [1]
  .text              ro code   0x800'5590     0x4  startup_stm32f407xx.o [1]
  .text              ro code   0x800'5594     0x4  startup_stm32f407xx.o [1]
  .text              ro code   0x800'5598     0x4  startup_stm32f407xx.o [1]
  .text              ro code   0x800'559c     0x4  startup_stm32f407xx.o [1]
  .text              ro code   0x800'55a0     0x4  startup_stm32f407xx.o [1]
  .text              ro code   0x800'55a4     0x4  startup_stm32f407xx.o [1]
  .text              ro code   0x800'55a8     0x4  startup_stm32f407xx.o [1]
  .text              ro code   0x800'55ac     0x4  startup_stm32f407xx.o [1]
  .text              ro code   0x800'55b0     0x4  startup_stm32f407xx.o [1]
  .text              ro code   0x800'55b4     0x4  startup_stm32f407xx.o [1]
  .text              ro code   0x800'55b8     0x4  startup_stm32f407xx.o [1]
  .text              ro code   0x800'55bc     0x4  startup_stm32f407xx.o [1]
  .text              ro code   0x800'55c0     0x4  startup_stm32f407xx.o [1]
  .text              ro code   0x800'55c4     0x4  startup_stm32f407xx.o [1]
  .text              ro code   0x800'55c8     0x4  startup_stm32f407xx.o [1]
  .text              ro code   0x800'55cc     0x4  startup_stm32f407xx.o [1]
  .text              ro code   0x800'55d0     0x4  startup_stm32f407xx.o [1]
  .text              ro code   0x800'55d4     0x4  startup_stm32f407xx.o [1]
  .text              ro code   0x800'55d8     0x4  startup_stm32f407xx.o [1]
  .text              ro code   0x800'55dc     0x4  startup_stm32f407xx.o [1]
  .text              ro code   0x800'55e0     0x4  startup_stm32f407xx.o [1]
  .text              ro code   0x800'55e4     0x4  startup_stm32f407xx.o [1]
  .text              ro code   0x800'55e8     0x4  startup_stm32f407xx.o [1]
  .text              ro code   0x800'55ec     0x4  startup_stm32f407xx.o [1]
  .text              ro code   0x800'55f0     0x4  startup_stm32f407xx.o [1]
  .text              ro code   0x800'55f4     0x4  startup_stm32f407xx.o [1]
  .text              ro code   0x800'55f8     0x4  startup_stm32f407xx.o [1]
  .text              ro code   0x800'55fc     0x4  startup_stm32f407xx.o [1]
  .text              ro code   0x800'5600     0x4  startup_stm32f407xx.o [1]
  .text              ro code   0x800'5604     0x4  startup_stm32f407xx.o [1]
  .text              ro code   0x800'5608     0x4  startup_stm32f407xx.o [1]
  .text              ro code   0x800'560c     0x4  startup_stm32f407xx.o [1]
  .text              ro code   0x800'5610     0x4  startup_stm32f407xx.o [1]
  .text              ro code   0x800'5614     0x4  startup_stm32f407xx.o [1]
  .text              ro code   0x800'5618     0x4  startup_stm32f407xx.o [1]
  .text              ro code   0x800'561c     0x4  startup_stm32f407xx.o [1]
  .text              ro code   0x800'5620     0x4  startup_stm32f407xx.o [1]
  .text              ro code   0x800'5624     0x4  startup_stm32f407xx.o [1]
  .text              ro code   0x800'5628     0x4  startup_stm32f407xx.o [1]
  .text              ro code   0x800'562c     0x4  startup_stm32f407xx.o [1]
  .text              ro code   0x800'5630     0x4  startup_stm32f407xx.o [1]
  .text              ro code   0x800'5634     0x4  startup_stm32f407xx.o [1]
  .text              ro code   0x800'5638     0x4  startup_stm32f407xx.o [1]
  .text              ro code   0x800'563c     0x4  startup_stm32f407xx.o [1]
  .text              ro code   0x800'5640     0x4  startup_stm32f407xx.o [1]
  .text              ro code   0x800'5644     0x4  startup_stm32f407xx.o [1]
  .text              ro code   0x800'5648     0x4  startup_stm32f407xx.o [1]
  .text              ro code   0x800'564c     0x4  startup_stm32f407xx.o [1]
  .text              ro code   0x800'5650     0x4  startup_stm32f407xx.o [1]
  .text              ro code   0x800'5654     0x4  startup_stm32f407xx.o [1]
  .text              ro code   0x800'5658     0x4  startup_stm32f407xx.o [1]
  .text              ro code   0x800'565c     0x4  startup_stm32f407xx.o [1]
  .text              ro code   0x800'5660     0x4  startup_stm32f407xx.o [1]
  .text              ro code   0x800'5664     0x4  startup_stm32f407xx.o [1]
  .rodata            const     0x800'5668     0x0  zero_init3.o [4]
  .rodata            const     0x800'5668     0x0  packbits_init_single.o [4]
  Initializer bytes  const     0x800'5668    0xa3  <for P2-1>
                             - 0x800'570b  0x5583

"P2", part 1 of 3:                           0xe4
  P2-1                        0x2000'0000    0xe4  <Init block>
    .data            inited   0x2000'0000    0x28  main.o [1]
    .data            inited   0x2000'0028     0xc  stm32f4xx_hal.o [1]
    .data            inited   0x2000'0034     0x4  system_stm32f4xx.o [1]
    .data            inited   0x2000'0038    0x2c  wizchip_conf.o [1]
    .data            inited   0x2000'0064    0x38  xlocale_c.o [2]
    .data            inited   0x2000'009c    0x48  xfiles.o [2]
                            - 0x2000'00e4    0xe4

"P2", part 2 of 3:                          0x430
  .bss               zero     0x2000'00e4   0x2dc  main.o [1]
  .bss               zero     0x2000'03c0    0x54  main.o [1]
  .bss               zero     0x2000'0414    0x54  main.o [1]
  .bss               zero     0x2000'0468    0x50  xfiles.o [2]
  .bss               zero     0x2000'04b8    0x4c  main.o [1]
  .bss               zero     0x2000'0504     0x5  wizchip_conf.o [1]
  .bss               zero     0x2000'050c     0x4  stm32f4xx_hal_msp.o [1]
  .bss               zero     0x2000'0510     0x4  xfail_s.o [2]
                            - 0x2000'0514   0x430

"P2", part 3 of 3:                          0x400
  CSTACK                      0x2000'0518   0x400  <Block>
    CSTACK           uninit   0x2000'0518   0x400  <Block tail>
                            - 0x2000'0918   0x400

Unused ranges:

         From           To      Size
         ----           --      ----
   0x800'570b   0x80f'ffff  0xf'a8f5
  0x2000'0514  0x2000'0517       0x4
  0x2000'0918  0x2001'ffff  0x1'f6e8


*******************************************************************************
*** INIT TABLE
***

          Address      Size
          -------      ----
Zero (__iar_zero_init3)
    1 destination range, total size 0x430:
          0x2000'00e4  0x430

Copy/packbits (__iar_packbits_init_single3)
    1 source range, total size 0xa3 (71% of destination):
           0x800'5668   0xa3
    1 destination range, total size 0xe4:
          0x2000'0000   0xe4



*******************************************************************************
*** MODULE SUMMARY
***

    Module                  ro code  ro data  rw data
    ------                  -------  -------  -------
command line/config:
    -------------------------------------------------
    Total:

Z:\개발1팀\양재만\Interface CPU BRD\FAN-I2C-USART-LAN\EWARM\Test\Obj: [1]
    main.o                    2 620      116    1 016
    startup_stm32f407xx.o       728
    stm32f4xx_hal.o             184        9       12
    stm32f4xx_hal_cortex.o      196
    stm32f4xx_hal_dma.o         180
    stm32f4xx_hal_gpio.o        500
    stm32f4xx_hal_i2c.o       2 600
    stm32f4xx_hal_msp.o       1 404                 4
    stm32f4xx_hal_rcc.o       1 244
    stm32f4xx_hal_spi.o         200
    stm32f4xx_hal_sram.o         88
    stm32f4xx_hal_tim.o       1 440
    stm32f4xx_hal_tim_ex.o      140
    stm32f4xx_hal_uart.o      1 758
    stm32f4xx_it.o               32
    stm32f4xx_ll_fsmc.o         236
    system_stm32f4xx.o           32       11        4
    w5300.o                      60
    wizchip_conf.o            1 148       31       49
    -------------------------------------------------
    Total:                   14 790      167    1 085

dl7M_tlf.a: [2]
    abort.o                       6
    exit.o                        4
    low_level_init.o              4
    printf.o                     40
    putchar.o                    12
    sprintf.o                    64
    xfail_s.o                    64                 4
    xfiles.o                              52      152
    xlocale_c.o                   8       44       56
    xprintffull_nomb.o        3 570
    xprout.o                     22
    xsprout.o                    10
    -------------------------------------------------
    Total:                    3 804       96      212

m7M_tls.a: [3]
    DblAdd.o                    362
    DblCmpGe.o                   46
    DblCmpLe.o                   46
    DblDiv.o                    582
    DblMul.o                    418
    DblSub.o                    226
    DblToFlt.o                  104
    DblToS32.o                   58
    DblToU32.o                   40
    FltToDbl.o                   72
    S32ToDbl.o                   34
    U32ToDbl.o                   26
    fpinit_M.o                   34
    frexp.o                     112
    ldexp.o                     314
    -------------------------------------------------
    Total:                    2 474

rt7M_tl.a: [4]
    ABImemclr4.o                  6
    ABImemcpy.o                 166
    ABImemset48.o                50
    I64DivMod_small.o           262
    I64DivZer.o                   2
    cexit.o                      10
    cmain.o                      30
    cstartup_M.o                 12
    data_init.o                  40
    memchr.o                     88
    packbits_init_single.o       56
    strchr.o                     22
    strlen.o                     54
    zero_init3.o                 58
    -------------------------------------------------
    Total:                      856

shb_l.a: [5]
    exit.o                       20
    -------------------------------------------------
    Total:                       20

    Gaps                         42        2        3
    Linker created                        32    1 024
-----------------------------------------------------
    Grand Total:             21 986      297    2 324


*******************************************************************************
*** ENTRY LIST
***

Entry                       Address   Size  Type      Object
-----                       -------   ----  ----      ------
.iar.init_table$$Base    0x800'543c          --   Gb  - Linker created -
.iar.init_table$$Limit   0x800'545c          --   Gb  - Linker created -
?main                    0x800'54ad         Code  Gb  cmain.o [4]
AHBPrescTable            0x800'549c   0x10  Data  Gb  system_stm32f4xx.o [1]
APBPrescTable            0x800'551c    0x8  Data  Gb  system_stm32f4xx.o [1]
BusFault_Handler         0x800'5463    0x2  Code  Gb  stm32f4xx_it.o [1]
CSTACK$$Base            0x2000'0518          --   Gb  - Linker created -
CSTACK$$Limit           0x2000'0918          --   Gb  - Linker created -
DebugMon_Handler         0x800'5469    0x2  Code  Gb  stm32f4xx_it.o [1]
Error_Handler            0x800'24db    0x4  Code  Gb  main.o [1]
FSMC_Initialized        0x2000'050c    0x4  Data  Lc  stm32f4xx_hal_msp.o [1]
FSMC_NORSRAM_Extended_Timing_Init
                         0x800'531b   0x3c  Code  Gb  stm32f4xx_ll_fsmc.o [1]
FSMC_NORSRAM_Init        0x800'5275   0x58  Code  Gb  stm32f4xx_ll_fsmc.o [1]
FSMC_NORSRAM_Timing_Init
                         0x800'52db   0x40  Code  Gb  stm32f4xx_ll_fsmc.o [1]
HAL_DMA_Abort            0x800'507d   0x86  Code  Gb  stm32f4xx_hal_dma.o [1]
HAL_DMA_Abort_IT         0x800'5103   0x24  Code  Gb  stm32f4xx_hal_dma.o [1]
HAL_Delay                0x800'2c7d   0x28  Code  Wk  stm32f4xx_hal.o [1]
HAL_GPIO_Init            0x800'2ca5  0x1be  Code  Gb  stm32f4xx_hal_gpio.o [1]
HAL_GPIO_WritePin        0x800'2e63    0x8  Code  Gb  stm32f4xx_hal_gpio.o [1]
HAL_GetTick              0x800'5071    0xc  Code  Wk  stm32f4xx_hal.o [1]
HAL_I2C_Init             0x800'3381  0x12c  Code  Gb  stm32f4xx_hal_i2c.o [1]
HAL_I2C_Master_Receive   0x800'3563   0xda  Code  Gb  stm32f4xx_hal_i2c.o [1]
HAL_I2C_Master_Transmit
                         0x800'34b9   0xaa  Code  Gb  stm32f4xx_hal_i2c.o [1]
HAL_I2C_Mem_Read         0x800'36fb   0xfe  Code  Gb  stm32f4xx_hal_i2c.o [1]
HAL_I2C_MspInit          0x800'45f7   0xca  Code  Gb  stm32f4xx_hal_msp.o [1]
HAL_IncTick              0x800'547d   0x10  Code  Wk  stm32f4xx_hal.o [1]
HAL_Init                 0x800'3e99   0x30  Code  Gb  stm32f4xx_hal.o [1]
HAL_InitTick             0x800'5231   0x40  Code  Wk  stm32f4xx_hal.o [1]
HAL_MspInit              0x800'45c1   0x36  Code  Gb  stm32f4xx_hal_msp.o [1]
HAL_NVIC_EnableIRQ       0x800'51db   0x16  Code  Gb  stm32f4xx_hal_cortex.o [1]
HAL_NVIC_SetPriority     0x800'51a1   0x3a  Code  Gb  stm32f4xx_hal_cortex.o [1]
HAL_NVIC_SetPriorityGrouping
                         0x800'5187   0x1a  Code  Gb  stm32f4xx_hal_cortex.o [1]
HAL_RCC_ClockConfig      0x800'4ec5  0x100  Code  Gb  stm32f4xx_hal_rcc.o [1]
HAL_RCC_GetPCLK1Freq     0x800'4fd1   0x10  Code  Gb  stm32f4xx_hal_rcc.o [1]
HAL_RCC_GetPCLK2Freq     0x800'4fe1    0xe  Code  Gb  stm32f4xx_hal_rcc.o [1]
HAL_RCC_OscConfig        0x800'4b95  0x330  Code  Wk  stm32f4xx_hal_rcc.o [1]
HAL_SPI_Init             0x800'3ecd   0xb4  Code  Gb  stm32f4xx_hal_spi.o [1]
HAL_SPI_MspInit          0x800'46d3   0x6c  Code  Gb  stm32f4xx_hal_msp.o [1]
HAL_SRAM_Init            0x800'4b3d   0x58  Code  Gb  stm32f4xx_hal_sram.o [1]
HAL_SRAM_MspInit         0x800'4a41   0x86  Code  Gb  stm32f4xx_hal_msp.o [1]
HAL_SYSTICK_Config       0x800'51f1   0x28  Code  Gb  stm32f4xx_hal_cortex.o [1]
HAL_TIMEx_MasterConfigSynchronization
                         0x800'4535   0x6e  Code  Gb  stm32f4xx_hal_tim_ex.o [1]
HAL_TIM_Base_Init        0x800'3f95   0x1a  Code  Gb  stm32f4xx_hal_tim.o [1]
HAL_TIM_Base_MspInit     0x800'473f   0x62  Code  Gb  stm32f4xx_hal_msp.o [1]
HAL_TIM_ConfigClockSource
                         0x800'41cb   0xaa  Code  Gb  stm32f4xx_hal_tim.o [1]
HAL_TIM_MspPostInit      0x800'47a1   0x92  Code  Gb  stm32f4xx_hal_msp.o [1]
HAL_TIM_PWM_ConfigChannel
                         0x800'4107   0xb6  Code  Gb  stm32f4xx_hal_tim.o [1]
HAL_TIM_PWM_Init         0x800'3fd5   0x1a  Code  Gb  stm32f4xx_hal_tim.o [1]
HAL_TIM_PWM_Start        0x800'3fef   0x9a  Code  Gb  stm32f4xx_hal_tim.o [1]
HAL_UART_IRQHandler      0x800'2717  0x258  Code  Gb  stm32f4xx_hal_uart.o [1]
HAL_UART_Init            0x800'25a5   0x1e  Code  Gb  stm32f4xx_hal_uart.o [1]
HAL_UART_MspInit         0x800'4849  0x1ac  Code  Gb  stm32f4xx_hal_msp.o [1]
HAL_UART_Receive_IT      0x800'26cd   0x30  Code  Gb  stm32f4xx_hal_uart.o [1]
HAL_UART_RxCpltCallback
                         0x800'1e45   0x2c  Code  Gb  main.o [1]
HAL_UART_Transmit        0x800'261b   0xb2  Code  Gb  stm32f4xx_hal_uart.o [1]
HardFault_Handler        0x800'545f    0x2  Code  Gb  stm32f4xx_it.o [1]
I2C_IsAcknowledgeFailed
                         0x800'3d7d   0x2c  Code  Lc  stm32f4xx_hal_i2c.o [1]
I2C_MasterRequestRead    0x800'39ff   0xc0  Code  Lc  stm32f4xx_hal_i2c.o [1]
I2C_MasterRequestWrite   0x800'395f   0x88  Code  Lc  stm32f4xx_hal_i2c.o [1]
I2C_READ                 0x800'1d1d  0x11e  Code  Gb  main.o [1]
I2C_RequestMemoryRead    0x800'3ae1   0xa6  Code  Lc  stm32f4xx_hal_i2c.o [1]
I2C_WaitOnBTFFlagUntilTimeout
                         0x800'3ced   0x38  Code  Lc  stm32f4xx_hal_i2c.o [1]
I2C_WaitOnFlagUntilTimeout
                         0x800'3bd1   0x50  Code  Lc  stm32f4xx_hal_i2c.o [1]
I2C_WaitOnMasterAddressFlagUntilTimeout
                         0x800'3c21   0x78  Code  Lc  stm32f4xx_hal_i2c.o [1]
I2C_WaitOnRXNEFlagUntilTimeout
                         0x800'3d25   0x44  Code  Lc  stm32f4xx_hal_i2c.o [1]
I2C_WaitOnTXEFlagUntilTimeout
                         0x800'3c99   0x38  Code  Lc  stm32f4xx_hal_i2c.o [1]
I2C_data_read           0x2000'03b8    0x8  Data  Gb  main.o [1]
LoadInt                  0x800'0337   0x7a  Code  Lc  xprintffull_nomb.o [2]
MX_GPIO_Init             0x800'22bb  0x174  Code  Lc  main.o [1]
MemManage_Handler        0x800'5461    0x2  Code  Gb  stm32f4xx_it.o [1]
NMI_Handler              0x800'545d    0x2  Code  Gb  stm32f4xx_it.o [1]
PendSV_Handler           0x800'546b    0x2  Code  Gb  stm32f4xx_it.o [1]
Region$$Table$$Base      0x800'543c          --   Gb  - Linker created -
Region$$Table$$Limit     0x800'545c          --   Gb  - Linker created -
Reset_W5300              0x800'1b7d   0x22  Code  Gb  main.o [1]
SVC_Handler              0x800'5467    0x2  Code  Gb  stm32f4xx_it.o [1]
SysTick_Handler          0x800'546d    0x4  Code  Gb  stm32f4xx_it.o [1]
SystemClock_Config       0x800'2233   0x88  Code  Gb  main.o [1]
SystemCoreClock         0x2000'0034    0x4  Data  Gb  system_stm32f4xx.o [1]
SystemInit               0x800'548d    0xc  Code  Gb  system_stm32f4xx.o [1]
TIM_Base_SetConfig       0x800'428f   0x96  Code  Gb  stm32f4xx_hal_tim.o [1]
TIM_CCxChannelCmd        0x800'4517   0x16  Code  Gb  stm32f4xx_hal_tim.o [1]
TIM_ETR_SetConfig        0x800'4503   0x14  Code  Gb  stm32f4xx_hal_tim.o [1]
TIM_ITRx_SetConfig       0x800'44f3   0x10  Code  Lc  stm32f4xx_hal_tim.o [1]
TIM_OC1_SetConfig        0x800'4325   0x58  Code  Lc  stm32f4xx_hal_tim.o [1]
TIM_OC2_SetConfig        0x800'437d   0x60  Code  Gb  stm32f4xx_hal_tim.o [1]
TIM_OC3_SetConfig        0x800'43dd   0x5e  Code  Lc  stm32f4xx_hal_tim.o [1]
TIM_OC4_SetConfig        0x800'443b   0x46  Code  Lc  stm32f4xx_hal_tim.o [1]
TIM_TI1_ConfigInputStage
                         0x800'44b1   0x1e  Code  Lc  stm32f4xx_hal_tim.o [1]
TIM_TI2_ConfigInputStage
                         0x800'44cf   0x24  Code  Lc  stm32f4xx_hal_tim.o [1]
UART_DMAAbortOnError     0x800'2ae1    0xc  Code  Lc  stm32f4xx_hal_uart.o [1]
UART_EndRxTransfer       0x800'2a7f   0x60  Code  Lc  stm32f4xx_hal_uart.o [1]
UART_Receive_IT          0x800'2aed   0xc6  Code  Lc  stm32f4xx_hal_uart.o [1]
UART_SetConfig           0x800'2bb3   0xae  Code  Lc  stm32f4xx_hal_uart.o [1]
UART_Start_Receive_IT    0x800'2a45   0x3a  Code  Gb  stm32f4xx_hal_uart.o [1]
UART_WaitOnFlagUntilTimeout
                         0x800'29b1   0x5e  Code  Lc  stm32f4xx_hal_uart.o [1]
USART2_IRQHandler        0x800'5471    0x6  Code  Gb  stm32f4xx_it.o [1]
USART_RX_FLAG           0x2000'04bc    0x1  Data  Gb  main.o [1]
UsageFault_Handler       0x800'5465    0x2  Code  Gb  stm32f4xx_it.o [1]
W5300_read               0x800'1bb3    0xa  Code  Gb  main.o [1]
W5300_write              0x800'1ba9    0xa  Code  Gb  main.o [1]
WIZCHIP                 0x2000'0038   0x2c  Data  Gb  wizchip_conf.o [1]
WIZCHIP_READ             0x800'3347    0xa  Code  Gb  w5300.o [1]
WIZCHIP_WRITE            0x800'333d    0xa  Code  Gb  w5300.o [1]
_DHCP_                  0x2000'0508    0x1  Data  Lc  wizchip_conf.o [1]
_DNS_                   0x2000'0504    0x4  Data  Lc  wizchip_conf.o [1]
_GenldFullNoMb           0x800'0c79  0x274  Code  Lc  xprintffull_nomb.o [2]
_InitW5300               0x800'1c2d   0x4c  Code  Gb  main.o [1]
_LdtobFullNoMb           0x800'0875  0x3d6  Code  Lc  xprintffull_nomb.o [2]
_LitobFullNoMb           0x800'0725  0x10a  Code  Lc  xprintffull_nomb.o [2]
_Locale_lconv           0x2000'0064   0x38  Data  Lc  xlocale_c.o [2]
_PrintfFullNoMb          0x800'0189  0x19e  Code  Gb  xprintffull_nomb.o [2]
_Prout                   0x800'54df   0x16  Code  Gb  xprout.o [2]
_PutcharsFullNoMb        0x800'0eed   0x2e  Code  Lc  xprintffull_nomb.o [2]
_PutfldFullNoMb          0x800'03b1  0x268  Code  Lc  xprintffull_nomb.o [2]
_PuttxtFullNoMb          0x800'0619  0x10c  Code  Lc  xprintffull_nomb.o [2]
_SProut                  0x800'0fcb    0xa  Code  Gb  xsprout.o [2]
__NVIC_SetPriority       0x800'516d   0x1a  Code  Lc  stm32f4xx_hal_cortex.o [1]
__aeabi_cdcmple          0x800'1469         Code  Gb  DblCmpLe.o [3]
__aeabi_cdrcmple         0x800'1499         Code  Gb  DblCmpGe.o [3]
__aeabi_d2f              0x800'3df1         Code  Gb  DblToFlt.o [3]
__aeabi_d2iz             0x800'1605         Code  Gb  DblToS32.o [3]
__aeabi_d2uiz            0x800'1991         Code  Gb  DblToU32.o [3]
__aeabi_ddiv             0x800'1749         Code  Gb  DblDiv.o [3]
__aeabi_dmul             0x800'11ad         Code  Gb  DblMul.o [3]
__aeabi_dsub             0x800'1665         Code  Gb  DblSub.o [3]
__aeabi_f2d              0x800'3da9         Code  Gb  FltToDbl.o [3]
__aeabi_i2d              0x800'1641         Code  Gb  S32ToDbl.o [3]
__aeabi_ldiv0            0x800'19e5         Code  Gb  I64DivZer.o [4]
__aeabi_memclr4          0x800'3379         Code  Gb  ABImemclr4.o [4]
__aeabi_memcpy           0x800'1351         Code  Gb  ABImemcpy.o [4]
__aeabi_memcpy4          0x800'1371         Code  Gb  ABImemcpy.o [4]
__aeabi_memcpy8          0x800'1371         Code  Gb  ABImemcpy.o [4]
__aeabi_ui2d             0x800'19b9         Code  Gb  U32ToDbl.o [3]
__cmain                  0x800'54ad         Code  Gb  cmain.o [4]
__exit                   0x800'1b55   0x14  Code  Gb  exit.o [5]
__iar_Fail_s             0x800'0fd5   0x1c  Code  Gb  xfail_s.o [2]
__iar_Memchr             0x800'104d         Code  Gb  memchr.o [4]
__iar_Memset4_word       0x800'5139         Code  Gb  ABImemset48.o [4]
__iar_Memset8_word       0x800'5139         Code  Gb  ABImemset48.o [4]
__iar_Stdout            0x2000'009c   0x48  Data  Gb  xfiles.o [2]
__iar_Strchr             0x800'0fb5         Code  Gb  strchr.o [4]
__iar_dadd               0x800'1675         Code  Gb  DblSub.o [3]
__iar_data_init3         0x800'53f1   0x28  Code  Gb  data_init.o [4]
__iar_dsub               0x800'19e9         Code  Gb  DblAdd.o [3]
__iar_dsubStart          0x800'19fb         Code  Gb  DblAdd.o [3]
__iar_frexp              0x800'1405         Code  Gb  frexp.o [3]
__iar_frexpl             0x800'1405         Code  Gb  frexp.o [3]
__iar_init_vfp           0x800'5419         Code  Gb  fpinit_M.o [3]
__iar_ldexp64            0x800'14c9         Code  Gb  ldexp.o [3]
__iar_packbits_init_single3
                         0x800'5361   0x38  Code  Gb  packbits_init_single.o [4]
__iar_program_start      0x800'5511         Code  Gb  cstartup_M.o [4]
__iar_scalbln64          0x800'14c9         Code  Gb  ldexp.o [3]
__iar_scalbn64           0x800'14c9         Code  Gb  ldexp.o [3]
__iar_small_uldivmod     0x800'10a5         Code  Gb  I64DivMod_small.o [4]
__iar_softfp___iar_frexp64
                         0x800'13f9         Code  Gb  frexp.o [3]
__iar_softfp_frexp       0x800'13f9         Code  Gb  frexp.o [3]
__iar_softfp_frexpl      0x800'13f9         Code  Gb  frexp.o [3]
__iar_zero_init3         0x800'0f7b   0x3a  Code  Gb  zero_init3.o [4]
__low_level_init         0x800'54cb    0x4  Code  Gb  low_level_init.o [2]
__vector_table           0x800'0000         Data  Gb  startup_stm32f407xx.o [1]
_call_main               0x800'54b9         Code  Gb  cmain.o [4]
_exit                    0x800'54d5         Code  Gb  cexit.o [4]
_main                    0x800'54c7         Code  Gb  cmain.o [4]
abort                    0x800'19dd    0x6  Code  Gb  abort.o [2]
ctlnetwork               0x800'2f3d   0x44  Code  Gb  wizchip_conf.o [1]
ctlwizchip               0x800'2ecd   0x6e  Code  Gb  wizchip_conf.o [1]
exit                     0x800'54cf    0x4  Code  Gb  exit.o [2]
fputc                    0x800'1b69   0x14  Code  Gb  main.o [1]
gWIZNETINFO             0x2000'0000   0x18  Data  Gb  main.o [1]
hi2c1                   0x2000'03c0   0x54  Data  Gb  main.o [1]
hi2c3                   0x2000'0414   0x54  Data  Gb  main.o [1]
hspi2                   0x2000'0134   0x58  Data  Gb  main.o [1]
hsram2                  0x2000'00e4   0x50  Data  Gb  main.o [1]
htim13                  0x2000'0328   0x48  Data  Gb  main.o [1]
htim14                  0x2000'0370   0x48  Data  Gb  main.o [1]
htim4                   0x2000'02e0   0x48  Data  Gb  main.o [1]
huart1                  0x2000'0214   0x44  Data  Gb  main.o [1]
huart2                  0x2000'04c0   0x44  Data  Gb  main.o [1]
huart3                  0x2000'0258   0x44  Data  Gb  main.o [1]
huart4                  0x2000'018c   0x44  Data  Gb  main.o [1]
huart5                  0x2000'01d0   0x44  Data  Gb  main.o [1]
huart6                  0x2000'029c   0x44  Data  Gb  main.o [1]
i2c_rx                  0x2000'04b8    0x4  Data  Gb  main.o [1]
ldexp                    0x800'14c9         Code  Gb  ldexp.o [3]
ldexpl                   0x800'14c9         Code  Gb  ldexp.o [3]
localeconv               0x800'19d5    0x4  Code  Gb  xlocale_c.o [2]
main                     0x800'1e79  0x36a  Code  Gb  main.o [1]
memchr                   0x800'104d         Code  Gb  memchr.o [4]
obuf                    0x2000'0468   0x50  Data  Lc  xfiles.o [2]
print_network_information
                         0x800'1bbd   0x70  Code  Gb  main.o [1]
printf                   0x800'3315   0x28  Code  Gb  printf.o [2]
putchar                  0x800'54f5    0xc  Code  Gb  putchar.o [2]
reg_wizchip_bus_cbfunc   0x800'2ea9   0x1e  Code  Gb  wizchip_conf.o [1]
scalbln                  0x800'14c9         Code  Gb  ldexp.o [3]
scalblnl                 0x800'14c9         Code  Gb  ldexp.o [3]
scalbn                   0x800'14c9         Code  Gb  ldexp.o [3]
scalbnl                  0x800'14c9         Code  Gb  ldexp.o [3]
scale                    0x800'082f   0x46  Code  Lc  xprintffull_nomb.o [2]
sec_hand                0x2000'0510    0x4  Data  Lc  xfail_s.o [2]
sprintf                  0x800'3e59   0x40  Code  Gb  sprintf.o [2]
strchr                   0x800'0fb5         Code  Gb  strchr.o [4]
strlen                   0x800'1015         Code  Gb  strlen.o [4]
temp_rx                 0x2000'04bd    0x1  Data  Gb  main.o [1]
udp_init                 0x800'1c79   0x48  Code  Gb  main.o [1]
udp_send_broadcast       0x800'1cc1   0x5c  Code  Gb  main.o [1]
uwTick                  0x2000'002c    0x4  Data  Gb  stm32f4xx_hal.o [1]
uwTickFreq              0x2000'0028    0x1  Data  Gb  stm32f4xx_hal.o [1]
uwTickPrio              0x2000'0030    0x4  Data  Gb  stm32f4xx_hal.o [1]
wiz_send_data            0x800'3351   0x24  Code  Gb  w5300.o [1]
wizchip_bus_readdata     0x800'2ea1    0x4  Code  Gb  wizchip_conf.o [1]
wizchip_bus_writedata    0x800'2ea5    0x4  Code  Gb  wizchip_conf.o [1]
wizchip_clrinterrupt     0x800'30df   0x18  Code  Gb  wizchip_conf.o [1]
wizchip_cris_enter       0x800'2e99    0x2  Code  Gb  wizchip_conf.o [1]
wizchip_cris_exit        0x800'2e9b    0x2  Code  Gb  wizchip_conf.o [1]
wizchip_cs_deselect      0x800'2e9f    0x2  Code  Gb  wizchip_conf.o [1]
wizchip_cs_select        0x800'2e9d    0x2  Code  Gb  wizchip_conf.o [1]
wizchip_getinterrupt     0x800'30f7    0xe  Code  Gb  wizchip_conf.o [1]
wizchip_getinterruptmask
                         0x800'311b   0x10  Code  Gb  wizchip_conf.o [1]
wizchip_getnetinfo       0x800'31e1   0x9a  Code  Gb  wizchip_conf.o [1]
wizchip_gettimeout       0x800'32ff   0x16  Code  Gb  wizchip_conf.o [1]
wizchip_init             0x800'3087   0x48  Code  Gb  wizchip_conf.o [1]
wizchip_setinterruptmask
                         0x800'3105   0x16  Code  Gb  wizchip_conf.o [1]
wizchip_setnetinfo       0x800'313f   0x9a  Code  Gb  wizchip_conf.o [1]
wizchip_setnetmode       0x800'32c3   0x1e  Code  Gb  wizchip_conf.o [1]
wizchip_settimeout       0x800'32e7   0x18  Code  Gb  wizchip_conf.o [1]
wizchip_sw_reset         0x800'2f87  0x100  Code  Gb  wizchip_conf.o [1]
wiznet_memsize          0x2000'0018   0x10  Data  Gb  main.o [1]


[1] = Z:\개발1팀\양재만\Interface CPU BRD\FAN-I2C-USART-LAN\EWARM\Test\Obj
[2] = dl7M_tlf.a
[3] = m7M_tls.a
[4] = rt7M_tl.a
[5] = shb_l.a

  21 986 bytes of readonly  code memory
     297 bytes of readonly  data memory
   2 324 bytes of readwrite data memory

Errors: none
Warnings: none
