###############################################################################
#
# IAR ELF Linker V8.32.3.193/W32 for ARM                  08/Sep/2022  14:05:21
# Copyright 2007-2019 IAR Systems AB.
#
#    Output file  =  
#        C:\Users\sonartech\Desktop\Yang\Interface CPU
#        BRD\USART-I2C-FAN\EWARM\Test\Exe\Test.out
#    Map file     =  
#        C:\Users\sonartech\Desktop\Yang\Interface CPU
#        BRD\USART-I2C-FAN\EWARM\Test\List\Test.map
#    Command line =  
#        -f C:\Users\SONART~1\AppData\Local\Temp\EW1B88.tmp
#        ("C:\Users\sonartech\Desktop\Yang\Interface CPU
#        BRD\USART-I2C-FAN\EWARM\Test\Obj\main.o"
#        "C:\Users\sonartech\Desktop\Yang\Interface CPU
#        BRD\USART-I2C-FAN\EWARM\Test\Obj\startup_stm32f407xx.o"
#        "C:\Users\sonartech\Desktop\Yang\Interface CPU
#        BRD\USART-I2C-FAN\EWARM\Test\Obj\stm32f4xx_hal.o"
#        "C:\Users\sonartech\Desktop\Yang\Interface CPU
#        BRD\USART-I2C-FAN\EWARM\Test\Obj\stm32f4xx_hal_cortex.o"
#        "C:\Users\sonartech\Desktop\Yang\Interface CPU
#        BRD\USART-I2C-FAN\EWARM\Test\Obj\stm32f4xx_hal_dma.o"
#        "C:\Users\sonartech\Desktop\Yang\Interface CPU
#        BRD\USART-I2C-FAN\EWARM\Test\Obj\stm32f4xx_hal_dma_ex.o"
#        "C:\Users\sonartech\Desktop\Yang\Interface CPU
#        BRD\USART-I2C-FAN\EWARM\Test\Obj\stm32f4xx_hal_exti.o"
#        "C:\Users\sonartech\Desktop\Yang\Interface CPU
#        BRD\USART-I2C-FAN\EWARM\Test\Obj\stm32f4xx_hal_flash.o"
#        "C:\Users\sonartech\Desktop\Yang\Interface CPU
#        BRD\USART-I2C-FAN\EWARM\Test\Obj\stm32f4xx_hal_flash_ex.o"
#        "C:\Users\sonartech\Desktop\Yang\Interface CPU
#        BRD\USART-I2C-FAN\EWARM\Test\Obj\stm32f4xx_hal_flash_ramfunc.o"
#        "C:\Users\sonartech\Desktop\Yang\Interface CPU
#        BRD\USART-I2C-FAN\EWARM\Test\Obj\stm32f4xx_hal_gpio.o"
#        "C:\Users\sonartech\Desktop\Yang\Interface CPU
#        BRD\USART-I2C-FAN\EWARM\Test\Obj\stm32f4xx_hal_i2c.o"
#        "C:\Users\sonartech\Desktop\Yang\Interface CPU
#        BRD\USART-I2C-FAN\EWARM\Test\Obj\stm32f4xx_hal_i2c_ex.o"
#        "C:\Users\sonartech\Desktop\Yang\Interface CPU
#        BRD\USART-I2C-FAN\EWARM\Test\Obj\stm32f4xx_hal_msp.o"
#        "C:\Users\sonartech\Desktop\Yang\Interface CPU
#        BRD\USART-I2C-FAN\EWARM\Test\Obj\stm32f4xx_hal_pwr.o"
#        "C:\Users\sonartech\Desktop\Yang\Interface CPU
#        BRD\USART-I2C-FAN\EWARM\Test\Obj\stm32f4xx_hal_pwr_ex.o"
#        "C:\Users\sonartech\Desktop\Yang\Interface CPU
#        BRD\USART-I2C-FAN\EWARM\Test\Obj\stm32f4xx_hal_rcc.o"
#        "C:\Users\sonartech\Desktop\Yang\Interface CPU
#        BRD\USART-I2C-FAN\EWARM\Test\Obj\stm32f4xx_hal_rcc_ex.o"
#        "C:\Users\sonartech\Desktop\Yang\Interface CPU
#        BRD\USART-I2C-FAN\EWARM\Test\Obj\stm32f4xx_hal_spi.o"
#        "C:\Users\sonartech\Desktop\Yang\Interface CPU
#        BRD\USART-I2C-FAN\EWARM\Test\Obj\stm32f4xx_hal_tim.o"
#        "C:\Users\sonartech\Desktop\Yang\Interface CPU
#        BRD\USART-I2C-FAN\EWARM\Test\Obj\stm32f4xx_hal_tim_ex.o"
#        "C:\Users\sonartech\Desktop\Yang\Interface CPU
#        BRD\USART-I2C-FAN\EWARM\Test\Obj\stm32f4xx_hal_uart.o"
#        "C:\Users\sonartech\Desktop\Yang\Interface CPU
#        BRD\USART-I2C-FAN\EWARM\Test\Obj\stm32f4xx_it.o"
#        "C:\Users\sonartech\Desktop\Yang\Interface CPU
#        BRD\USART-I2C-FAN\EWARM\Test\Obj\system_stm32f4xx.o"
#        --no_out_extension -o "C:\Users\sonartech\Desktop\Yang\Interface CPU
#        BRD\USART-I2C-FAN\EWARM\Test\Exe\Test.out" --redirect
#        _Printf=_PrintfFullNoMb --redirect _Scanf=_ScanfFullNoMb --map
#        "C:\Users\sonartech\Desktop\Yang\Interface CPU
#        BRD\USART-I2C-FAN\EWARM\Test\List\Test.map" --config
#        "C:\Users\sonartech\Desktop\Yang\Interface CPU
#        BRD\USART-I2C-FAN\EWARM/stm32f407xx_flash.icf" --semihosting --entry
#        __iar_program_start --vfe --text_out locale)
#
###############################################################################

*******************************************************************************
*** RUNTIME MODEL ATTRIBUTES
***

CppFlavor       = *
__SystemLibrary = DLib
__dlib_version  = 6


*******************************************************************************
*** HEAP SELECTION
***

The basic heap was selected because no calls to memory allocation
functions were found in the application outside of system library
functions, and there are calls to deallocation functions in the
application.


*******************************************************************************
*** PLACEMENT SUMMARY
***

"A0":  place at 0x800'0000 { ro section .intvec };
"P1":  place in [from 0x800'0000 to 0x80f'ffff] { ro };
define block CSTACK with size = 1K, alignment = 8 { };
define block HEAP with size = 512, alignment = 8 { };
"P2":  place in [from 0x2000'0000 to 0x2001'ffff] {
          rw, block CSTACK, block HEAP };
initialize by copy { rw };

  Section            Kind         Address    Size  Object
  -------            ----         -------    ----  ------
"A0":                                       0x188
  .intvec            ro code   0x800'0000   0x188  startup_stm32f407xx.o [1]
                             - 0x800'0188   0x188

"P1":                                      0x4c83
  .text              ro code   0x800'0188   0xdf2  xprintffull_nomb.o [2]
  .text              ro code   0x800'0f7a    0x3a  zero_init3.o [4]
  .text              ro code   0x800'0fb4    0x16  strchr.o [4]
  .text              ro code   0x800'0fca     0xa  xsprout.o [2]
  .text              ro code   0x800'0fd4    0x40  xfail_s.o [2]
  .text              ro code   0x800'1014    0x36  strlen.o [4]
  .text              ro code   0x800'104c    0x58  memchr.o [4]
  .text              ro code   0x800'10a4   0x106  I64DivMod_small.o [4]
  .text              ro code   0x800'11ac   0x1a2  DblMul.o [3]
  .text              ro code   0x800'1350    0xa6  ABImemcpy.o [4]
  .text              ro code   0x800'13f8    0x70  frexp.o [3]
  .text              ro code   0x800'1468    0x2e  DblCmpLe.o [3]
  .text              ro code   0x800'1498    0x2e  DblCmpGe.o [3]
  .text              ro code   0x800'14c8   0x13a  ldexp.o [3]
  .text              ro code   0x800'1604    0x3a  DblToS32.o [3]
  .text              ro code   0x800'1640    0x22  S32ToDbl.o [3]
  .text              ro code   0x800'1664    0xe2  DblSub.o [3]
  .text              ro code   0x800'1748   0x246  DblDiv.o [3]
  .text              ro code   0x800'1990    0x28  DblToU32.o [3]
  .text              ro code   0x800'19b8    0x1a  U32ToDbl.o [3]
  .text              ro code   0x800'19d4     0x8  xlocale_c.o [2]
  .text              ro code   0x800'19dc     0x6  abort.o [2]
  .text              ro code   0x800'19e4     0x2  I64DivZer.o [4]
  .text              ro code   0x800'19e8   0x16a  DblAdd.o [3]
  .text              ro code   0x800'1b54    0x14  exit.o [5]
  .text              ro code   0x800'1b68   0x8d8  main.o [1]
  .text              ro code   0x800'2440     0x6  ABImemclr4.o [4]
  .text              ro code   0x800'2448    0x28  stm32f4xx_hal.o [1]
  .text              ro code   0x800'2470   0x824  stm32f4xx_hal_i2c.o [1]
  .text              ro code   0x800'2c94    0x48  FltToDbl.o [3]
  .text              ro code   0x800'2cdc    0x68  DblToFlt.o [3]
  .text              ro code   0x800'2d44   0x6d8  stm32f4xx_hal_uart.o [1]
  .text              ro code   0x800'341c    0x34  stm32f4xx_hal.o [1]
  .text              ro code   0x800'3450    0xc8  stm32f4xx_hal_spi.o [1]
  .text              ro code   0x800'3518   0x762  stm32f4xx_hal_tim.o [1]
  .text              ro code   0x800'3c7c    0x8c  stm32f4xx_hal_tim_ex.o [1]
  .text              ro code   0x800'3d08   0x4f4  stm32f4xx_hal_msp.o [1]
  .text              ro code   0x800'41fc   0x208  stm32f4xx_hal_gpio.o [1]
  .text              ro code   0x800'4404    0x40  sprintf.o [2]
  .text              ro code   0x800'4444   0x330  stm32f4xx_hal_rcc.o [1]
  .text              ro code   0x800'4774   0x1ac  stm32f4xx_hal_rcc.o [1]
  .text              ro code   0x800'4920    0xc4  stm32f4xx_hal_cortex.o [1]
  .text              ro code   0x800'49e4    0x32  ABImemset48.o [4]
  .text              ro code   0x800'4a18     0xc  stm32f4xx_hal.o [1]
  .text              ro code   0x800'4a24    0xb4  stm32f4xx_hal_dma.o [1]
  .text              ro code   0x800'4ad8     0x2  stm32f4xx_hal_uart.o [1]
  .text              ro code   0x800'4ada     0x2  stm32f4xx_hal_uart.o [1]
  .text              ro code   0x800'4adc     0x2  stm32f4xx_hal_uart.o [1]
  .text              ro code   0x800'4ae0    0x40  stm32f4xx_hal.o [1]
  .text              ro code   0x800'4b20     0x2  stm32f4xx_hal_tim.o [1]
  .text              ro code   0x800'4b22     0x2  stm32f4xx_hal_tim.o [1]
  .text              ro code   0x800'4b24     0x2  stm32f4xx_hal_tim.o [1]
  .text              ro code   0x800'4b26     0x2  stm32f4xx_hal_tim.o [1]
  .text              ro code   0x800'4b28     0x2  stm32f4xx_hal_tim_ex.o [1]
  .text              ro code   0x800'4b2a     0x2  stm32f4xx_hal_tim.o [1]
  .text              ro code   0x800'4b2c     0x2  stm32f4xx_hal_tim_ex.o [1]
  .text              ro code   0x800'4b2e     0x2  stm32f4xx_hal_tim.o [1]
  .text              ro code   0x800'4b30    0x44  stm32f4xx_it.o [1]
  .text              ro code   0x800'4b74    0x10  stm32f4xx_hal.o [1]
  .text              ro code   0x800'4b84    0x38  packbits_init_single.o [4]
  .text              ro code   0x800'4bbc    0x28  data_init.o [4]
  .text              ro code   0x800'4be4    0x22  fpinit_M.o [3]
  .iar.init_table    const     0x800'4c08    0x20  - Linker created -
  .text              ro code   0x800'4c28    0x20  system_stm32f4xx.o [1]
  .text              ro code   0x800'4c48    0x1e  cmain.o [4]
  .text              ro code   0x800'4c66     0x4  low_level_init.o [2]
  .text              ro code   0x800'4c6a     0x4  exit.o [2]
  .text              ro code   0x800'4c70     0xa  cexit.o [4]
  .text              ro code   0x800'4c7c    0x10  startup_stm32f407xx.o [1]
  .text              ro code   0x800'4c8c     0xc  cstartup_M.o [4]
  .rodata            const     0x800'4c98     0x8  system_stm32f4xx.o [1]
  .rodata            const     0x800'4ca0     0x4  xlocale_c.o [2]
  .text              ro code   0x800'4ca4     0x4  startup_stm32f407xx.o [1]
  .text              ro code   0x800'4ca8     0x4  startup_stm32f407xx.o [1]
  .text              ro code   0x800'4cac     0x4  startup_stm32f407xx.o [1]
  .text              ro code   0x800'4cb0     0x4  startup_stm32f407xx.o [1]
  .text              ro code   0x800'4cb4     0x4  startup_stm32f407xx.o [1]
  .text              ro code   0x800'4cb8     0x4  startup_stm32f407xx.o [1]
  .text              ro code   0x800'4cbc     0x4  startup_stm32f407xx.o [1]
  .text              ro code   0x800'4cc0     0x4  startup_stm32f407xx.o [1]
  .text              ro code   0x800'4cc4     0x4  startup_stm32f407xx.o [1]
  .text              ro code   0x800'4cc8     0x4  startup_stm32f407xx.o [1]
  .text              ro code   0x800'4ccc     0x4  startup_stm32f407xx.o [1]
  .text              ro code   0x800'4cd0     0x4  startup_stm32f407xx.o [1]
  .text              ro code   0x800'4cd4     0x4  startup_stm32f407xx.o [1]
  .text              ro code   0x800'4cd8     0x4  startup_stm32f407xx.o [1]
  .text              ro code   0x800'4cdc     0x4  startup_stm32f407xx.o [1]
  .text              ro code   0x800'4ce0     0x4  startup_stm32f407xx.o [1]
  .text              ro code   0x800'4ce4     0x4  startup_stm32f407xx.o [1]
  .text              ro code   0x800'4ce8     0x4  startup_stm32f407xx.o [1]
  .text              ro code   0x800'4cec     0x4  startup_stm32f407xx.o [1]
  .text              ro code   0x800'4cf0     0x4  startup_stm32f407xx.o [1]
  .text              ro code   0x800'4cf4     0x4  startup_stm32f407xx.o [1]
  .text              ro code   0x800'4cf8     0x4  startup_stm32f407xx.o [1]
  .text              ro code   0x800'4cfc     0x4  startup_stm32f407xx.o [1]
  .text              ro code   0x800'4d00     0x4  startup_stm32f407xx.o [1]
  .text              ro code   0x800'4d04     0x4  startup_stm32f407xx.o [1]
  .text              ro code   0x800'4d08     0x4  startup_stm32f407xx.o [1]
  .text              ro code   0x800'4d0c     0x4  startup_stm32f407xx.o [1]
  .text              ro code   0x800'4d10     0x4  startup_stm32f407xx.o [1]
  .text              ro code   0x800'4d14     0x4  startup_stm32f407xx.o [1]
  .text              ro code   0x800'4d18     0x4  startup_stm32f407xx.o [1]
  .text              ro code   0x800'4d1c     0x4  startup_stm32f407xx.o [1]
  .text              ro code   0x800'4d20     0x4  startup_stm32f407xx.o [1]
  .text              ro code   0x800'4d24     0x4  startup_stm32f407xx.o [1]
  .text              ro code   0x800'4d28     0x4  startup_stm32f407xx.o [1]
  .text              ro code   0x800'4d2c     0x4  startup_stm32f407xx.o [1]
  .text              ro code   0x800'4d30     0x4  startup_stm32f407xx.o [1]
  .text              ro code   0x800'4d34     0x4  startup_stm32f407xx.o [1]
  .text              ro code   0x800'4d38     0x4  startup_stm32f407xx.o [1]
  .text              ro code   0x800'4d3c     0x4  startup_stm32f407xx.o [1]
  .text              ro code   0x800'4d40     0x4  startup_stm32f407xx.o [1]
  .text              ro code   0x800'4d44     0x4  startup_stm32f407xx.o [1]
  .text              ro code   0x800'4d48     0x4  startup_stm32f407xx.o [1]
  .text              ro code   0x800'4d4c     0x4  startup_stm32f407xx.o [1]
  .text              ro code   0x800'4d50     0x4  startup_stm32f407xx.o [1]
  .text              ro code   0x800'4d54     0x4  startup_stm32f407xx.o [1]
  .text              ro code   0x800'4d58     0x4  startup_stm32f407xx.o [1]
  .text              ro code   0x800'4d5c     0x4  startup_stm32f407xx.o [1]
  .text              ro code   0x800'4d60     0x4  startup_stm32f407xx.o [1]
  .text              ro code   0x800'4d64     0x4  startup_stm32f407xx.o [1]
  .text              ro code   0x800'4d68     0x4  startup_stm32f407xx.o [1]
  .text              ro code   0x800'4d6c     0x4  startup_stm32f407xx.o [1]
  .text              ro code   0x800'4d70     0x4  startup_stm32f407xx.o [1]
  .text              ro code   0x800'4d74     0x4  startup_stm32f407xx.o [1]
  .text              ro code   0x800'4d78     0x4  startup_stm32f407xx.o [1]
  .text              ro code   0x800'4d7c     0x4  startup_stm32f407xx.o [1]
  .text              ro code   0x800'4d80     0x4  startup_stm32f407xx.o [1]
  .text              ro code   0x800'4d84     0x4  startup_stm32f407xx.o [1]
  .text              ro code   0x800'4d88     0x4  startup_stm32f407xx.o [1]
  .text              ro code   0x800'4d8c     0x4  startup_stm32f407xx.o [1]
  .text              ro code   0x800'4d90     0x4  startup_stm32f407xx.o [1]
  .text              ro code   0x800'4d94     0x4  startup_stm32f407xx.o [1]
  .text              ro code   0x800'4d98     0x4  startup_stm32f407xx.o [1]
  .text              ro code   0x800'4d9c     0x4  startup_stm32f407xx.o [1]
  .text              ro code   0x800'4da0     0x4  startup_stm32f407xx.o [1]
  .text              ro code   0x800'4da4     0x4  startup_stm32f407xx.o [1]
  .text              ro code   0x800'4da8     0x4  startup_stm32f407xx.o [1]
  .text              ro code   0x800'4dac     0x4  startup_stm32f407xx.o [1]
  .text              ro code   0x800'4db0     0x4  startup_stm32f407xx.o [1]
  .text              ro code   0x800'4db4     0x4  startup_stm32f407xx.o [1]
  .text              ro code   0x800'4db8     0x4  startup_stm32f407xx.o [1]
  .text              ro code   0x800'4dbc     0x4  startup_stm32f407xx.o [1]
  .text              ro code   0x800'4dc0     0x4  startup_stm32f407xx.o [1]
  .text              ro code   0x800'4dc4     0x4  startup_stm32f407xx.o [1]
  .text              ro code   0x800'4dc8     0x4  startup_stm32f407xx.o [1]
  .text              ro code   0x800'4dcc     0x4  startup_stm32f407xx.o [1]
  .rodata            const     0x800'4dd0     0x0  zero_init3.o [4]
  .rodata            const     0x800'4dd0     0x0  packbits_init_single.o [4]
  Initializer bytes  const     0x800'4dd0    0x3b  <for P2-1>
                             - 0x800'4e0b  0x4c83

"P2", part 1 of 3:                           0x48
  P2-1                        0x2000'0000    0x48  <Init block>
    .data            inited   0x2000'0000     0xc  stm32f4xx_hal.o [1]
    .data            inited   0x2000'000c     0x4  system_stm32f4xx.o [1]
    .data            inited   0x2000'0010    0x38  xlocale_c.o [2]
                            - 0x2000'0048    0x48

"P2", part 2 of 3:                          0x3fc
  .bss               zero     0x2000'0048   0x32c  main.o [1]
  .bss               zero     0x2000'0374    0xc0  main.o [1]
  .bss               zero     0x2000'0434     0xc  main.o [1]
  .bss               zero     0x2000'0440     0x4  xfail_s.o [2]
                            - 0x2000'0444   0x3fc

"P2", part 3 of 3:                          0x400
  CSTACK                      0x2000'0448   0x400  <Block>
    CSTACK           uninit   0x2000'0448   0x400  <Block tail>
                            - 0x2000'0848   0x400

Unused ranges:

         From           To      Size
         ----           --      ----
   0x800'4e0b   0x80f'ffff  0xf'b1f5
  0x2000'0444  0x2000'0447       0x4
  0x2000'0848  0x2001'ffff  0x1'f7b8


*******************************************************************************
*** INIT TABLE
***

          Address      Size
          -------      ----
Zero (__iar_zero_init3)
    1 destination range, total size 0x3fc:
          0x2000'0048  0x3fc

Copy/packbits (__iar_packbits_init_single3)
    1 source range, total size 0x3b (81% of destination):
           0x800'4dd0   0x3b
    1 destination range, total size 0x48:
          0x2000'0000   0x48



*******************************************************************************
*** MODULE SUMMARY
***

    Module                  ro code  ro data  rw data
    ------                  -------  -------  -------
command line/config:
    -------------------------------------------------
    Total:

C:\Users\sonartech\Desktop\Yang\Interface CPU BRD\USART-I2C-FAN\EWARM\Test\Obj: [1]
    main.o                    2 264             1 016
    startup_stm32f407xx.o       708
    stm32f4xx_hal.o             184        9       12
    stm32f4xx_hal_cortex.o      196
    stm32f4xx_hal_dma.o         180
    stm32f4xx_hal_gpio.o        520
    stm32f4xx_hal_i2c.o       2 084
    stm32f4xx_hal_msp.o       1 268
    stm32f4xx_hal_rcc.o       1 244
    stm32f4xx_hal_spi.o         200
    stm32f4xx_hal_tim.o       1 902
    stm32f4xx_hal_tim_ex.o      144
    stm32f4xx_hal_uart.o      1 758
    stm32f4xx_it.o               68
    system_stm32f4xx.o           32       12        4
    -------------------------------------------------
    Total:                   12 752       21    1 032

dl7M_tlf.a: [2]
    abort.o                       6
    exit.o                        4
    low_level_init.o              4
    sprintf.o                    64
    xfail_s.o                    64                 4
    xlocale_c.o                   8       50       56
    xprintffull_nomb.o        3 570
    xsprout.o                    10
    -------------------------------------------------
    Total:                    3 730       50       60

m7M_tls.a: [3]
    DblAdd.o                    362
    DblCmpGe.o                   46
    DblCmpLe.o                   46
    DblDiv.o                    582
    DblMul.o                    418
    DblSub.o                    226
    DblToFlt.o                  104
    DblToS32.o                   58
    DblToU32.o                   40
    FltToDbl.o                   72
    S32ToDbl.o                   34
    U32ToDbl.o                   26
    fpinit_M.o                   34
    frexp.o                     112
    ldexp.o                     314
    -------------------------------------------------
    Total:                    2 474

rt7M_tl.a: [4]
    ABImemclr4.o                  6
    ABImemcpy.o                 166
    ABImemset48.o                50
    I64DivMod_small.o           262
    I64DivZer.o                   2
    cexit.o                      10
    cmain.o                      30
    cstartup_M.o                 12
    data_init.o                  40
    memchr.o                     88
    packbits_init_single.o       56
    strchr.o                     22
    strlen.o                     54
    zero_init3.o                 58
    -------------------------------------------------
    Total:                      856

shb_l.a: [5]
    exit.o                       20
    -------------------------------------------------
    Total:                       20

    Gaps                         42        2
    Linker created                        32    1 024
-----------------------------------------------------
    Grand Total:             19 874      105    2 116


*******************************************************************************
*** ENTRY LIST
***

Entry                       Address   Size  Type      Object
-----                       -------   ----  ----      ------
.iar.init_table$$Base    0x800'4c08          --   Gb  - Linker created -
.iar.init_table$$Limit   0x800'4c28          --   Gb  - Linker created -
?main                    0x800'4c49         Code  Gb  cmain.o [4]
A1_DATA                 0x2000'0404    0xc  Data  Gb  main.o [1]
A2_DATA                 0x2000'0410    0xc  Data  Gb  main.o [1]
AHBPrescTable            0x800'4c38   0x10  Data  Gb  system_stm32f4xx.o [1]
APBPrescTable            0x800'4c98    0x8  Data  Gb  system_stm32f4xx.o [1]
B1_DATA                 0x2000'041c    0xc  Data  Gb  main.o [1]
B2_DATA                 0x2000'0428    0xc  Data  Gb  main.o [1]
BusFault_Handler         0x800'4b37    0x2  Code  Gb  stm32f4xx_it.o [1]
CSTACK$$Base            0x2000'0448          --   Gb  - Linker created -
CSTACK$$Limit           0x2000'0848          --   Gb  - Linker created -
DebugMon_Handler         0x800'4b3d    0x2  Code  Gb  stm32f4xx_it.o [1]
EXTI15_10_IRQHandler     0x800'4b5d    0x8  Code  Gb  stm32f4xx_it.o [1]
EXTI2_IRQHandler         0x800'4b45    0x6  Code  Gb  stm32f4xx_it.o [1]
EXTI3_IRQHandler         0x800'4b4b    0x6  Code  Gb  stm32f4xx_it.o [1]
EXTI9_5_IRQHandler       0x800'4b51    0x6  Code  Gb  stm32f4xx_it.o [1]
Error_Handler            0x800'240f    0x4  Code  Gb  main.o [1]
HAL_DMA_Abort            0x800'4a25   0x86  Code  Gb  stm32f4xx_hal_dma.o [1]
HAL_DMA_Abort_IT         0x800'4aab   0x24  Code  Gb  stm32f4xx_hal_dma.o [1]
HAL_Delay                0x800'2449   0x28  Code  Wk  stm32f4xx_hal.o [1]
HAL_GPIO_EXTI_Callback   0x800'1cb3   0x30  Code  Gb  main.o [1]
HAL_GPIO_EXTI_IRQHandler
                         0x800'43c3   0x10  Code  Gb  stm32f4xx_hal_gpio.o [1]
HAL_GPIO_Init            0x800'41fd  0x1be  Code  Gb  stm32f4xx_hal_gpio.o [1]
HAL_GPIO_WritePin        0x800'43bb    0x8  Code  Gb  stm32f4xx_hal_gpio.o [1]
HAL_GetTick              0x800'4a19    0xc  Code  Wk  stm32f4xx_hal.o [1]
HAL_I2C_Init             0x800'2471  0x12c  Code  Gb  stm32f4xx_hal_i2c.o [1]
HAL_I2C_Master_Receive   0x800'2653   0xda  Code  Gb  stm32f4xx_hal_i2c.o [1]
HAL_I2C_Master_Transmit
                         0x800'25a9   0xaa  Code  Gb  stm32f4xx_hal_i2c.o [1]
HAL_I2C_MspInit          0x800'3d3f   0xca  Code  Gb  stm32f4xx_hal_msp.o [1]
HAL_IncTick              0x800'4b75   0x10  Code  Wk  stm32f4xx_hal.o [1]
HAL_Init                 0x800'341d   0x30  Code  Gb  stm32f4xx_hal.o [1]
HAL_InitTick             0x800'4ae1   0x40  Code  Wk  stm32f4xx_hal.o [1]
HAL_MspInit              0x800'3d09   0x36  Code  Gb  stm32f4xx_hal_msp.o [1]
HAL_NVIC_EnableIRQ       0x800'498f   0x16  Code  Gb  stm32f4xx_hal_cortex.o [1]
HAL_NVIC_SetPriority     0x800'4955   0x3a  Code  Gb  stm32f4xx_hal_cortex.o [1]
HAL_NVIC_SetPriorityGrouping
                         0x800'493b   0x1a  Code  Gb  stm32f4xx_hal_cortex.o [1]
HAL_RCC_ClockConfig      0x800'4775  0x100  Code  Gb  stm32f4xx_hal_rcc.o [1]
HAL_RCC_GetPCLK1Freq     0x800'4881   0x10  Code  Gb  stm32f4xx_hal_rcc.o [1]
HAL_RCC_GetPCLK2Freq     0x800'4891    0xe  Code  Gb  stm32f4xx_hal_rcc.o [1]
HAL_RCC_OscConfig        0x800'4445  0x330  Code  Wk  stm32f4xx_hal_rcc.o [1]
HAL_SPI_Init             0x800'3451   0xb4  Code  Gb  stm32f4xx_hal_spi.o [1]
HAL_SPI_MspInit          0x800'3e1b   0x6c  Code  Gb  stm32f4xx_hal_msp.o [1]
HAL_SYSTICK_Config       0x800'49a5   0x28  Code  Gb  stm32f4xx_hal_cortex.o [1]
HAL_TIMEx_BreakCallback
                         0x800'4b29    0x2  Code  Wk  stm32f4xx_hal_tim_ex.o [1]
HAL_TIMEx_CommutCallback
                         0x800'4b2d    0x2  Code  Wk  stm32f4xx_hal_tim_ex.o [1]
HAL_TIMEx_MasterConfigSynchronization
                         0x800'3c7d   0x6e  Code  Gb  stm32f4xx_hal_tim_ex.o [1]
HAL_TIM_Base_Init        0x800'3519   0x1a  Code  Gb  stm32f4xx_hal_tim.o [1]
HAL_TIM_Base_MspInit     0x800'3e87   0x88  Code  Gb  stm32f4xx_hal_msp.o [1]
HAL_TIM_Base_Start_IT    0x800'3533   0x7c  Code  Gb  stm32f4xx_hal_tim.o [1]
HAL_TIM_ConfigClockSource
                         0x800'3913   0xaa  Code  Gb  stm32f4xx_hal_tim.o [1]
HAL_TIM_IRQHandler       0x800'36fd  0x142  Code  Gb  stm32f4xx_hal_tim.o [1]
HAL_TIM_MspPostInit      0x800'3f17   0x90  Code  Gb  stm32f4xx_hal_msp.o [1]
HAL_TIM_PWM_ConfigChannel
                         0x800'384f   0xb6  Code  Gb  stm32f4xx_hal_tim.o [1]
HAL_TIM_PWM_Init         0x800'35d5   0x1a  Code  Gb  stm32f4xx_hal_tim.o [1]
HAL_TIM_PWM_Start        0x800'35ef   0x9a  Code  Gb  stm32f4xx_hal_tim.o [1]
HAL_UART_IRQHandler      0x800'2eb7  0x258  Code  Gb  stm32f4xx_hal_uart.o [1]
HAL_UART_Init            0x800'2d45   0x1e  Code  Gb  stm32f4xx_hal_uart.o [1]
HAL_UART_MspInit         0x800'3fbb  0x1a4  Code  Gb  stm32f4xx_hal_msp.o [1]
HAL_UART_Receive_IT      0x800'2e6d   0x30  Code  Gb  stm32f4xx_hal_uart.o [1]
HAL_UART_RxCpltCallback
                         0x800'1c85   0x2e  Code  Gb  main.o [1]
HAL_UART_Transmit        0x800'2dbb   0xb2  Code  Gb  stm32f4xx_hal_uart.o [1]
HardFault_Handler        0x800'4b33    0x2  Code  Gb  stm32f4xx_it.o [1]
I2C_IsAcknowledgeFailed
                         0x800'2c69   0x2c  Code  Lc  stm32f4xx_hal_i2c.o [1]
I2C_MasterRequestRead    0x800'29cb   0xc0  Code  Lc  stm32f4xx_hal_i2c.o [1]
I2C_MasterRequestWrite   0x800'292b   0x88  Code  Lc  stm32f4xx_hal_i2c.o [1]
I2C_WaitOnBTFFlagUntilTimeout
                         0x800'2bd9   0x38  Code  Lc  stm32f4xx_hal_i2c.o [1]
I2C_WaitOnFlagUntilTimeout
                         0x800'2abd   0x50  Code  Lc  stm32f4xx_hal_i2c.o [1]
I2C_WaitOnMasterAddressFlagUntilTimeout
                         0x800'2b0d   0x78  Code  Lc  stm32f4xx_hal_i2c.o [1]
I2C_WaitOnRXNEFlagUntilTimeout
                         0x800'2c11   0x44  Code  Lc  stm32f4xx_hal_i2c.o [1]
I2C_WaitOnTXEFlagUntilTimeout
                         0x800'2b85   0x38  Code  Lc  stm32f4xx_hal_i2c.o [1]
LoadInt                  0x800'0337   0x7a  Code  Lc  xprintffull_nomb.o [2]
MX_GPIO_Init             0x800'21f7  0x180  Code  Lc  main.o [1]
MemManage_Handler        0x800'4b35    0x2  Code  Gb  stm32f4xx_it.o [1]
NMI_Handler              0x800'4b31    0x2  Code  Gb  stm32f4xx_it.o [1]
PendSV_Handler           0x800'4b3f    0x2  Code  Gb  stm32f4xx_it.o [1]
Region$$Table$$Base      0x800'4c08          --   Gb  - Linker created -
Region$$Table$$Limit     0x800'4c28          --   Gb  - Linker created -
SVC_Handler              0x800'4b3b    0x2  Code  Gb  stm32f4xx_it.o [1]
SysTick_Handler          0x800'4b41    0x4  Code  Gb  stm32f4xx_it.o [1]
SystemClock_Config       0x800'2179   0x7e  Code  Gb  main.o [1]
SystemCoreClock         0x2000'000c    0x4  Data  Gb  system_stm32f4xx.o [1]
SystemInit               0x800'4c29    0xc  Code  Gb  system_stm32f4xx.o [1]
TIM6_DAC_IRQHandler      0x800'4b65    0x6  Code  Gb  stm32f4xx_it.o [1]
TIMER_RPM                0x800'1b79   0x4c  Code  Gb  main.o [1]
TIMER_struct_init        0x800'1b69   0x10  Code  Gb  main.o [1]
TIM_Base_SetConfig       0x800'39d7   0x96  Code  Gb  stm32f4xx_hal_tim.o [1]
TIM_CCxChannelCmd        0x800'3c5f   0x16  Code  Gb  stm32f4xx_hal_tim.o [1]
TIM_ETR_SetConfig        0x800'3c4b   0x14  Code  Gb  stm32f4xx_hal_tim.o [1]
TIM_ITRx_SetConfig       0x800'3c3b   0x10  Code  Lc  stm32f4xx_hal_tim.o [1]
TIM_OC1_SetConfig        0x800'3a6d   0x58  Code  Lc  stm32f4xx_hal_tim.o [1]
TIM_OC2_SetConfig        0x800'3ac5   0x60  Code  Gb  stm32f4xx_hal_tim.o [1]
TIM_OC3_SetConfig        0x800'3b25   0x5e  Code  Lc  stm32f4xx_hal_tim.o [1]
TIM_OC4_SetConfig        0x800'3b83   0x46  Code  Lc  stm32f4xx_hal_tim.o [1]
TIM_TI1_ConfigInputStage
                         0x800'3bf9   0x1e  Code  Lc  stm32f4xx_hal_tim.o [1]
TIM_TI2_ConfigInputStage
                         0x800'3c17   0x24  Code  Lc  stm32f4xx_hal_tim.o [1]
Temper_rw                0x800'1bc5   0xc0  Code  Gb  main.o [1]
UART_DMAAbortOnError     0x800'3281    0xc  Code  Lc  stm32f4xx_hal_uart.o [1]
UART_EndRxTransfer       0x800'321f   0x60  Code  Lc  stm32f4xx_hal_uart.o [1]
UART_Receive_IT          0x800'328d   0xc6  Code  Lc  stm32f4xx_hal_uart.o [1]
UART_SetConfig           0x800'3353   0xae  Code  Lc  stm32f4xx_hal_uart.o [1]
UART_Start_Receive_IT    0x800'31e5   0x3a  Code  Gb  stm32f4xx_hal_uart.o [1]
UART_WaitOnFlagUntilTimeout
                         0x800'3151   0x5e  Code  Lc  stm32f4xx_hal_uart.o [1]
USART2_IRQHandler        0x800'4b57    0x6  Code  Gb  stm32f4xx_it.o [1]
USART_RX_FLAG           0x2000'0374    0x1  Data  Gb  main.o [1]
UsageFault_Handler       0x800'4b39    0x2  Code  Gb  stm32f4xx_it.o [1]
_GenldFullNoMb           0x800'0c79  0x274  Code  Lc  xprintffull_nomb.o [2]
_LdtobFullNoMb           0x800'0875  0x3d6  Code  Lc  xprintffull_nomb.o [2]
_LitobFullNoMb           0x800'0725  0x10a  Code  Lc  xprintffull_nomb.o [2]
_Locale_lconv           0x2000'0010   0x38  Data  Lc  xlocale_c.o [2]
_PrintfFullNoMb          0x800'0189  0x19e  Code  Gb  xprintffull_nomb.o [2]
_PutcharsFullNoMb        0x800'0eed   0x2e  Code  Lc  xprintffull_nomb.o [2]
_PutfldFullNoMb          0x800'03b1  0x268  Code  Lc  xprintffull_nomb.o [2]
_PuttxtFullNoMb          0x800'0619  0x10c  Code  Lc  xprintffull_nomb.o [2]
_SProut                  0x800'0fcb    0xa  Code  Gb  xsprout.o [2]
__NVIC_SetPriority       0x800'4921   0x1a  Code  Lc  stm32f4xx_hal_cortex.o [1]
__aeabi_cdcmple          0x800'1469         Code  Gb  DblCmpLe.o [3]
__aeabi_cdrcmple         0x800'1499         Code  Gb  DblCmpGe.o [3]
__aeabi_d2f              0x800'2cdd         Code  Gb  DblToFlt.o [3]
__aeabi_d2iz             0x800'1605         Code  Gb  DblToS32.o [3]
__aeabi_d2uiz            0x800'1991         Code  Gb  DblToU32.o [3]
__aeabi_ddiv             0x800'1749         Code  Gb  DblDiv.o [3]
__aeabi_dmul             0x800'11ad         Code  Gb  DblMul.o [3]
__aeabi_dsub             0x800'1665         Code  Gb  DblSub.o [3]
__aeabi_f2d              0x800'2c95         Code  Gb  FltToDbl.o [3]
__aeabi_i2d              0x800'1641         Code  Gb  S32ToDbl.o [3]
__aeabi_ldiv0            0x800'19e5         Code  Gb  I64DivZer.o [4]
__aeabi_memclr4          0x800'2441         Code  Gb  ABImemclr4.o [4]
__aeabi_memcpy           0x800'1351         Code  Gb  ABImemcpy.o [4]
__aeabi_memcpy4          0x800'1371         Code  Gb  ABImemcpy.o [4]
__aeabi_memcpy8          0x800'1371         Code  Gb  ABImemcpy.o [4]
__aeabi_ui2d             0x800'19b9         Code  Gb  U32ToDbl.o [3]
__cmain                  0x800'4c49         Code  Gb  cmain.o [4]
__exit                   0x800'1b55   0x14  Code  Gb  exit.o [5]
__iar_Fail_s             0x800'0fd5   0x1c  Code  Gb  xfail_s.o [2]
__iar_Memchr             0x800'104d         Code  Gb  memchr.o [4]
__iar_Memset4_word       0x800'49e5         Code  Gb  ABImemset48.o [4]
__iar_Memset8_word       0x800'49e5         Code  Gb  ABImemset48.o [4]
__iar_Strchr             0x800'0fb5         Code  Gb  strchr.o [4]
__iar_dadd               0x800'1675         Code  Gb  DblSub.o [3]
__iar_data_init3         0x800'4bbd   0x28  Code  Gb  data_init.o [4]
__iar_dsub               0x800'19e9         Code  Gb  DblAdd.o [3]
__iar_dsubStart          0x800'19fb         Code  Gb  DblAdd.o [3]
__iar_frexp              0x800'1405         Code  Gb  frexp.o [3]
__iar_frexpl             0x800'1405         Code  Gb  frexp.o [3]
__iar_init_vfp           0x800'4be5         Code  Gb  fpinit_M.o [3]
__iar_ldexp64            0x800'14c9         Code  Gb  ldexp.o [3]
__iar_packbits_init_single3
                         0x800'4b85   0x38  Code  Gb  packbits_init_single.o [4]
__iar_program_start      0x800'4c8d         Code  Gb  cstartup_M.o [4]
__iar_scalbln64          0x800'14c9         Code  Gb  ldexp.o [3]
__iar_scalbn64           0x800'14c9         Code  Gb  ldexp.o [3]
__iar_small_uldivmod     0x800'10a5         Code  Gb  I64DivMod_small.o [4]
__iar_softfp___iar_frexp64
                         0x800'13f9         Code  Gb  frexp.o [3]
__iar_softfp_frexp       0x800'13f9         Code  Gb  frexp.o [3]
__iar_softfp_frexpl      0x800'13f9         Code  Gb  frexp.o [3]
__iar_zero_init3         0x800'0f7b   0x3a  Code  Gb  zero_init3.o [4]
__low_level_init         0x800'4c67    0x4  Code  Gb  low_level_init.o [2]
__vector_table           0x800'0000         Data  Gb  startup_stm32f407xx.o [1]
_call_main               0x800'4c55         Code  Gb  cmain.o [4]
_exit                    0x800'4c71         Code  Gb  cexit.o [4]
_main                    0x800'4c63         Code  Gb  cmain.o [4]
abort                    0x800'19dd    0x6  Code  Gb  abort.o [2]
exit                     0x800'4c6b    0x4  Code  Gb  exit.o [2]
hi2c1                   0x2000'00a0   0x54  Data  Gb  main.o [1]
hi2c3                   0x2000'00f4   0x54  Data  Gb  main.o [1]
hspi2                   0x2000'0048   0x58  Data  Gb  main.o [1]
htim13                  0x2000'02e4   0x48  Data  Gb  main.o [1]
htim14                  0x2000'032c   0x48  Data  Gb  main.o [1]
htim4                   0x2000'029c   0x48  Data  Gb  main.o [1]
htim6                   0x2000'03bc   0x48  Data  Gb  main.o [1]
huart1                  0x2000'01d0   0x44  Data  Gb  main.o [1]
huart2                  0x2000'0378   0x44  Data  Gb  main.o [1]
huart3                  0x2000'0214   0x44  Data  Gb  main.o [1]
huart4                  0x2000'0148   0x44  Data  Gb  main.o [1]
huart5                  0x2000'018c   0x44  Data  Gb  main.o [1]
huart6                  0x2000'0258   0x44  Data  Gb  main.o [1]
humidity                0x2000'0436    0x2  Data  Gb  main.o [1]
humidity_f              0x2000'043c    0x4  Data  Gb  main.o [1]
ldexp                    0x800'14c9         Code  Gb  ldexp.o [3]
ldexpl                   0x800'14c9         Code  Gb  ldexp.o [3]
localeconv               0x800'19d5    0x4  Code  Gb  xlocale_c.o [2]
main                     0x800'1ced  0x462  Code  Gb  main.o [1]
memchr                   0x800'104d         Code  Gb  memchr.o [4]
scalbln                  0x800'14c9         Code  Gb  ldexp.o [3]
scalblnl                 0x800'14c9         Code  Gb  ldexp.o [3]
scalbn                   0x800'14c9         Code  Gb  ldexp.o [3]
scalbnl                  0x800'14c9         Code  Gb  ldexp.o [3]
scale                    0x800'082f   0x46  Code  Lc  xprintffull_nomb.o [2]
sec_hand                0x2000'0440    0x4  Data  Lc  xfail_s.o [2]
sprintf                  0x800'4405   0x40  Code  Gb  sprintf.o [2]
strchr                   0x800'0fb5         Code  Gb  strchr.o [4]
strlen                   0x800'1015         Code  Gb  strlen.o [4]
temp_rx                 0x2000'0375    0x1  Data  Gb  main.o [1]
temperature             0x2000'0434    0x2  Data  Gb  main.o [1]
temperature_f           0x2000'0438    0x4  Data  Gb  main.o [1]
uwTick                  0x2000'0004    0x4  Data  Gb  stm32f4xx_hal.o [1]
uwTickFreq              0x2000'0000    0x1  Data  Gb  stm32f4xx_hal.o [1]
uwTickPrio              0x2000'0008    0x4  Data  Gb  stm32f4xx_hal.o [1]


[1] = C:\Users\sonartech\Desktop\Yang\Interface CPU BRD\USART-I2C-FAN\EWARM\Test\Obj
[2] = dl7M_tlf.a
[3] = m7M_tls.a
[4] = rt7M_tl.a
[5] = shb_l.a

  19 874 bytes of readonly  code memory
     105 bytes of readonly  data memory
   2 116 bytes of readwrite data memory

Errors: none
Warnings: none
