###############################################################################
#
# IAR ELF Linker V8.32.3.193/W32 for ARM                  13/Sep/2022  15:53:00
# Copyright 2007-2019 IAR Systems AB.
#
#    Output file  =  
#        C:\Users\sonartech\Desktop\Yang\Interface CPU
#        BRD\I2C_USART_FAN\EWARM\Test\Exe\Test.out
#    Map file     =  
#        C:\Users\sonartech\Desktop\Yang\Interface CPU
#        BRD\I2C_USART_FAN\EWARM\Test\List\Test.map
#    Command line =  
#        -f C:\Users\SONART~1\AppData\Local\Temp\EW7C6F.tmp
#        ("C:\Users\sonartech\Desktop\Yang\Interface CPU
#        BRD\I2C_USART_FAN\EWARM\Test\Obj\main.o"
#        "C:\Users\sonartech\Desktop\Yang\Interface CPU
#        BRD\I2C_USART_FAN\EWARM\Test\Obj\startup_stm32f407xx.o"
#        "C:\Users\sonartech\Desktop\Yang\Interface CPU
#        BRD\I2C_USART_FAN\EWARM\Test\Obj\stm32f4xx_hal.o"
#        "C:\Users\sonartech\Desktop\Yang\Interface CPU
#        BRD\I2C_USART_FAN\EWARM\Test\Obj\stm32f4xx_hal_cortex.o"
#        "C:\Users\sonartech\Desktop\Yang\Interface CPU
#        BRD\I2C_USART_FAN\EWARM\Test\Obj\stm32f4xx_hal_dma.o"
#        "C:\Users\sonartech\Desktop\Yang\Interface CPU
#        BRD\I2C_USART_FAN\EWARM\Test\Obj\stm32f4xx_hal_dma_ex.o"
#        "C:\Users\sonartech\Desktop\Yang\Interface CPU
#        BRD\I2C_USART_FAN\EWARM\Test\Obj\stm32f4xx_hal_exti.o"
#        "C:\Users\sonartech\Desktop\Yang\Interface CPU
#        BRD\I2C_USART_FAN\EWARM\Test\Obj\stm32f4xx_hal_flash.o"
#        "C:\Users\sonartech\Desktop\Yang\Interface CPU
#        BRD\I2C_USART_FAN\EWARM\Test\Obj\stm32f4xx_hal_flash_ex.o"
#        "C:\Users\sonartech\Desktop\Yang\Interface CPU
#        BRD\I2C_USART_FAN\EWARM\Test\Obj\stm32f4xx_hal_flash_ramfunc.o"
#        "C:\Users\sonartech\Desktop\Yang\Interface CPU
#        BRD\I2C_USART_FAN\EWARM\Test\Obj\stm32f4xx_hal_gpio.o"
#        "C:\Users\sonartech\Desktop\Yang\Interface CPU
#        BRD\I2C_USART_FAN\EWARM\Test\Obj\stm32f4xx_hal_i2c.o"
#        "C:\Users\sonartech\Desktop\Yang\Interface CPU
#        BRD\I2C_USART_FAN\EWARM\Test\Obj\stm32f4xx_hal_i2c_ex.o"
#        "C:\Users\sonartech\Desktop\Yang\Interface CPU
#        BRD\I2C_USART_FAN\EWARM\Test\Obj\stm32f4xx_hal_msp.o"
#        "C:\Users\sonartech\Desktop\Yang\Interface CPU
#        BRD\I2C_USART_FAN\EWARM\Test\Obj\stm32f4xx_hal_pwr.o"
#        "C:\Users\sonartech\Desktop\Yang\Interface CPU
#        BRD\I2C_USART_FAN\EWARM\Test\Obj\stm32f4xx_hal_pwr_ex.o"
#        "C:\Users\sonartech\Desktop\Yang\Interface CPU
#        BRD\I2C_USART_FAN\EWARM\Test\Obj\stm32f4xx_hal_rcc.o"
#        "C:\Users\sonartech\Desktop\Yang\Interface CPU
#        BRD\I2C_USART_FAN\EWARM\Test\Obj\stm32f4xx_hal_rcc_ex.o"
#        "C:\Users\sonartech\Desktop\Yang\Interface CPU
#        BRD\I2C_USART_FAN\EWARM\Test\Obj\stm32f4xx_hal_spi.o"
#        "C:\Users\sonartech\Desktop\Yang\Interface CPU
#        BRD\I2C_USART_FAN\EWARM\Test\Obj\stm32f4xx_hal_sram.o"
#        "C:\Users\sonartech\Desktop\Yang\Interface CPU
#        BRD\I2C_USART_FAN\EWARM\Test\Obj\stm32f4xx_hal_tim.o"
#        "C:\Users\sonartech\Desktop\Yang\Interface CPU
#        BRD\I2C_USART_FAN\EWARM\Test\Obj\stm32f4xx_hal_tim_ex.o"
#        "C:\Users\sonartech\Desktop\Yang\Interface CPU
#        BRD\I2C_USART_FAN\EWARM\Test\Obj\stm32f4xx_hal_uart.o"
#        "C:\Users\sonartech\Desktop\Yang\Interface CPU
#        BRD\I2C_USART_FAN\EWARM\Test\Obj\stm32f4xx_it.o"
#        "C:\Users\sonartech\Desktop\Yang\Interface CPU
#        BRD\I2C_USART_FAN\EWARM\Test\Obj\stm32f4xx_ll_fsmc.o"
#        "C:\Users\sonartech\Desktop\Yang\Interface CPU
#        BRD\I2C_USART_FAN\EWARM\Test\Obj\system_stm32f4xx.o"
#        --no_out_extension -o "C:\Users\sonartech\Desktop\Yang\Interface CPU
#        BRD\I2C_USART_FAN\EWARM\Test\Exe\Test.out" --redirect
#        _Printf=_PrintfFullNoMb --redirect _Scanf=_ScanfFullNoMb --map
#        "C:\Users\sonartech\Desktop\Yang\Interface CPU
#        BRD\I2C_USART_FAN\EWARM\Test\List\Test.map" --config
#        "C:\Users\sonartech\Desktop\Yang\Interface CPU
#        BRD\I2C_USART_FAN\EWARM/stm32f407xx_flash.icf" --semihosting --entry
#        __iar_program_start --vfe --text_out locale)
#
###############################################################################

*******************************************************************************
*** RUNTIME MODEL ATTRIBUTES
***

CppFlavor       = *
__SystemLibrary = DLib
__dlib_version  = 6


*******************************************************************************
*** HEAP SELECTION
***

The basic heap was selected because no calls to memory allocation
functions were found in the application outside of system library
functions, and there are calls to deallocation functions in the
application.


*******************************************************************************
*** PLACEMENT SUMMARY
***

"A0":  place at 0x800'0000 { ro section .intvec };
"P1":  place in [from 0x800'0000 to 0x80f'ffff] { ro };
define block CSTACK with size = 1K, alignment = 8 { };
define block HEAP with size = 512, alignment = 8 { };
"P2":  place in [from 0x2000'0000 to 0x2001'ffff] {
          rw, block CSTACK, block HEAP };
initialize by copy { rw };

  Section            Kind         Address    Size  Object
  -------            ----         -------    ----  ------
"A0":                                       0x188
  .intvec            ro code   0x800'0000   0x188  startup_stm32f407xx.o [1]
                             - 0x800'0188   0x188

"P1":                                      0x61cc
  .text              ro code   0x800'0188   0xdf2  xprintffull_nomb.o [2]
  .text              ro code   0x800'0f7a    0x3a  zero_init3.o [4]
  .text              ro code   0x800'0fb4    0x16  strchr.o [4]
  .text              ro code   0x800'0fcc    0x40  xfail_s.o [2]
  .text              ro code   0x800'100c    0x36  strlen.o [4]
  .text              ro code   0x800'1044    0x58  memchr.o [4]
  .text              ro code   0x800'109c   0x106  I64DivMod_small.o [4]
  .text              ro code   0x800'11a4   0x1a2  DblMul.o [3]
  .text              ro code   0x800'1348    0xa6  ABImemcpy.o [4]
  .text              ro code   0x800'13f0    0x70  frexp.o [3]
  .text              ro code   0x800'1460    0x2e  DblCmpLe.o [3]
  .text              ro code   0x800'1490    0x2e  DblCmpGe.o [3]
  .text              ro code   0x800'14c0   0x13a  ldexp.o [3]
  .text              ro code   0x800'15fc    0x3a  DblToS32.o [3]
  .text              ro code   0x800'1638    0x22  S32ToDbl.o [3]
  .text              ro code   0x800'165c    0xe2  DblSub.o [3]
  .text              ro code   0x800'1740   0x246  DblDiv.o [3]
  .text              ro code   0x800'1988    0x28  DblToU32.o [3]
  .text              ro code   0x800'19b0    0x1a  U32ToDbl.o [3]
  .text              ro code   0x800'19cc     0x8  xlocale_c.o [2]
  .text              ro code   0x800'19d4     0x6  abort.o [2]
  .text              ro code   0x800'19dc     0x2  I64DivZer.o [4]
  .text              ro code   0x800'19e0   0x17a  DblAdd.o [3]
  .text              ro code   0x800'1b5c    0x14  exit.o [5]
  .text              ro code   0x800'1b70   0xb98  main.o [1]
  .text              ro code   0x800'2708   0x6d8  stm32f4xx_hal_uart.o [1]
  .text              ro code   0x800'2de0   0xa28  stm32f4xx_hal_i2c.o [1]
  .text              ro code   0x800'3808    0x28  stm32f4xx_hal.o [1]
  .text              ro code   0x800'3830    0x46  U64ToDbl.o [3]
  .text              ro code   0x800'3878    0x16  math_wrappers64.o [3]
  .text              ro code   0x800'3890   0x218  stm32f4xx_hal_gpio.o [1]
  .text              ro code   0x800'3aa8    0x34  stm32f4xx_hal.o [1]
  .text              ro code   0x800'3adc    0xc8  stm32f4xx_hal_spi.o [1]
  .text              ro code   0x800'3ba4     0x6  ABImemclr4.o [4]
  .text              ro code   0x800'3bac   0x61a  stm32f4xx_hal_tim.o [1]
  .text              ro code   0x800'41c8    0x8c  stm32f4xx_hal_tim_ex.o [1]
  .text              ro code   0x800'4254   0x59c  stm32f4xx_hal_msp.o [1]
  .text              ro code   0x800'47f0    0x58  stm32f4xx_hal_sram.o [1]
  .text              ro code   0x800'4848    0x48  FltToDbl.o [3]
  .text              ro code   0x800'4890    0x28  printf.o [2]
  .text              ro code   0x800'48b8    0x68  DblToFlt.o [3]
  .text              ro code   0x800'4920   0x330  stm32f4xx_hal_rcc.o [1]
  .text              ro code   0x800'4c50   0x1ac  stm32f4xx_hal_rcc.o [1]
  .text              ro code   0x800'4dfc    0xc4  stm32f4xx_hal_cortex.o [1]
  .text              ro code   0x800'4ec0     0xc  stm32f4xx_hal.o [1]
  .text              ro code   0x800'4ecc    0xb4  stm32f4xx_hal_dma.o [1]
  .text              ro code   0x800'4f80     0x2  stm32f4xx_hal_uart.o [1]
  .text              ro code   0x800'4f82     0x2  stm32f4xx_hal_uart.o [1]
  .text              ro code   0x800'4f84     0x2  stm32f4xx_hal_uart.o [1]
  .text              ro code   0x800'4f88   0x700  pow64.o [3]
  .text              ro code   0x800'5688    0x40  stm32f4xx_hal.o [1]
  .text              ro code   0x800'56c8    0x32  ABImemset48.o [4]
  .text              ro code   0x800'56fa     0x2  stm32f4xx_hal_tim.o [1]
  .text              ro code   0x800'56fc    0xec  stm32f4xx_ll_fsmc.o [1]
  .text              ro code   0x800'57e8    0x20  DblCmpEq.o [3]
  .text              ro code   0x800'5808   0x3e8  iar_Exp64.o [3]
  .rodata            const     0x800'5bf0   0x420  pow64.o [3]
  .text              ro code   0x800'6010    0x38  stm32f4xx_it.o [1]
  .text              ro code   0x800'6048    0x10  stm32f4xx_hal.o [1]
  .text              ro code   0x800'6058    0x38  packbits_init_single.o [4]
  .rodata            const     0x800'6090    0x28  main.o [1]
  .text              ro code   0x800'60b8    0x28  data_init.o [4]
  .text              ro code   0x800'60e0    0x22  fpinit_M.o [3]
  .iar.init_table    const     0x800'6104    0x20  - Linker created -
  .text              ro code   0x800'6124    0x20  system_stm32f4xx.o [1]
  .text              ro code   0x800'6144    0x1e  cmain.o [4]
  .text              ro code   0x800'6162     0x4  low_level_init.o [2]
  .text              ro code   0x800'6166     0x4  exit.o [2]
  .text              ro code   0x800'616c     0xa  cexit.o [4]
  .text              ro code   0x800'6176    0x16  xprout.o [2]
  .text              ro code   0x800'618c     0xc  putchar.o [2]
  .text              ro code   0x800'6198    0x10  startup_stm32f407xx.o [1]
  .text              ro code   0x800'61a8     0xc  cstartup_M.o [4]
  .rodata            const     0x800'61b4     0x8  system_stm32f4xx.o [1]
  .rodata            const     0x800'61bc     0x4  xlocale_c.o [2]
  .text              ro code   0x800'61c0     0x4  startup_stm32f407xx.o [1]
  .text              ro code   0x800'61c4     0x4  startup_stm32f407xx.o [1]
  .text              ro code   0x800'61c8     0x4  startup_stm32f407xx.o [1]
  .text              ro code   0x800'61cc     0x4  startup_stm32f407xx.o [1]
  .text              ro code   0x800'61d0     0x4  startup_stm32f407xx.o [1]
  .text              ro code   0x800'61d4     0x4  startup_stm32f407xx.o [1]
  .text              ro code   0x800'61d8     0x4  startup_stm32f407xx.o [1]
  .text              ro code   0x800'61dc     0x4  startup_stm32f407xx.o [1]
  .text              ro code   0x800'61e0     0x4  startup_stm32f407xx.o [1]
  .text              ro code   0x800'61e4     0x4  startup_stm32f407xx.o [1]
  .text              ro code   0x800'61e8     0x4  startup_stm32f407xx.o [1]
  .text              ro code   0x800'61ec     0x4  startup_stm32f407xx.o [1]
  .text              ro code   0x800'61f0     0x4  startup_stm32f407xx.o [1]
  .text              ro code   0x800'61f4     0x4  startup_stm32f407xx.o [1]
  .text              ro code   0x800'61f8     0x4  startup_stm32f407xx.o [1]
  .text              ro code   0x800'61fc     0x4  startup_stm32f407xx.o [1]
  .text              ro code   0x800'6200     0x4  startup_stm32f407xx.o [1]
  .text              ro code   0x800'6204     0x4  startup_stm32f407xx.o [1]
  .text              ro code   0x800'6208     0x4  startup_stm32f407xx.o [1]
  .text              ro code   0x800'620c     0x4  startup_stm32f407xx.o [1]
  .text              ro code   0x800'6210     0x4  startup_stm32f407xx.o [1]
  .text              ro code   0x800'6214     0x4  startup_stm32f407xx.o [1]
  .text              ro code   0x800'6218     0x4  startup_stm32f407xx.o [1]
  .text              ro code   0x800'621c     0x4  startup_stm32f407xx.o [1]
  .text              ro code   0x800'6220     0x4  startup_stm32f407xx.o [1]
  .text              ro code   0x800'6224     0x4  startup_stm32f407xx.o [1]
  .text              ro code   0x800'6228     0x4  startup_stm32f407xx.o [1]
  .text              ro code   0x800'622c     0x4  startup_stm32f407xx.o [1]
  .text              ro code   0x800'6230     0x4  startup_stm32f407xx.o [1]
  .text              ro code   0x800'6234     0x4  startup_stm32f407xx.o [1]
  .text              ro code   0x800'6238     0x4  startup_stm32f407xx.o [1]
  .text              ro code   0x800'623c     0x4  startup_stm32f407xx.o [1]
  .text              ro code   0x800'6240     0x4  startup_stm32f407xx.o [1]
  .text              ro code   0x800'6244     0x4  startup_stm32f407xx.o [1]
  .text              ro code   0x800'6248     0x4  startup_stm32f407xx.o [1]
  .text              ro code   0x800'624c     0x4  startup_stm32f407xx.o [1]
  .text              ro code   0x800'6250     0x4  startup_stm32f407xx.o [1]
  .text              ro code   0x800'6254     0x4  startup_stm32f407xx.o [1]
  .text              ro code   0x800'6258     0x4  startup_stm32f407xx.o [1]
  .text              ro code   0x800'625c     0x4  startup_stm32f407xx.o [1]
  .text              ro code   0x800'6260     0x4  startup_stm32f407xx.o [1]
  .text              ro code   0x800'6264     0x4  startup_stm32f407xx.o [1]
  .text              ro code   0x800'6268     0x4  startup_stm32f407xx.o [1]
  .text              ro code   0x800'626c     0x4  startup_stm32f407xx.o [1]
  .text              ro code   0x800'6270     0x4  startup_stm32f407xx.o [1]
  .text              ro code   0x800'6274     0x4  startup_stm32f407xx.o [1]
  .text              ro code   0x800'6278     0x4  startup_stm32f407xx.o [1]
  .text              ro code   0x800'627c     0x4  startup_stm32f407xx.o [1]
  .text              ro code   0x800'6280     0x4  startup_stm32f407xx.o [1]
  .text              ro code   0x800'6284     0x4  startup_stm32f407xx.o [1]
  .text              ro code   0x800'6288     0x4  startup_stm32f407xx.o [1]
  .text              ro code   0x800'628c     0x4  startup_stm32f407xx.o [1]
  .text              ro code   0x800'6290     0x4  startup_stm32f407xx.o [1]
  .text              ro code   0x800'6294     0x4  startup_stm32f407xx.o [1]
  .text              ro code   0x800'6298     0x4  startup_stm32f407xx.o [1]
  .text              ro code   0x800'629c     0x4  startup_stm32f407xx.o [1]
  .text              ro code   0x800'62a0     0x4  startup_stm32f407xx.o [1]
  .text              ro code   0x800'62a4     0x4  startup_stm32f407xx.o [1]
  .text              ro code   0x800'62a8     0x4  startup_stm32f407xx.o [1]
  .text              ro code   0x800'62ac     0x4  startup_stm32f407xx.o [1]
  .text              ro code   0x800'62b0     0x4  startup_stm32f407xx.o [1]
  .text              ro code   0x800'62b4     0x4  startup_stm32f407xx.o [1]
  .text              ro code   0x800'62b8     0x4  startup_stm32f407xx.o [1]
  .text              ro code   0x800'62bc     0x4  startup_stm32f407xx.o [1]
  .text              ro code   0x800'62c0     0x4  startup_stm32f407xx.o [1]
  .text              ro code   0x800'62c4     0x4  startup_stm32f407xx.o [1]
  .text              ro code   0x800'62c8     0x4  startup_stm32f407xx.o [1]
  .text              ro code   0x800'62cc     0x4  startup_stm32f407xx.o [1]
  .text              ro code   0x800'62d0     0x4  startup_stm32f407xx.o [1]
  .text              ro code   0x800'62d4     0x4  startup_stm32f407xx.o [1]
  .text              ro code   0x800'62d8     0x4  startup_stm32f407xx.o [1]
  .text              ro code   0x800'62dc     0x4  startup_stm32f407xx.o [1]
  .text              ro code   0x800'62e0     0x4  startup_stm32f407xx.o [1]
  .text              ro code   0x800'62e4     0x4  startup_stm32f407xx.o [1]
  .text              ro code   0x800'62e8     0x4  startup_stm32f407xx.o [1]
  .text              ro code   0x800'62ec     0x4  startup_stm32f407xx.o [1]
  .rodata            const     0x800'62f0     0x0  zero_init3.o [4]
  .rodata            const     0x800'62f0     0x0  packbits_init_single.o [4]
  Initializer bytes  const     0x800'62f0    0x64  <for P2-1>
                             - 0x800'6354  0x61cc

"P2", part 1 of 3:                           0x90
  P2-1                        0x2000'0000    0x90  <Init block>
    .data            inited   0x2000'0000     0xc  stm32f4xx_hal.o [1]
    .data            inited   0x2000'000c     0x4  system_stm32f4xx.o [1]
    .data            inited   0x2000'0010    0x38  xlocale_c.o [2]
    .data            inited   0x2000'0048    0x48  xfiles.o [2]
                            - 0x2000'0090    0x90

"P2", part 2 of 3:                          0x4a0
  .bss               zero     0x2000'0090   0x330  main.o [1]
  .bss               zero     0x2000'03c0    0x60  main.o [1]
  .bss               zero     0x2000'0420    0x60  main.o [1]
  .bss               zero     0x2000'0480    0x58  main.o [1]
  .bss               zero     0x2000'04d8    0x50  xfiles.o [2]
  .bss               zero     0x2000'0528     0x4  stm32f4xx_hal_msp.o [1]
  .bss               zero     0x2000'052c     0x4  xfail_s.o [2]
                            - 0x2000'0530   0x4a0

"P2", part 3 of 3:                          0x400
  CSTACK                      0x2000'0530   0x400  <Block>
    CSTACK           uninit   0x2000'0530   0x400  <Block tail>
                            - 0x2000'0930   0x400

Unused ranges:

         From           To      Size
         ----           --      ----
   0x800'6354   0x80f'ffff  0xf'9cac
  0x2000'0930  0x2001'ffff  0x1'f6d0


*******************************************************************************
*** INIT TABLE
***

          Address      Size
          -------      ----
Zero (__iar_zero_init3)
    1 destination range, total size 0x4a0:
          0x2000'0090  0x4a0

Copy/packbits (__iar_packbits_init_single3)
    1 source range, total size 0x64 (69% of destination):
           0x800'62f0   0x64
    1 destination range, total size 0x90:
          0x2000'0000   0x90



*******************************************************************************
*** MODULE SUMMARY
***

    Module                  ro code  ro data  rw data
    ------                  -------  -------  -------
command line/config:
    -------------------------------------------------
    Total:

C:\Users\sonartech\Desktop\Yang\Interface CPU BRD\I2C_USART_FAN\EWARM\Test\Obj: [1]
    main.o                    2 968       40    1 096
    startup_stm32f407xx.o       712
    stm32f4xx_hal.o             184        8       12
    stm32f4xx_hal_cortex.o      196
    stm32f4xx_hal_dma.o         180
    stm32f4xx_hal_gpio.o        536
    stm32f4xx_hal_i2c.o       2 600
    stm32f4xx_hal_msp.o       1 436                 4
    stm32f4xx_hal_rcc.o       1 244
    stm32f4xx_hal_spi.o         200
    stm32f4xx_hal_sram.o         88
    stm32f4xx_hal_tim.o       1 564
    stm32f4xx_hal_tim_ex.o      140
    stm32f4xx_hal_uart.o      1 758
    stm32f4xx_it.o               56
    stm32f4xx_ll_fsmc.o         236
    system_stm32f4xx.o           32       11        4
    -------------------------------------------------
    Total:                   14 130       59    1 116

dl7M_tlf.a: [2]
    abort.o                       6
    exit.o                        4
    low_level_init.o              4
    printf.o                     40
    putchar.o                    12
    xfail_s.o                    64                 4
    xfiles.o                              50      152
    xlocale_c.o                   8       43       56
    xprintffull_nomb.o        3 570
    xprout.o                     22
    -------------------------------------------------
    Total:                    3 730       93      212

m7M_tls.a: [3]
    DblAdd.o                    378
    DblCmpEq.o                   32
    DblCmpGe.o                   46
    DblCmpLe.o                   46
    DblDiv.o                    582
    DblMul.o                    418
    DblSub.o                    226
    DblToFlt.o                  104
    DblToS32.o                   58
    DblToU32.o                   40
    FltToDbl.o                   72
    S32ToDbl.o                   34
    U32ToDbl.o                   26
    U64ToDbl.o                   70
    fpinit_M.o                   34
    frexp.o                     112
    iar_Exp64.o               1 000
    ldexp.o                     314
    math_wrappers64.o            22
    pow64.o                   1 792    1 056
    -------------------------------------------------
    Total:                    5 406    1 056

rt7M_tl.a: [4]
    ABImemclr4.o                  6
    ABImemcpy.o                 166
    ABImemset48.o                50
    I64DivMod_small.o           262
    I64DivZer.o                   2
    cexit.o                      10
    cmain.o                      30
    cstartup_M.o                 12
    data_init.o                  40
    memchr.o                     88
    packbits_init_single.o       56
    strchr.o                     22
    strlen.o                     54
    zero_init3.o                 58
    -------------------------------------------------
    Total:                      856

shb_l.a: [5]
    exit.o                       20
    -------------------------------------------------
    Total:                       20

    Gaps                         44        2
    Linker created                        32    1 024
-----------------------------------------------------
    Grand Total:             24 186    1 242    2 352


*******************************************************************************
*** ENTRY LIST
***

Entry                       Address   Size  Type      Object
-----                       -------   ----  ----      ------
.iar.init_table$$Base    0x800'6104          --   Gb  - Linker created -
.iar.init_table$$Limit   0x800'6124          --   Gb  - Linker created -
?main                    0x800'6145         Code  Gb  cmain.o [4]
A1_DATA                 0x2000'0424    0xc  Data  Gb  main.o [1]
A2_DATA                 0x2000'0430    0xc  Data  Gb  main.o [1]
AHBPrescTable            0x800'6134   0x10  Data  Gb  system_stm32f4xx.o [1]
APBPrescTable            0x800'61b4    0x8  Data  Gb  system_stm32f4xx.o [1]
B1_DATA                 0x2000'03c0    0xc  Data  Gb  main.o [1]
B2_DATA                 0x2000'03cc    0xc  Data  Gb  main.o [1]
BusFault_Handler         0x800'6017    0x2  Code  Gb  stm32f4xx_it.o [1]
CSTACK$$Base            0x2000'0530          --   Gb  - Linker created -
CSTACK$$Limit           0x2000'0930          --   Gb  - Linker created -
DebugMon_Handler         0x800'601d    0x2  Code  Gb  stm32f4xx_it.o [1]
EXTI15_10_IRQHandler     0x800'6041    0x8  Code  Gb  stm32f4xx_it.o [1]
EXTI2_IRQHandler         0x800'6025    0x6  Code  Gb  stm32f4xx_it.o [1]
EXTI3_IRQHandler         0x800'602b    0x6  Code  Gb  stm32f4xx_it.o [1]
EXTI9_5_IRQHandler       0x800'6031    0x6  Code  Gb  stm32f4xx_it.o [1]
Error_Handler            0x800'26d3    0x4  Code  Gb  main.o [1]
FSMC_Initialized        0x2000'0528    0x4  Data  Lc  stm32f4xx_hal_msp.o [1]
FSMC_NORSRAM_Extended_Timing_Init
                         0x800'57a3   0x3c  Code  Gb  stm32f4xx_ll_fsmc.o [1]
FSMC_NORSRAM_Init        0x800'56fd   0x58  Code  Gb  stm32f4xx_ll_fsmc.o [1]
FSMC_NORSRAM_Timing_Init
                         0x800'5763   0x40  Code  Gb  stm32f4xx_ll_fsmc.o [1]
HAL_DMA_Abort            0x800'4ecd   0x86  Code  Gb  stm32f4xx_hal_dma.o [1]
HAL_DMA_Abort_IT         0x800'4f53   0x24  Code  Gb  stm32f4xx_hal_dma.o [1]
HAL_Delay                0x800'3809   0x28  Code  Wk  stm32f4xx_hal.o [1]
HAL_GPIO_EXTI_Callback   0x800'1e65   0x42  Code  Gb  main.o [1]
HAL_GPIO_EXTI_IRQHandler
                         0x800'3a67   0x10  Code  Gb  stm32f4xx_hal_gpio.o [1]
HAL_GPIO_Init            0x800'3891  0x1be  Code  Gb  stm32f4xx_hal_gpio.o [1]
HAL_GPIO_TogglePin       0x800'3a57   0x10  Code  Gb  stm32f4xx_hal_gpio.o [1]
HAL_GPIO_WritePin        0x800'3a4f    0x8  Code  Gb  stm32f4xx_hal_gpio.o [1]
HAL_GetTick              0x800'4ec1    0xc  Code  Wk  stm32f4xx_hal.o [1]
HAL_I2C_Init             0x800'2de1  0x12c  Code  Gb  stm32f4xx_hal_i2c.o [1]
HAL_I2C_Master_Receive   0x800'2fc3   0xda  Code  Gb  stm32f4xx_hal_i2c.o [1]
HAL_I2C_Master_Transmit
                         0x800'2f19   0xaa  Code  Gb  stm32f4xx_hal_i2c.o [1]
HAL_I2C_Mem_Read         0x800'315b   0xfe  Code  Gb  stm32f4xx_hal_i2c.o [1]
HAL_I2C_MspInit          0x800'428b   0xca  Code  Gb  stm32f4xx_hal_msp.o [1]
HAL_IncTick              0x800'6049   0x10  Code  Wk  stm32f4xx_hal.o [1]
HAL_Init                 0x800'3aa9   0x30  Code  Gb  stm32f4xx_hal.o [1]
HAL_InitTick             0x800'5689   0x40  Code  Wk  stm32f4xx_hal.o [1]
HAL_MspInit              0x800'4255   0x36  Code  Gb  stm32f4xx_hal_msp.o [1]
HAL_NVIC_EnableIRQ       0x800'4e6b   0x16  Code  Gb  stm32f4xx_hal_cortex.o [1]
HAL_NVIC_SetPriority     0x800'4e31   0x3a  Code  Gb  stm32f4xx_hal_cortex.o [1]
HAL_NVIC_SetPriorityGrouping
                         0x800'4e17   0x1a  Code  Gb  stm32f4xx_hal_cortex.o [1]
HAL_RCC_ClockConfig      0x800'4c51  0x100  Code  Gb  stm32f4xx_hal_rcc.o [1]
HAL_RCC_GetPCLK1Freq     0x800'4d5d   0x10  Code  Gb  stm32f4xx_hal_rcc.o [1]
HAL_RCC_GetPCLK2Freq     0x800'4d6d    0xe  Code  Gb  stm32f4xx_hal_rcc.o [1]
HAL_RCC_OscConfig        0x800'4921  0x330  Code  Wk  stm32f4xx_hal_rcc.o [1]
HAL_SPI_Init             0x800'3add   0xb4  Code  Gb  stm32f4xx_hal_spi.o [1]
HAL_SPI_MspInit          0x800'4367   0x6c  Code  Gb  stm32f4xx_hal_msp.o [1]
HAL_SRAM_Init            0x800'47f1   0x58  Code  Gb  stm32f4xx_hal_sram.o [1]
HAL_SRAM_MspInit         0x800'46f1   0x86  Code  Gb  stm32f4xx_hal_msp.o [1]
HAL_SYSTICK_Config       0x800'4e81   0x28  Code  Gb  stm32f4xx_hal_cortex.o [1]
HAL_TIMEx_MasterConfigSynchronization
                         0x800'41c9   0x6e  Code  Gb  stm32f4xx_hal_tim_ex.o [1]
HAL_TIM_Base_Init        0x800'3bad   0x1a  Code  Gb  stm32f4xx_hal_tim.o [1]
HAL_TIM_Base_MspInit     0x800'43d3   0x7e  Code  Gb  stm32f4xx_hal_msp.o [1]
HAL_TIM_Base_Start_IT    0x800'3bc7   0x7c  Code  Gb  stm32f4xx_hal_tim.o [1]
HAL_TIM_ConfigClockSource
                         0x800'3e5f   0xaa  Code  Gb  stm32f4xx_hal_tim.o [1]
HAL_TIM_MspPostInit      0x800'4451   0x92  Code  Gb  stm32f4xx_hal_msp.o [1]
HAL_TIM_PWM_ConfigChannel
                         0x800'3d9b   0xb6  Code  Gb  stm32f4xx_hal_tim.o [1]
HAL_TIM_PWM_Init         0x800'3c69   0x1a  Code  Gb  stm32f4xx_hal_tim.o [1]
HAL_TIM_PWM_Start        0x800'3c83   0x9a  Code  Gb  stm32f4xx_hal_tim.o [1]
HAL_UART_IRQHandler      0x800'287b  0x258  Code  Gb  stm32f4xx_hal_uart.o [1]
HAL_UART_Init            0x800'2709   0x1e  Code  Gb  stm32f4xx_hal_uart.o [1]
HAL_UART_MspInit         0x800'44f9  0x1ac  Code  Gb  stm32f4xx_hal_msp.o [1]
HAL_UART_Receive_IT      0x800'2831   0x30  Code  Gb  stm32f4xx_hal_uart.o [1]
HAL_UART_RxCpltCallback
                         0x800'1ea7   0x2e  Code  Gb  main.o [1]
HAL_UART_Transmit        0x800'277f   0xb2  Code  Gb  stm32f4xx_hal_uart.o [1]
HardFault_Handler        0x800'6013    0x2  Code  Gb  stm32f4xx_it.o [1]
I2C_IsAcknowledgeFailed
                         0x800'37dd   0x2c  Code  Lc  stm32f4xx_hal_i2c.o [1]
I2C_MasterRequestRead    0x800'345f   0xc0  Code  Lc  stm32f4xx_hal_i2c.o [1]
I2C_MasterRequestWrite   0x800'33bf   0x88  Code  Lc  stm32f4xx_hal_i2c.o [1]
I2C_RequestMemoryRead    0x800'3541   0xa6  Code  Lc  stm32f4xx_hal_i2c.o [1]
I2C_Temperature          0x800'1c1d  0x208  Code  Gb  main.o [1]
I2C_WaitOnBTFFlagUntilTimeout
                         0x800'374d   0x38  Code  Lc  stm32f4xx_hal_i2c.o [1]
I2C_WaitOnFlagUntilTimeout
                         0x800'3631   0x50  Code  Lc  stm32f4xx_hal_i2c.o [1]
I2C_WaitOnMasterAddressFlagUntilTimeout
                         0x800'3681   0x78  Code  Lc  stm32f4xx_hal_i2c.o [1]
I2C_WaitOnRXNEFlagUntilTimeout
                         0x800'3785   0x44  Code  Lc  stm32f4xx_hal_i2c.o [1]
I2C_WaitOnTXEFlagUntilTimeout
                         0x800'36f9   0x38  Code  Lc  stm32f4xx_hal_i2c.o [1]
LoadInt                  0x800'0337   0x7a  Code  Lc  xprintffull_nomb.o [2]
MX_GPIO_Init             0x800'246f  0x1b4  Code  Lc  main.o [1]
MemManage_Handler        0x800'6015    0x2  Code  Gb  stm32f4xx_it.o [1]
NMI_Handler              0x800'6011    0x2  Code  Gb  stm32f4xx_it.o [1]
PendSV_Handler           0x800'601f    0x2  Code  Gb  stm32f4xx_it.o [1]
Region$$Table$$Base      0x800'6104          --   Gb  - Linker created -
Region$$Table$$Limit     0x800'6124          --   Gb  - Linker created -
SVC_Handler              0x800'601b    0x2  Code  Gb  stm32f4xx_it.o [1]
SysTick_Handler          0x800'6021    0x4  Code  Gb  stm32f4xx_it.o [1]
SystemClock_Config       0x800'23f1   0x7e  Code  Gb  main.o [1]
SystemCoreClock         0x2000'000c    0x4  Data  Gb  system_stm32f4xx.o [1]
SystemInit               0x800'6125    0xc  Code  Gb  system_stm32f4xx.o [1]
TEST_I2C                 0x800'1be1   0x3c  Code  Gb  main.o [1]
TIMER_RPM                0x800'1b95   0x4c  Code  Gb  main.o [1]
TIMER_struct_init        0x800'1b85   0x10  Code  Gb  main.o [1]
TIM_Base_SetConfig       0x800'3f23   0x96  Code  Gb  stm32f4xx_hal_tim.o [1]
TIM_CCxChannelCmd        0x800'41ab   0x16  Code  Gb  stm32f4xx_hal_tim.o [1]
TIM_ETR_SetConfig        0x800'4197   0x14  Code  Gb  stm32f4xx_hal_tim.o [1]
TIM_ITRx_SetConfig       0x800'4187   0x10  Code  Lc  stm32f4xx_hal_tim.o [1]
TIM_OC1_SetConfig        0x800'3fb9   0x58  Code  Lc  stm32f4xx_hal_tim.o [1]
TIM_OC2_SetConfig        0x800'4011   0x60  Code  Gb  stm32f4xx_hal_tim.o [1]
TIM_OC3_SetConfig        0x800'4071   0x5e  Code  Lc  stm32f4xx_hal_tim.o [1]
TIM_OC4_SetConfig        0x800'40cf   0x46  Code  Lc  stm32f4xx_hal_tim.o [1]
TIM_TI1_ConfigInputStage
                         0x800'4145   0x1e  Code  Lc  stm32f4xx_hal_tim.o [1]
TIM_TI2_ConfigInputStage
                         0x800'4163   0x24  Code  Lc  stm32f4xx_hal_tim.o [1]
UART_DMAAbortOnError     0x800'2c45    0xc  Code  Lc  stm32f4xx_hal_uart.o [1]
UART_EndRxTransfer       0x800'2be3   0x60  Code  Lc  stm32f4xx_hal_uart.o [1]
UART_Receive_IT          0x800'2c51   0xc6  Code  Lc  stm32f4xx_hal_uart.o [1]
UART_SetConfig           0x800'2d17   0xae  Code  Lc  stm32f4xx_hal_uart.o [1]
UART_Start_Receive_IT    0x800'2ba9   0x3a  Code  Gb  stm32f4xx_hal_uart.o [1]
UART_WaitOnFlagUntilTimeout
                         0x800'2b15   0x5e  Code  Lc  stm32f4xx_hal_uart.o [1]
USART2_IRQHandler        0x800'6037    0x6  Code  Gb  stm32f4xx_it.o [1]
USART_RX_FLAG           0x2000'0420    0x1  Data  Gb  main.o [1]
UsageFault_Handler       0x800'6019    0x2  Code  Gb  stm32f4xx_it.o [1]
_GenldFullNoMb           0x800'0c79  0x274  Code  Lc  xprintffull_nomb.o [2]
_LdtobFullNoMb           0x800'0875  0x3d6  Code  Lc  xprintffull_nomb.o [2]
_LitobFullNoMb           0x800'0725  0x10a  Code  Lc  xprintffull_nomb.o [2]
_Locale_lconv           0x2000'0010   0x38  Data  Lc  xlocale_c.o [2]
_PrintfFullNoMb          0x800'0189  0x19e  Code  Gb  xprintffull_nomb.o [2]
_Prout                   0x800'6177   0x16  Code  Gb  xprout.o [2]
_PutcharsFullNoMb        0x800'0eed   0x2e  Code  Lc  xprintffull_nomb.o [2]
_PutfldFullNoMb          0x800'03b1  0x268  Code  Lc  xprintffull_nomb.o [2]
_PuttxtFullNoMb          0x800'0619  0x10c  Code  Lc  xprintffull_nomb.o [2]
__NVIC_SetPriority       0x800'4dfd   0x1a  Code  Lc  stm32f4xx_hal_cortex.o [1]
__aeabi_cdcmpeq          0x800'57e9         Code  Gb  DblCmpEq.o [3]
__aeabi_cdcmple          0x800'1461         Code  Gb  DblCmpLe.o [3]
__aeabi_cdrcmple         0x800'1491         Code  Gb  DblCmpGe.o [3]
__aeabi_d2f              0x800'48b9         Code  Gb  DblToFlt.o [3]
__aeabi_d2iz             0x800'15fd         Code  Gb  DblToS32.o [3]
__aeabi_d2uiz            0x800'1989         Code  Gb  DblToU32.o [3]
__aeabi_dadd             0x800'19e1         Code  Gb  DblAdd.o [3]
__aeabi_ddiv             0x800'1741         Code  Gb  DblDiv.o [3]
__aeabi_dmul             0x800'11a5         Code  Gb  DblMul.o [3]
__aeabi_dsub             0x800'165d         Code  Gb  DblSub.o [3]
__aeabi_f2d              0x800'4849         Code  Gb  FltToDbl.o [3]
__aeabi_i2d              0x800'1639         Code  Gb  S32ToDbl.o [3]
__aeabi_ldiv0            0x800'19dd         Code  Gb  I64DivZer.o [4]
__aeabi_memclr4          0x800'3ba5         Code  Gb  ABImemclr4.o [4]
__aeabi_memcpy           0x800'1349         Code  Gb  ABImemcpy.o [4]
__aeabi_memcpy4          0x800'1369         Code  Gb  ABImemcpy.o [4]
__aeabi_memcpy8          0x800'1369         Code  Gb  ABImemcpy.o [4]
__aeabi_ui2d             0x800'19b1         Code  Gb  U32ToDbl.o [3]
__aeabi_ul2d             0x800'3831         Code  Gb  U64ToDbl.o [3]
__cmain                  0x800'6145         Code  Gb  cmain.o [4]
__exit                   0x800'1b5d   0x14  Code  Gb  exit.o [5]
__iar_Exp64              0x800'5809  0x388  Code  Gb  iar_Exp64.o [3]
__iar_Fail_s             0x800'0fcd   0x1c  Code  Gb  xfail_s.o [2]
__iar_Memchr             0x800'1045         Code  Gb  memchr.o [4]
__iar_Memset4_word       0x800'56c9         Code  Gb  ABImemset48.o [4]
__iar_Memset8_word       0x800'56c9         Code  Gb  ABImemset48.o [4]
__iar_Pow64              0x800'4f89  0x654  Code  Lc  pow64.o [3]
__iar_Stdout            0x2000'0048   0x48  Data  Gb  xfiles.o [2]
__iar_Strchr             0x800'0fb5         Code  Gb  strchr.o [4]
__iar_dadd               0x800'166d         Code  Gb  DblSub.o [3]
__iar_data_init3         0x800'60b9   0x28  Code  Gb  data_init.o [4]
__iar_dsub               0x800'19f1         Code  Gb  DblAdd.o [3]
__iar_dsubStart          0x800'1a03         Code  Gb  DblAdd.o [3]
__iar_frexp              0x800'13fd         Code  Gb  frexp.o [3]
__iar_frexpl             0x800'13fd         Code  Gb  frexp.o [3]
__iar_init_vfp           0x800'60e1         Code  Gb  fpinit_M.o [3]
__iar_ldexp64            0x800'14c1         Code  Gb  ldexp.o [3]
__iar_packbits_init_single3
                         0x800'6059   0x38  Code  Gb  packbits_init_single.o [4]
__iar_pow64              0x800'5675   0x14  Code  Gb  pow64.o [3]
__iar_pow_medium         0x800'5675   0x14  Code  Gb  pow64.o [3]
__iar_pow_medium64       0x800'5675   0x14  Code  Gb  pow64.o [3]
__iar_pow_mediuml        0x800'5675   0x14  Code  Gb  pow64.o [3]
__iar_program_start      0x800'61a9         Code  Gb  cstartup_M.o [4]
__iar_scalbln64          0x800'14c1         Code  Gb  ldexp.o [3]
__iar_scalbn64           0x800'14c1         Code  Gb  ldexp.o [3]
__iar_small_uldivmod     0x800'109d         Code  Gb  I64DivMod_small.o [4]
__iar_softfp___iar_frexp64
                         0x800'13f1         Code  Gb  frexp.o [3]
__iar_softfp_frexp       0x800'13f1         Code  Gb  frexp.o [3]
__iar_softfp_frexpl      0x800'13f1         Code  Gb  frexp.o [3]
__iar_vfp_pow            0x800'387f   0x10  Code  Gb  math_wrappers64.o [3]
__iar_zero_init3         0x800'0f7b   0x3a  Code  Gb  zero_init3.o [4]
__low_level_init         0x800'6163    0x4  Code  Gb  low_level_init.o [2]
__vector_table           0x800'0000         Data  Gb  startup_stm32f407xx.o [1]
_call_main               0x800'6151         Code  Gb  cmain.o [4]
_exit                    0x800'616d         Code  Gb  cexit.o [4]
_main                    0x800'615f         Code  Gb  cmain.o [4]
abort                    0x800'19d5    0x6  Code  Gb  abort.o [2]
exit                     0x800'6167    0x4  Code  Gb  exit.o [2]
fputc                    0x800'1b71   0x14  Code  Gb  main.o [1]
hi2c1                   0x2000'0480   0x54  Data  Gb  main.o [1]
hi2c3                   0x2000'0138   0x54  Data  Gb  main.o [1]
hspi2                   0x2000'00e0   0x58  Data  Gb  main.o [1]
hsram2                  0x2000'0090   0x50  Data  Gb  main.o [1]
htim13                  0x2000'0328   0x48  Data  Gb  main.o [1]
htim14                  0x2000'0370   0x48  Data  Gb  main.o [1]
htim4                   0x2000'02e0   0x48  Data  Gb  main.o [1]
htim6                   0x2000'03d8   0x48  Data  Gb  main.o [1]
huart1                  0x2000'0214   0x44  Data  Gb  main.o [1]
huart2                  0x2000'043c   0x44  Data  Gb  main.o [1]
huart3                  0x2000'0258   0x44  Data  Gb  main.o [1]
huart4                  0x2000'018c   0x44  Data  Gb  main.o [1]
huart5                  0x2000'01d0   0x44  Data  Gb  main.o [1]
huart6                  0x2000'029c   0x44  Data  Gb  main.o [1]
i2c_rx                  0x2000'04d4    0x4  Data  Gb  main.o [1]
ldexp                    0x800'14c1         Code  Gb  ldexp.o [3]
ldexpl                   0x800'14c1         Code  Gb  ldexp.o [3]
lnbias                   0x800'5bf0  0x420  Data  Lc  pow64.o [3]
localeconv               0x800'19cd    0x4  Code  Gb  xlocale_c.o [2]
main                     0x800'1f05  0x4d0  Code  Gb  main.o [1]
memchr                   0x800'1045         Code  Gb  memchr.o [4]
obuf                    0x2000'04d8   0x50  Data  Lc  xfiles.o [2]
pow                      0x800'5675   0x14  Code  Gb  pow64.o [3]
powl                     0x800'5675   0x14  Code  Gb  pow64.o [3]
printf                   0x800'4891   0x28  Code  Gb  printf.o [2]
putchar                  0x800'618d    0xc  Code  Gb  putchar.o [2]
scalbln                  0x800'14c1         Code  Gb  ldexp.o [3]
scalblnl                 0x800'14c1         Code  Gb  ldexp.o [3]
scalbn                   0x800'14c1         Code  Gb  ldexp.o [3]
scalbnl                  0x800'14c1         Code  Gb  ldexp.o [3]
scale                    0x800'082f   0x46  Code  Lc  xprintffull_nomb.o [2]
sec_hand                0x2000'052c    0x4  Data  Lc  xfail_s.o [2]
strchr                   0x800'0fb5         Code  Gb  strchr.o [4]
strlen                   0x800'100d         Code  Gb  strlen.o [4]
temp_rx                 0x2000'0421    0x1  Data  Gb  main.o [1]
temperature_f1          0x2000'03b8    0x4  Data  Gb  main.o [1]
temperature_f2          0x2000'03bc    0x4  Data  Gb  main.o [1]
uwTick                  0x2000'0004    0x4  Data  Gb  stm32f4xx_hal.o [1]
uwTickFreq              0x2000'0000    0x1  Data  Gb  stm32f4xx_hal.o [1]
uwTickPrio              0x2000'0008    0x4  Data  Gb  stm32f4xx_hal.o [1]


[1] = C:\Users\sonartech\Desktop\Yang\Interface CPU BRD\I2C_USART_FAN\EWARM\Test\Obj
[2] = dl7M_tlf.a
[3] = m7M_tls.a
[4] = rt7M_tl.a
[5] = shb_l.a

  24 186 bytes of readonly  code memory
   1 242 bytes of readonly  data memory
   2 352 bytes of readwrite data memory

Errors: none
Warnings: none
