###############################################################################
#
# IAR ELF Linker V8.32.3.193/W32 for ARM                  13/Sep/2022  13:46:59
# Copyright 2007-2019 IAR Systems AB.
#
#    Output file  =  
#        C:\Users\sonartech\Desktop\Yang\Interface CPU
#        BRD\I2C_USART\EWARM\Test\Exe\Test.out
#    Map file     =  
#        C:\Users\sonartech\Desktop\Yang\Interface CPU
#        BRD\I2C_USART\EWARM\Test\List\Test.map
#    Command line =  
#        -f C:\Users\SONART~1\AppData\Local\Temp\EW1C03.tmp
#        ("C:\Users\sonartech\Desktop\Yang\Interface CPU
#        BRD\I2C_USART\EWARM\Test\Obj\main.o"
#        "C:\Users\sonartech\Desktop\Yang\Interface CPU
#        BRD\I2C_USART\EWARM\Test\Obj\startup_stm32f407xx.o"
#        "C:\Users\sonartech\Desktop\Yang\Interface CPU
#        BRD\I2C_USART\EWARM\Test\Obj\stm32f4xx_hal.o"
#        "C:\Users\sonartech\Desktop\Yang\Interface CPU
#        BRD\I2C_USART\EWARM\Test\Obj\stm32f4xx_hal_cortex.o"
#        "C:\Users\sonartech\Desktop\Yang\Interface CPU
#        BRD\I2C_USART\EWARM\Test\Obj\stm32f4xx_hal_dma.o"
#        "C:\Users\sonartech\Desktop\Yang\Interface CPU
#        BRD\I2C_USART\EWARM\Test\Obj\stm32f4xx_hal_dma_ex.o"
#        "C:\Users\sonartech\Desktop\Yang\Interface CPU
#        BRD\I2C_USART\EWARM\Test\Obj\stm32f4xx_hal_exti.o"
#        "C:\Users\sonartech\Desktop\Yang\Interface CPU
#        BRD\I2C_USART\EWARM\Test\Obj\stm32f4xx_hal_flash.o"
#        "C:\Users\sonartech\Desktop\Yang\Interface CPU
#        BRD\I2C_USART\EWARM\Test\Obj\stm32f4xx_hal_flash_ex.o"
#        "C:\Users\sonartech\Desktop\Yang\Interface CPU
#        BRD\I2C_USART\EWARM\Test\Obj\stm32f4xx_hal_flash_ramfunc.o"
#        "C:\Users\sonartech\Desktop\Yang\Interface CPU
#        BRD\I2C_USART\EWARM\Test\Obj\stm32f4xx_hal_gpio.o"
#        "C:\Users\sonartech\Desktop\Yang\Interface CPU
#        BRD\I2C_USART\EWARM\Test\Obj\stm32f4xx_hal_i2c.o"
#        "C:\Users\sonartech\Desktop\Yang\Interface CPU
#        BRD\I2C_USART\EWARM\Test\Obj\stm32f4xx_hal_i2c_ex.o"
#        "C:\Users\sonartech\Desktop\Yang\Interface CPU
#        BRD\I2C_USART\EWARM\Test\Obj\stm32f4xx_hal_msp.o"
#        "C:\Users\sonartech\Desktop\Yang\Interface CPU
#        BRD\I2C_USART\EWARM\Test\Obj\stm32f4xx_hal_pwr.o"
#        "C:\Users\sonartech\Desktop\Yang\Interface CPU
#        BRD\I2C_USART\EWARM\Test\Obj\stm32f4xx_hal_pwr_ex.o"
#        "C:\Users\sonartech\Desktop\Yang\Interface CPU
#        BRD\I2C_USART\EWARM\Test\Obj\stm32f4xx_hal_rcc.o"
#        "C:\Users\sonartech\Desktop\Yang\Interface CPU
#        BRD\I2C_USART\EWARM\Test\Obj\stm32f4xx_hal_rcc_ex.o"
#        "C:\Users\sonartech\Desktop\Yang\Interface CPU
#        BRD\I2C_USART\EWARM\Test\Obj\stm32f4xx_hal_spi.o"
#        "C:\Users\sonartech\Desktop\Yang\Interface CPU
#        BRD\I2C_USART\EWARM\Test\Obj\stm32f4xx_hal_tim.o"
#        "C:\Users\sonartech\Desktop\Yang\Interface CPU
#        BRD\I2C_USART\EWARM\Test\Obj\stm32f4xx_hal_tim_ex.o"
#        "C:\Users\sonartech\Desktop\Yang\Interface CPU
#        BRD\I2C_USART\EWARM\Test\Obj\stm32f4xx_hal_uart.o"
#        "C:\Users\sonartech\Desktop\Yang\Interface CPU
#        BRD\I2C_USART\EWARM\Test\Obj\stm32f4xx_it.o"
#        "C:\Users\sonartech\Desktop\Yang\Interface CPU
#        BRD\I2C_USART\EWARM\Test\Obj\system_stm32f4xx.o" --no_out_extension -o
#        "C:\Users\sonartech\Desktop\Yang\Interface CPU
#        BRD\I2C_USART\EWARM\Test\Exe\Test.out" --redirect
#        _Printf=_PrintfFullNoMb --redirect _Scanf=_ScanfFullNoMb --map
#        "C:\Users\sonartech\Desktop\Yang\Interface CPU
#        BRD\I2C_USART\EWARM\Test\List\Test.map" --config
#        "C:\Users\sonartech\Desktop\Yang\Interface CPU
#        BRD\I2C_USART\EWARM/stm32f407xx_flash.icf" --semihosting --entry
#        __iar_program_start --vfe --text_out locale)
#
###############################################################################

*******************************************************************************
*** RUNTIME MODEL ATTRIBUTES
***

CppFlavor       = *
__SystemLibrary = DLib
__dlib_version  = 6


*******************************************************************************
*** HEAP SELECTION
***

The basic heap was selected because no calls to memory allocation
functions were found in the application outside of system library
functions, and there are calls to deallocation functions in the
application.


*******************************************************************************
*** PLACEMENT SUMMARY
***

"A0":  place at 0x800'0000 { ro section .intvec };
"P1":  place in [from 0x800'0000 to 0x80f'ffff] { ro };
define block CSTACK with size = 1K, alignment = 8 { };
define block HEAP with size = 512, alignment = 8 { };
"P2":  place in [from 0x2000'0000 to 0x2001'ffff] {
          rw, block CSTACK, block HEAP };
initialize by copy { rw };

  Section            Kind         Address    Size  Object
  -------            ----         -------    ----  ------
"A0":                                       0x188
  .intvec            ro code   0x800'0000   0x188  startup_stm32f407xx.o [1]
                             - 0x800'0188   0x188

"P1":                                      0x5048
  .text              ro code   0x800'0188   0xdf2  xprintffull_nomb.o [2]
  .text              ro code   0x800'0f7a    0x3a  zero_init3.o [4]
  .text              ro code   0x800'0fb4    0x16  strchr.o [4]
  .text              ro code   0x800'0fca     0xa  xsprout.o [2]
  .text              ro code   0x800'0fd4    0x40  xfail_s.o [2]
  .text              ro code   0x800'1014    0x36  strlen.o [4]
  .text              ro code   0x800'104c    0x58  memchr.o [4]
  .text              ro code   0x800'10a4   0x106  I64DivMod_small.o [4]
  .text              ro code   0x800'11ac   0x1a2  DblMul.o [3]
  .text              ro code   0x800'1350    0xa6  ABImemcpy.o [4]
  .text              ro code   0x800'13f8    0x70  frexp.o [3]
  .text              ro code   0x800'1468    0x2e  DblCmpLe.o [3]
  .text              ro code   0x800'1498    0x2e  DblCmpGe.o [3]
  .text              ro code   0x800'14c8   0x13a  ldexp.o [3]
  .text              ro code   0x800'1604    0x3a  DblToS32.o [3]
  .text              ro code   0x800'1640    0x22  S32ToDbl.o [3]
  .text              ro code   0x800'1664    0xe2  DblSub.o [3]
  .text              ro code   0x800'1748   0x246  DblDiv.o [3]
  .text              ro code   0x800'1990    0x28  DblToU32.o [3]
  .text              ro code   0x800'19b8    0x1a  U32ToDbl.o [3]
  .text              ro code   0x800'19d2     0x6  abort.o [2]
  .text              ro code   0x800'19d8     0x2  I64DivZer.o [4]
  .text              ro code   0x800'19dc   0x17a  DblAdd.o [3]
  .text              ro code   0x800'1b58    0x14  exit.o [5]
  .text              ro code   0x800'1b6c   0x874  stm32f4xx_hal_i2c.o [1]
  .text              ro code   0x800'23e0   0x3b0  stm32f4xx_hal_msp.o [1]
  .text              ro code   0x800'2790   0x1ac  stm32f4xx_hal_rcc.o [1]
  .text              ro code   0x800'293c     0xc  stm32f4xx_hal.o [1]
  .text              ro code   0x800'2948   0x1f4  stm32f4xx_hal_gpio.o [1]
  .text              ro code   0x800'2b3c     0x6  ABImemclr4.o [4]
  .text              ro code   0x800'2b44    0xc4  stm32f4xx_hal_cortex.o [1]
  .text              ro code   0x800'2c08    0x40  stm32f4xx_hal.o [1]
  .text              ro code   0x800'2c48    0x32  ABImemset48.o [4]
  .text              ro code   0x800'2c7c   0x700  pow64.o [3]
  .text              ro code   0x800'337c    0x20  DblCmpEq.o [3]
  .text              ro code   0x800'339c   0x3e8  iar_Exp64.o [3]
  .text              ro code   0x800'3784   0x6d8  stm32f4xx_hal_uart.o [1]
  .text              ro code   0x800'3e5c    0xb4  stm32f4xx_hal_dma.o [1]
  .text              ro code   0x800'3f10     0x2  stm32f4xx_hal_uart.o [1]
  .text              ro code   0x800'3f12     0x2  stm32f4xx_hal_uart.o [1]
  .text              ro code   0x800'3f14     0x2  stm32f4xx_hal_uart.o [1]
  .text              ro code   0x800'3f18   0x660  main.o [1]
  .text              ro code   0x800'4578    0x46  U64ToDbl.o [3]
  .text              ro code   0x800'45c0    0x16  math_wrappers64.o [3]
  .text              ro code   0x800'45d8    0x34  stm32f4xx_hal.o [1]
  .text              ro code   0x800'460c    0xc8  stm32f4xx_hal_spi.o [1]
  .text              ro code   0x800'46d4    0x68  DblToFlt.o [3]
  .text              ro code   0x800'473c    0x48  FltToDbl.o [3]
  .text              ro code   0x800'4784    0x40  sprintf.o [2]
  .text              ro code   0x800'47c4    0x28  stm32f4xx_hal.o [1]
  .text              ro code   0x800'47ec   0x330  stm32f4xx_hal_rcc.o [1]
  .text              ro code   0x800'4b1c    0x2c  copy_init3.o [4]
  .rodata            const     0x800'4b48   0x420  pow64.o [3]
  .text              ro code   0x800'4f68    0x28  data_init.o [4]
  .text              ro code   0x800'4f90    0x22  fpinit_M.o [3]
  .iar.init_table    const     0x800'4fb4    0x24  - Linker created -
  .text              ro code   0x800'4fd8    0x20  stm32f4xx_it.o [1]
  .text              ro code   0x800'4ff8    0x10  stm32f4xx_hal.o [1]
  .text              ro code   0x800'5008    0x20  system_stm32f4xx.o [1]
  .text              ro code   0x800'5028    0x1e  cmain.o [4]
  .text              ro code   0x800'5046     0x4  low_level_init.o [2]
  .text              ro code   0x800'504a     0x4  exit.o [2]
  .text              ro code   0x800'5050     0xa  cexit.o [4]
  .text              ro code   0x800'505c    0x10  startup_stm32f407xx.o [1]
  Initializer bytes  const     0x800'506c    0x10  <for P2-1>
  .text              ro code   0x800'507c     0xc  cstartup_M.o [4]
  .rodata            const     0x800'5088     0x8  system_stm32f4xx.o [1]
  .text              ro code   0x800'5090     0x4  startup_stm32f407xx.o [1]
  .text              ro code   0x800'5094     0x4  startup_stm32f407xx.o [1]
  .text              ro code   0x800'5098     0x4  startup_stm32f407xx.o [1]
  .text              ro code   0x800'509c     0x4  startup_stm32f407xx.o [1]
  .text              ro code   0x800'50a0     0x4  startup_stm32f407xx.o [1]
  .text              ro code   0x800'50a4     0x4  startup_stm32f407xx.o [1]
  .text              ro code   0x800'50a8     0x4  startup_stm32f407xx.o [1]
  .text              ro code   0x800'50ac     0x4  startup_stm32f407xx.o [1]
  .text              ro code   0x800'50b0     0x4  startup_stm32f407xx.o [1]
  .text              ro code   0x800'50b4     0x4  startup_stm32f407xx.o [1]
  .text              ro code   0x800'50b8     0x4  startup_stm32f407xx.o [1]
  .text              ro code   0x800'50bc     0x4  startup_stm32f407xx.o [1]
  .text              ro code   0x800'50c0     0x4  startup_stm32f407xx.o [1]
  .text              ro code   0x800'50c4     0x4  startup_stm32f407xx.o [1]
  .text              ro code   0x800'50c8     0x4  startup_stm32f407xx.o [1]
  .text              ro code   0x800'50cc     0x4  startup_stm32f407xx.o [1]
  .text              ro code   0x800'50d0     0x4  startup_stm32f407xx.o [1]
  .text              ro code   0x800'50d4     0x4  startup_stm32f407xx.o [1]
  .text              ro code   0x800'50d8     0x4  startup_stm32f407xx.o [1]
  .text              ro code   0x800'50dc     0x4  startup_stm32f407xx.o [1]
  .text              ro code   0x800'50e0     0x4  startup_stm32f407xx.o [1]
  .text              ro code   0x800'50e4     0x4  startup_stm32f407xx.o [1]
  .text              ro code   0x800'50e8     0x4  startup_stm32f407xx.o [1]
  .text              ro code   0x800'50ec     0x4  startup_stm32f407xx.o [1]
  .text              ro code   0x800'50f0     0x4  startup_stm32f407xx.o [1]
  .text              ro code   0x800'50f4     0x4  startup_stm32f407xx.o [1]
  .text              ro code   0x800'50f8     0x4  startup_stm32f407xx.o [1]
  .text              ro code   0x800'50fc     0x4  startup_stm32f407xx.o [1]
  .text              ro code   0x800'5100     0x4  startup_stm32f407xx.o [1]
  .text              ro code   0x800'5104     0x4  startup_stm32f407xx.o [1]
  .text              ro code   0x800'5108     0x4  startup_stm32f407xx.o [1]
  .text              ro code   0x800'510c     0x4  startup_stm32f407xx.o [1]
  .text              ro code   0x800'5110     0x4  startup_stm32f407xx.o [1]
  .text              ro code   0x800'5114     0x4  startup_stm32f407xx.o [1]
  .text              ro code   0x800'5118     0x4  startup_stm32f407xx.o [1]
  .text              ro code   0x800'511c     0x4  startup_stm32f407xx.o [1]
  .text              ro code   0x800'5120     0x4  startup_stm32f407xx.o [1]
  .text              ro code   0x800'5124     0x4  startup_stm32f407xx.o [1]
  .text              ro code   0x800'5128     0x4  startup_stm32f407xx.o [1]
  .text              ro code   0x800'512c     0x4  startup_stm32f407xx.o [1]
  .text              ro code   0x800'5130     0x4  startup_stm32f407xx.o [1]
  .text              ro code   0x800'5134     0x4  startup_stm32f407xx.o [1]
  .text              ro code   0x800'5138     0x4  startup_stm32f407xx.o [1]
  .text              ro code   0x800'513c     0x4  startup_stm32f407xx.o [1]
  .text              ro code   0x800'5140     0x4  startup_stm32f407xx.o [1]
  .text              ro code   0x800'5144     0x4  startup_stm32f407xx.o [1]
  .text              ro code   0x800'5148     0x4  startup_stm32f407xx.o [1]
  .text              ro code   0x800'514c     0x4  startup_stm32f407xx.o [1]
  .text              ro code   0x800'5150     0x4  startup_stm32f407xx.o [1]
  .text              ro code   0x800'5154     0x4  startup_stm32f407xx.o [1]
  .text              ro code   0x800'5158     0x4  startup_stm32f407xx.o [1]
  .text              ro code   0x800'515c     0x4  startup_stm32f407xx.o [1]
  .text              ro code   0x800'5160     0x4  startup_stm32f407xx.o [1]
  .text              ro code   0x800'5164     0x4  startup_stm32f407xx.o [1]
  .text              ro code   0x800'5168     0x4  startup_stm32f407xx.o [1]
  .text              ro code   0x800'516c     0x4  startup_stm32f407xx.o [1]
  .text              ro code   0x800'5170     0x4  startup_stm32f407xx.o [1]
  .text              ro code   0x800'5174     0x4  startup_stm32f407xx.o [1]
  .text              ro code   0x800'5178     0x4  startup_stm32f407xx.o [1]
  .text              ro code   0x800'517c     0x4  startup_stm32f407xx.o [1]
  .text              ro code   0x800'5180     0x4  startup_stm32f407xx.o [1]
  .text              ro code   0x800'5184     0x4  startup_stm32f407xx.o [1]
  .text              ro code   0x800'5188     0x4  startup_stm32f407xx.o [1]
  .text              ro code   0x800'518c     0x4  startup_stm32f407xx.o [1]
  .text              ro code   0x800'5190     0x4  startup_stm32f407xx.o [1]
  .text              ro code   0x800'5194     0x4  startup_stm32f407xx.o [1]
  .text              ro code   0x800'5198     0x4  startup_stm32f407xx.o [1]
  .text              ro code   0x800'519c     0x4  startup_stm32f407xx.o [1]
  .text              ro code   0x800'51a0     0x4  startup_stm32f407xx.o [1]
  .text              ro code   0x800'51a4     0x4  startup_stm32f407xx.o [1]
  .text              ro code   0x800'51a8     0x4  startup_stm32f407xx.o [1]
  .text              ro code   0x800'51ac     0x4  startup_stm32f407xx.o [1]
  .text              ro code   0x800'51b0     0x4  startup_stm32f407xx.o [1]
  .text              ro code   0x800'51b4     0x4  startup_stm32f407xx.o [1]
  .text              ro code   0x800'51b8     0x4  startup_stm32f407xx.o [1]
  .text              ro code   0x800'51bc     0x4  startup_stm32f407xx.o [1]
  .text              ro code   0x800'51c0     0x4  startup_stm32f407xx.o [1]
  .text              ro code   0x800'51c4     0x4  startup_stm32f407xx.o [1]
  .text              ro code   0x800'51c8     0x4  startup_stm32f407xx.o [1]
  .text              ro code   0x800'51cc     0x4  startup_stm32f407xx.o [1]
  .rodata            const     0x800'51d0     0x0  zero_init3.o [4]
  .rodata            const     0x800'51d0     0x0  copy_init3.o [4]
                             - 0x800'51d0  0x5048

"P2", part 1 of 3:                           0x10
  P2-1                        0x2000'0000    0x10  <Init block>
    .data            inited   0x2000'0000     0xc  stm32f4xx_hal.o [1]
    .data            inited   0x2000'000c     0x4  system_stm32f4xx.o [1]
                            - 0x2000'0010    0x10

"P2", part 2 of 3:                          0x2a4
  .bss               zero     0x2000'0010   0x204  main.o [1]
  .bss               zero     0x2000'0214    0x54  main.o [1]
  .bss               zero     0x2000'0268    0x48  main.o [1]
  .bss               zero     0x2000'02b0     0x4  xfail_s.o [2]
                            - 0x2000'02b4   0x2a4

"P2", part 3 of 3:                          0x400
  CSTACK                      0x2000'02b8   0x400  <Block>
    CSTACK           uninit   0x2000'02b8   0x400  <Block tail>
                            - 0x2000'06b8   0x400

Unused ranges:

         From           To      Size
         ----           --      ----
   0x800'51d0   0x80f'ffff  0xf'ae30
  0x2000'02b4  0x2000'02b7       0x4
  0x2000'06b8  0x2001'ffff  0x1'f948


*******************************************************************************
*** INIT TABLE
***

          Address      Size
          -------      ----
Zero (__iar_zero_init3)
    1 destination range, total size 0x2a4:
          0x2000'0010  0x2a4

Copy (__iar_copy_init3)
    1 source range, total size 0x10:
           0x800'506c   0x10
    1 destination range, total size 0x10:
          0x2000'0000   0x10



*******************************************************************************
*** MODULE SUMMARY
***

    Module                  ro code  ro data  rw data
    ------                  -------  -------  -------
command line/config:
    -------------------------------------------------
    Total:

C:\Users\sonartech\Desktop\Yang\Interface CPU BRD\I2C_USART\EWARM\Test\Obj: [1]
    main.o                    1 632               672
    startup_stm32f407xx.o       728
    stm32f4xx_hal.o             184       12       12
    stm32f4xx_hal_cortex.o      196
    stm32f4xx_hal_dma.o         180
    stm32f4xx_hal_gpio.o        500
    stm32f4xx_hal_i2c.o       2 164
    stm32f4xx_hal_msp.o         944
    stm32f4xx_hal_rcc.o       1 244
    stm32f4xx_hal_spi.o         200
    stm32f4xx_hal_uart.o      1 758
    stm32f4xx_it.o               32
    system_stm32f4xx.o           32       12        4
    -------------------------------------------------
    Total:                    9 794       24      688

dl7M_tln.a: [2]
    abort.o                       6
    exit.o                        4
    low_level_init.o              4
    sprintf.o                    64
    xfail_s.o                    64                 4
    xprintffull_nomb.o        3 570
    xsprout.o                    10
    -------------------------------------------------
    Total:                    3 722                 4

m7M_tls.a: [3]
    DblAdd.o                    378
    DblCmpEq.o                   32
    DblCmpGe.o                   46
    DblCmpLe.o                   46
    DblDiv.o                    582
    DblMul.o                    418
    DblSub.o                    226
    DblToFlt.o                  104
    DblToS32.o                   58
    DblToU32.o                   40
    FltToDbl.o                   72
    S32ToDbl.o                   34
    U32ToDbl.o                   26
    U64ToDbl.o                   70
    fpinit_M.o                   34
    frexp.o                     112
    iar_Exp64.o               1 000
    ldexp.o                     314
    math_wrappers64.o            22
    pow64.o                   1 792    1 056
    -------------------------------------------------
    Total:                    5 406    1 056

rt7M_tl.a: [4]
    ABImemclr4.o                  6
    ABImemcpy.o                 166
    ABImemset48.o                50
    I64DivMod_small.o           262
    I64DivZer.o                   2
    cexit.o                      10
    cmain.o                      30
    copy_init3.o                 44
    cstartup_M.o                 12
    data_init.o                  40
    memchr.o                     88
    strchr.o                     22
    strlen.o                     54
    zero_init3.o                 58
    -------------------------------------------------
    Total:                      844

shb_l.a: [5]
    exit.o                       20
    -------------------------------------------------
    Total:                       20

    Gaps                         40        2
    Linker created                        36    1 024
-----------------------------------------------------
    Grand Total:             19 826    1 118    1 716


*******************************************************************************
*** ENTRY LIST
***

Entry                       Address   Size  Type      Object
-----                       -------   ----  ----      ------
.iar.init_table$$Base    0x800'4fb4          --   Gb  - Linker created -
.iar.init_table$$Limit   0x800'4fd8          --   Gb  - Linker created -
?main                    0x800'5029         Code  Gb  cmain.o [4]
AHBPrescTable            0x800'5018   0x10  Data  Gb  system_stm32f4xx.o [1]
APBPrescTable            0x800'5088    0x8  Data  Gb  system_stm32f4xx.o [1]
BusFault_Handler         0x800'4fdf    0x2  Code  Gb  stm32f4xx_it.o [1]
CSTACK$$Base            0x2000'02b8          --   Gb  - Linker created -
CSTACK$$Limit           0x2000'06b8          --   Gb  - Linker created -
DebugMon_Handler         0x800'4fe5    0x2  Code  Gb  stm32f4xx_it.o [1]
Error_Handler            0x800'4569    0x4  Code  Gb  main.o [1]
HAL_DMA_Abort            0x800'3e5d   0x86  Code  Gb  stm32f4xx_hal_dma.o [1]
HAL_DMA_Abort_IT         0x800'3ee3   0x24  Code  Gb  stm32f4xx_hal_dma.o [1]
HAL_Delay                0x800'47c5   0x28  Code  Wk  stm32f4xx_hal.o [1]
HAL_GPIO_Init            0x800'2949  0x1be  Code  Gb  stm32f4xx_hal_gpio.o [1]
HAL_GPIO_WritePin        0x800'2b07    0x8  Code  Gb  stm32f4xx_hal_gpio.o [1]
HAL_GetTick              0x800'293d    0xc  Code  Wk  stm32f4xx_hal.o [1]
HAL_I2C_Init             0x800'1b6d  0x12c  Code  Gb  stm32f4xx_hal_i2c.o [1]
HAL_I2C_Master_Transmit
                         0x800'1ca5   0xaa  Code  Gb  stm32f4xx_hal_i2c.o [1]
HAL_I2C_Mem_Read         0x800'1e01   0xfe  Code  Gb  stm32f4xx_hal_i2c.o [1]
HAL_I2C_MspInit          0x800'2417   0xc8  Code  Gb  stm32f4xx_hal_msp.o [1]
HAL_IncTick              0x800'4ff9   0x10  Code  Wk  stm32f4xx_hal.o [1]
HAL_Init                 0x800'45d9   0x30  Code  Gb  stm32f4xx_hal.o [1]
HAL_InitTick             0x800'2c09   0x40  Code  Wk  stm32f4xx_hal.o [1]
HAL_MspInit              0x800'23e1   0x36  Code  Gb  stm32f4xx_hal_msp.o [1]
HAL_NVIC_EnableIRQ       0x800'2bb3   0x16  Code  Gb  stm32f4xx_hal_cortex.o [1]
HAL_NVIC_SetPriority     0x800'2b79   0x3a  Code  Gb  stm32f4xx_hal_cortex.o [1]
HAL_NVIC_SetPriorityGrouping
                         0x800'2b5f   0x1a  Code  Gb  stm32f4xx_hal_cortex.o [1]
HAL_RCC_ClockConfig      0x800'2791  0x100  Code  Gb  stm32f4xx_hal_rcc.o [1]
HAL_RCC_GetPCLK1Freq     0x800'289d   0x10  Code  Gb  stm32f4xx_hal_rcc.o [1]
HAL_RCC_GetPCLK2Freq     0x800'28ad    0xe  Code  Gb  stm32f4xx_hal_rcc.o [1]
HAL_RCC_OscConfig        0x800'47ed  0x330  Code  Wk  stm32f4xx_hal_rcc.o [1]
HAL_SPI_Init             0x800'460d   0xb4  Code  Gb  stm32f4xx_hal_spi.o [1]
HAL_SPI_MspInit          0x800'24f5   0x66  Code  Gb  stm32f4xx_hal_msp.o [1]
HAL_SYSTICK_Config       0x800'2bc9   0x28  Code  Gb  stm32f4xx_hal_cortex.o [1]
HAL_UART_IRQHandler      0x800'38f7  0x258  Code  Gb  stm32f4xx_hal_uart.o [1]
HAL_UART_Init            0x800'3785   0x1e  Code  Gb  stm32f4xx_hal_uart.o [1]
HAL_UART_MspInit         0x800'255b  0x1a4  Code  Gb  stm32f4xx_hal_msp.o [1]
HAL_UART_Receive_IT      0x800'38ad   0x30  Code  Gb  stm32f4xx_hal_uart.o [1]
HAL_UART_RxCpltCallback
                         0x800'3f19   0x2e  Code  Gb  main.o [1]
HAL_UART_Transmit        0x800'37fb   0xb2  Code  Gb  stm32f4xx_hal_uart.o [1]
HardFault_Handler        0x800'4fdb    0x2  Code  Gb  stm32f4xx_it.o [1]
I2C_IsAcknowledgeFailed
                         0x800'23b5   0x2c  Code  Lc  stm32f4xx_hal_i2c.o [1]
I2C_MasterRequestWrite   0x800'2063   0x88  Code  Lc  stm32f4xx_hal_i2c.o [1]
I2C_RequestMemoryRead    0x800'2117   0xa6  Code  Lc  stm32f4xx_hal_i2c.o [1]
I2C_Temperature          0x800'3f49  0x20a  Code  Gb  main.o [1]
I2C_WaitOnBTFFlagUntilTimeout
                         0x800'2325   0x38  Code  Lc  stm32f4xx_hal_i2c.o [1]
I2C_WaitOnFlagUntilTimeout
                         0x800'2209   0x50  Code  Lc  stm32f4xx_hal_i2c.o [1]
I2C_WaitOnMasterAddressFlagUntilTimeout
                         0x800'2259   0x78  Code  Lc  stm32f4xx_hal_i2c.o [1]
I2C_WaitOnRXNEFlagUntilTimeout
                         0x800'235d   0x44  Code  Lc  stm32f4xx_hal_i2c.o [1]
I2C_WaitOnTXEFlagUntilTimeout
                         0x800'22d1   0x38  Code  Lc  stm32f4xx_hal_i2c.o [1]
LoadInt                  0x800'0337   0x7a  Code  Lc  xprintffull_nomb.o [2]
MX_GPIO_Init             0x800'4421   0xe2  Code  Lc  main.o [1]
MemManage_Handler        0x800'4fdd    0x2  Code  Gb  stm32f4xx_it.o [1]
NMI_Handler              0x800'4fd9    0x2  Code  Gb  stm32f4xx_it.o [1]
PendSV_Handler           0x800'4fe7    0x2  Code  Gb  stm32f4xx_it.o [1]
Region$$Table$$Base      0x800'4fb4          --   Gb  - Linker created -
Region$$Table$$Limit     0x800'4fd8          --   Gb  - Linker created -
SVC_Handler              0x800'4fe3    0x2  Code  Gb  stm32f4xx_it.o [1]
SysTick_Handler          0x800'4fe9    0x4  Code  Gb  stm32f4xx_it.o [1]
SystemClock_Config       0x800'439b   0x7e  Code  Gb  main.o [1]
SystemCoreClock         0x2000'000c    0x4  Data  Gb  system_stm32f4xx.o [1]
SystemInit               0x800'5009    0xc  Code  Gb  system_stm32f4xx.o [1]
UART_DMAAbortOnError     0x800'3cc1    0xc  Code  Lc  stm32f4xx_hal_uart.o [1]
UART_EndRxTransfer       0x800'3c5f   0x60  Code  Lc  stm32f4xx_hal_uart.o [1]
UART_Receive_IT          0x800'3ccd   0xc6  Code  Lc  stm32f4xx_hal_uart.o [1]
UART_SetConfig           0x800'3d93   0xae  Code  Lc  stm32f4xx_hal_uart.o [1]
UART_Start_Receive_IT    0x800'3c25   0x3a  Code  Gb  stm32f4xx_hal_uart.o [1]
UART_WaitOnFlagUntilTimeout
                         0x800'3b91   0x5e  Code  Lc  stm32f4xx_hal_uart.o [1]
USART2_IRQHandler        0x800'4fed    0x6  Code  Gb  stm32f4xx_it.o [1]
USART_RX_FLAG           0x2000'0268    0x1  Data  Gb  main.o [1]
UsageFault_Handler       0x800'4fe1    0x2  Code  Gb  stm32f4xx_it.o [1]
_GenldFullNoMb           0x800'0c79  0x274  Code  Lc  xprintffull_nomb.o [2]
_LdtobFullNoMb           0x800'0875  0x3d6  Code  Lc  xprintffull_nomb.o [2]
_LitobFullNoMb           0x800'0725  0x10a  Code  Lc  xprintffull_nomb.o [2]
_PrintfFullNoMb          0x800'0189  0x19e  Code  Gb  xprintffull_nomb.o [2]
_PutcharsFullNoMb        0x800'0eed   0x2e  Code  Lc  xprintffull_nomb.o [2]
_PutfldFullNoMb          0x800'03b1  0x268  Code  Lc  xprintffull_nomb.o [2]
_PuttxtFullNoMb          0x800'0619  0x10c  Code  Lc  xprintffull_nomb.o [2]
_SProut                  0x800'0fcb    0xa  Code  Gb  xsprout.o [2]
__NVIC_SetPriority       0x800'2b45   0x1a  Code  Lc  stm32f4xx_hal_cortex.o [1]
__aeabi_cdcmpeq          0x800'337d         Code  Gb  DblCmpEq.o [3]
__aeabi_cdcmple          0x800'1469         Code  Gb  DblCmpLe.o [3]
__aeabi_cdrcmple         0x800'1499         Code  Gb  DblCmpGe.o [3]
__aeabi_d2f              0x800'46d5         Code  Gb  DblToFlt.o [3]
__aeabi_d2iz             0x800'1605         Code  Gb  DblToS32.o [3]
__aeabi_d2uiz            0x800'1991         Code  Gb  DblToU32.o [3]
__aeabi_dadd             0x800'19dd         Code  Gb  DblAdd.o [3]
__aeabi_ddiv             0x800'1749         Code  Gb  DblDiv.o [3]
__aeabi_dmul             0x800'11ad         Code  Gb  DblMul.o [3]
__aeabi_dsub             0x800'1665         Code  Gb  DblSub.o [3]
__aeabi_f2d              0x800'473d         Code  Gb  FltToDbl.o [3]
__aeabi_i2d              0x800'1641         Code  Gb  S32ToDbl.o [3]
__aeabi_ldiv0            0x800'19d9         Code  Gb  I64DivZer.o [4]
__aeabi_memclr4          0x800'2b3d         Code  Gb  ABImemclr4.o [4]
__aeabi_memcpy           0x800'1351         Code  Gb  ABImemcpy.o [4]
__aeabi_memcpy4          0x800'1371         Code  Gb  ABImemcpy.o [4]
__aeabi_memcpy8          0x800'1371         Code  Gb  ABImemcpy.o [4]
__aeabi_ui2d             0x800'19b9         Code  Gb  U32ToDbl.o [3]
__aeabi_ul2d             0x800'4579         Code  Gb  U64ToDbl.o [3]
__cmain                  0x800'5029         Code  Gb  cmain.o [4]
__exit                   0x800'1b59   0x14  Code  Gb  exit.o [5]
__iar_Exp64              0x800'339d  0x388  Code  Gb  iar_Exp64.o [3]
__iar_Fail_s             0x800'0fd5   0x1c  Code  Gb  xfail_s.o [2]
__iar_Memchr             0x800'104d         Code  Gb  memchr.o [4]
__iar_Memset4_word       0x800'2c49         Code  Gb  ABImemset48.o [4]
__iar_Memset8_word       0x800'2c49         Code  Gb  ABImemset48.o [4]
__iar_Pow64              0x800'2c7d  0x654  Code  Lc  pow64.o [3]
__iar_Strchr             0x800'0fb5         Code  Gb  strchr.o [4]
__iar_copy_init3         0x800'4b1d   0x2c  Code  Gb  copy_init3.o [4]
__iar_dadd               0x800'1675         Code  Gb  DblSub.o [3]
__iar_data_init3         0x800'4f69   0x28  Code  Gb  data_init.o [4]
__iar_dsub               0x800'19ed         Code  Gb  DblAdd.o [3]
__iar_dsubStart          0x800'19ff         Code  Gb  DblAdd.o [3]
__iar_frexp              0x800'1405         Code  Gb  frexp.o [3]
__iar_frexpl             0x800'1405         Code  Gb  frexp.o [3]
__iar_init_vfp           0x800'4f91         Code  Gb  fpinit_M.o [3]
__iar_ldexp64            0x800'14c9         Code  Gb  ldexp.o [3]
__iar_pow64              0x800'3369   0x14  Code  Gb  pow64.o [3]
__iar_pow_medium         0x800'3369   0x14  Code  Gb  pow64.o [3]
__iar_pow_medium64       0x800'3369   0x14  Code  Gb  pow64.o [3]
__iar_pow_mediuml        0x800'3369   0x14  Code  Gb  pow64.o [3]
__iar_program_start      0x800'507d         Code  Gb  cstartup_M.o [4]
__iar_scalbln64          0x800'14c9         Code  Gb  ldexp.o [3]
__iar_scalbn64           0x800'14c9         Code  Gb  ldexp.o [3]
__iar_small_uldivmod     0x800'10a5         Code  Gb  I64DivMod_small.o [4]
__iar_softfp___iar_frexp64
                         0x800'13f9         Code  Gb  frexp.o [3]
__iar_softfp_frexp       0x800'13f9         Code  Gb  frexp.o [3]
__iar_softfp_frexpl      0x800'13f9         Code  Gb  frexp.o [3]
__iar_vfp_pow            0x800'45c7   0x10  Code  Gb  math_wrappers64.o [3]
__iar_zero_init3         0x800'0f7b   0x3a  Code  Gb  zero_init3.o [4]
__low_level_init         0x800'5047    0x4  Code  Gb  low_level_init.o [2]
__vector_table           0x800'0000         Data  Gb  startup_stm32f407xx.o [1]
_call_main               0x800'5035         Code  Gb  cmain.o [4]
_exit                    0x800'5051         Code  Gb  cexit.o [4]
_main                    0x800'5043         Code  Gb  cmain.o [4]
abort                    0x800'19d3    0x6  Code  Gb  abort.o [2]
exit                     0x800'504b    0x4  Code  Gb  exit.o [2]
hi2c1                   0x2000'0068   0x54  Data  Gb  main.o [1]
hi2c3                   0x2000'0214   0x54  Data  Gb  main.o [1]
hspi2                   0x2000'0010   0x58  Data  Gb  main.o [1]
huart1                  0x2000'0144   0x44  Data  Gb  main.o [1]
huart2                  0x2000'026c   0x44  Data  Gb  main.o [1]
huart3                  0x2000'0188   0x44  Data  Gb  main.o [1]
huart4                  0x2000'00bc   0x44  Data  Gb  main.o [1]
huart5                  0x2000'0100   0x44  Data  Gb  main.o [1]
huart6                  0x2000'01cc   0x44  Data  Gb  main.o [1]
ldexp                    0x800'14c9         Code  Gb  ldexp.o [3]
ldexpl                   0x800'14c9         Code  Gb  ldexp.o [3]
lnbias                   0x800'4b48  0x420  Data  Lc  pow64.o [3]
main                     0x800'41a9  0x1c6  Code  Gb  main.o [1]
memchr                   0x800'104d         Code  Gb  memchr.o [4]
pow                      0x800'3369   0x14  Code  Gb  pow64.o [3]
powl                     0x800'3369   0x14  Code  Gb  pow64.o [3]
scalbln                  0x800'14c9         Code  Gb  ldexp.o [3]
scalblnl                 0x800'14c9         Code  Gb  ldexp.o [3]
scalbn                   0x800'14c9         Code  Gb  ldexp.o [3]
scalbnl                  0x800'14c9         Code  Gb  ldexp.o [3]
scale                    0x800'082f   0x46  Code  Lc  xprintffull_nomb.o [2]
sec_hand                0x2000'02b0    0x4  Data  Lc  xfail_s.o [2]
sprintf                  0x800'4785   0x40  Code  Gb  sprintf.o [2]
strchr                   0x800'0fb5         Code  Gb  strchr.o [4]
strlen                   0x800'1015         Code  Gb  strlen.o [4]
temp_rx                 0x2000'0269    0x1  Data  Gb  main.o [1]
temperature_f           0x2000'0210    0x4  Data  Gb  main.o [1]
uwTick                  0x2000'0004    0x4  Data  Gb  stm32f4xx_hal.o [1]
uwTickFreq              0x2000'0000    0x1  Data  Gb  stm32f4xx_hal.o [1]
uwTickPrio              0x2000'0008    0x4  Data  Gb  stm32f4xx_hal.o [1]


[1] = C:\Users\sonartech\Desktop\Yang\Interface CPU BRD\I2C_USART\EWARM\Test\Obj
[2] = dl7M_tln.a
[3] = m7M_tls.a
[4] = rt7M_tl.a
[5] = shb_l.a

  19 826 bytes of readonly  code memory
   1 118 bytes of readonly  data memory
   1 716 bytes of readwrite data memory

Errors: none
Warnings: none
