###############################################################################
#
# IAR ELF Linker V8.32.3.193/W32 for ARM                  14/Sep/2022  19:01:40
# Copyright 2007-2019 IAR Systems AB.
#
#    Output file  =  
#        C:\Users\sonartech\Desktop\Yang\Interface CPU
#        BRD\I2C_USART_FAN_ADC\EWARM\Test\Exe\Test.out
#    Map file     =  
#        C:\Users\sonartech\Desktop\Yang\Interface CPU
#        BRD\I2C_USART_FAN_ADC\EWARM\Test\List\Test.map
#    Command line =  
#        -f C:\Users\SONART~1\AppData\Local\Temp\EW40AF.tmp
#        ("C:\Users\sonartech\Desktop\Yang\Interface CPU
#        BRD\I2C_USART_FAN_ADC\EWARM\Test\Obj\main.o"
#        "C:\Users\sonartech\Desktop\Yang\Interface CPU
#        BRD\I2C_USART_FAN_ADC\EWARM\Test\Obj\startup_stm32f407xx.o"
#        "C:\Users\sonartech\Desktop\Yang\Interface CPU
#        BRD\I2C_USART_FAN_ADC\EWARM\Test\Obj\stm32f4xx_hal.o"
#        "C:\Users\sonartech\Desktop\Yang\Interface CPU
#        BRD\I2C_USART_FAN_ADC\EWARM\Test\Obj\stm32f4xx_hal_adc.o"
#        "C:\Users\sonartech\Desktop\Yang\Interface CPU
#        BRD\I2C_USART_FAN_ADC\EWARM\Test\Obj\stm32f4xx_hal_adc_ex.o"
#        "C:\Users\sonartech\Desktop\Yang\Interface CPU
#        BRD\I2C_USART_FAN_ADC\EWARM\Test\Obj\stm32f4xx_hal_cortex.o"
#        "C:\Users\sonartech\Desktop\Yang\Interface CPU
#        BRD\I2C_USART_FAN_ADC\EWARM\Test\Obj\stm32f4xx_hal_dma.o"
#        "C:\Users\sonartech\Desktop\Yang\Interface CPU
#        BRD\I2C_USART_FAN_ADC\EWARM\Test\Obj\stm32f4xx_hal_dma_ex.o"
#        "C:\Users\sonartech\Desktop\Yang\Interface CPU
#        BRD\I2C_USART_FAN_ADC\EWARM\Test\Obj\stm32f4xx_hal_exti.o"
#        "C:\Users\sonartech\Desktop\Yang\Interface CPU
#        BRD\I2C_USART_FAN_ADC\EWARM\Test\Obj\stm32f4xx_hal_flash.o"
#        "C:\Users\sonartech\Desktop\Yang\Interface CPU
#        BRD\I2C_USART_FAN_ADC\EWARM\Test\Obj\stm32f4xx_hal_flash_ex.o"
#        "C:\Users\sonartech\Desktop\Yang\Interface CPU
#        BRD\I2C_USART_FAN_ADC\EWARM\Test\Obj\stm32f4xx_hal_flash_ramfunc.o"
#        "C:\Users\sonartech\Desktop\Yang\Interface CPU
#        BRD\I2C_USART_FAN_ADC\EWARM\Test\Obj\stm32f4xx_hal_gpio.o"
#        "C:\Users\sonartech\Desktop\Yang\Interface CPU
#        BRD\I2C_USART_FAN_ADC\EWARM\Test\Obj\stm32f4xx_hal_i2c.o"
#        "C:\Users\sonartech\Desktop\Yang\Interface CPU
#        BRD\I2C_USART_FAN_ADC\EWARM\Test\Obj\stm32f4xx_hal_i2c_ex.o"
#        "C:\Users\sonartech\Desktop\Yang\Interface CPU
#        BRD\I2C_USART_FAN_ADC\EWARM\Test\Obj\stm32f4xx_hal_msp.o"
#        "C:\Users\sonartech\Desktop\Yang\Interface CPU
#        BRD\I2C_USART_FAN_ADC\EWARM\Test\Obj\stm32f4xx_hal_pwr.o"
#        "C:\Users\sonartech\Desktop\Yang\Interface CPU
#        BRD\I2C_USART_FAN_ADC\EWARM\Test\Obj\stm32f4xx_hal_pwr_ex.o"
#        "C:\Users\sonartech\Desktop\Yang\Interface CPU
#        BRD\I2C_USART_FAN_ADC\EWARM\Test\Obj\stm32f4xx_hal_rcc.o"
#        "C:\Users\sonartech\Desktop\Yang\Interface CPU
#        BRD\I2C_USART_FAN_ADC\EWARM\Test\Obj\stm32f4xx_hal_rcc_ex.o"
#        "C:\Users\sonartech\Desktop\Yang\Interface CPU
#        BRD\I2C_USART_FAN_ADC\EWARM\Test\Obj\stm32f4xx_hal_spi.o"
#        "C:\Users\sonartech\Desktop\Yang\Interface CPU
#        BRD\I2C_USART_FAN_ADC\EWARM\Test\Obj\stm32f4xx_hal_sram.o"
#        "C:\Users\sonartech\Desktop\Yang\Interface CPU
#        BRD\I2C_USART_FAN_ADC\EWARM\Test\Obj\stm32f4xx_hal_tim.o"
#        "C:\Users\sonartech\Desktop\Yang\Interface CPU
#        BRD\I2C_USART_FAN_ADC\EWARM\Test\Obj\stm32f4xx_hal_tim_ex.o"
#        "C:\Users\sonartech\Desktop\Yang\Interface CPU
#        BRD\I2C_USART_FAN_ADC\EWARM\Test\Obj\stm32f4xx_hal_uart.o"
#        "C:\Users\sonartech\Desktop\Yang\Interface CPU
#        BRD\I2C_USART_FAN_ADC\EWARM\Test\Obj\stm32f4xx_it.o"
#        "C:\Users\sonartech\Desktop\Yang\Interface CPU
#        BRD\I2C_USART_FAN_ADC\EWARM\Test\Obj\stm32f4xx_ll_adc.o"
#        "C:\Users\sonartech\Desktop\Yang\Interface CPU
#        BRD\I2C_USART_FAN_ADC\EWARM\Test\Obj\stm32f4xx_ll_fsmc.o"
#        "C:\Users\sonartech\Desktop\Yang\Interface CPU
#        BRD\I2C_USART_FAN_ADC\EWARM\Test\Obj\system_stm32f4xx.o"
#        --no_out_extension -o "C:\Users\sonartech\Desktop\Yang\Interface CPU
#        BRD\I2C_USART_FAN_ADC\EWARM\Test\Exe\Test.out" --redirect
#        _Printf=_PrintfFullNoMb --redirect _Scanf=_ScanfFullNoMb --map
#        "C:\Users\sonartech\Desktop\Yang\Interface CPU
#        BRD\I2C_USART_FAN_ADC\EWARM\Test\List\Test.map" --config
#        "C:\Users\sonartech\Desktop\Yang\Interface CPU
#        BRD\I2C_USART_FAN_ADC\EWARM/stm32f407xx_flash.icf" --semihosting
#        --entry __iar_program_start --vfe --text_out locale)
#
###############################################################################

*******************************************************************************
*** RUNTIME MODEL ATTRIBUTES
***

CppFlavor       = *
__SystemLibrary = DLib
__dlib_version  = 6


*******************************************************************************
*** HEAP SELECTION
***

The basic heap was selected because no calls to memory allocation
functions were found in the application outside of system library
functions, and there are calls to deallocation functions in the
application.


*******************************************************************************
*** PLACEMENT SUMMARY
***

"A0":  place at 0x800'0000 { ro section .intvec };
"P1":  place in [from 0x800'0000 to 0x80f'ffff] { ro };
define block CSTACK with size = 1K, alignment = 8 { };
define block HEAP with size = 512, alignment = 8 { };
"P2":  place in [from 0x2000'0000 to 0x2001'ffff] {
          rw, block CSTACK, block HEAP };
initialize by copy { rw };

  Section            Kind         Address    Size  Object
  -------            ----         -------    ----  ------
"A0":                                       0x188
  .intvec            ro code   0x800'0000   0x188  startup_stm32f407xx.o [1]
                             - 0x800'0188   0x188

"P1":                                      0x5538
  .text              ro code   0x800'0188   0xdf2  xprintffull_nomb.o [2]
  .text              ro code   0x800'0f7a    0x3a  zero_init3.o [4]
  .text              ro code   0x800'0fb4    0x16  strchr.o [4]
  .text              ro code   0x800'0fcc    0x40  xfail_s.o [2]
  .text              ro code   0x800'100c    0x36  strlen.o [4]
  .text              ro code   0x800'1044    0x58  memchr.o [4]
  .text              ro code   0x800'109c   0x106  I64DivMod_small.o [4]
  .text              ro code   0x800'11a4   0x1a2  DblMul.o [3]
  .text              ro code   0x800'1348    0xa6  ABImemcpy.o [4]
  .text              ro code   0x800'13f0    0x70  frexp.o [3]
  .text              ro code   0x800'1460    0x2e  DblCmpLe.o [3]
  .text              ro code   0x800'1490    0x2e  DblCmpGe.o [3]
  .text              ro code   0x800'14c0   0x13a  ldexp.o [3]
  .text              ro code   0x800'15fc    0x3a  DblToS32.o [3]
  .text              ro code   0x800'1638    0x22  S32ToDbl.o [3]
  .text              ro code   0x800'165c    0xe2  DblSub.o [3]
  .text              ro code   0x800'1740   0x246  DblDiv.o [3]
  .text              ro code   0x800'1988    0x28  DblToU32.o [3]
  .text              ro code   0x800'19b0    0x1a  U32ToDbl.o [3]
  .text              ro code   0x800'19cc     0x8  xlocale_c.o [2]
  .text              ro code   0x800'19d4     0x6  abort.o [2]
  .text              ro code   0x800'19dc     0x2  I64DivZer.o [4]
  .text              ro code   0x800'19e0   0x17a  DblAdd.o [3]
  .text              ro code   0x800'1b5c    0x14  exit.o [5]
  .text              ro code   0x800'1b70   0xb0c  main.o [1]
  .text              ro code   0x800'267c   0x6d8  stm32f4xx_hal_uart.o [1]
  .text              ro code   0x800'2d54   0x508  stm32f4xx_hal_i2c.o [1]
  .text              ro code   0x800'325c   0x218  stm32f4xx_hal_gpio.o [1]
  .text              ro code   0x800'3474    0x68  DblToFlt.o [3]
  .text              ro code   0x800'34dc    0x48  FltToDbl.o [3]
  .text              ro code   0x800'3524    0x34  stm32f4xx_hal.o [1]
  .text              ro code   0x800'3558    0xc4  stm32f4xx_hal_cortex.o [1]
  .text              ro code   0x800'361c    0xc8  stm32f4xx_hal_spi.o [1]
  .text              ro code   0x800'36e4     0x6  ABImemclr4.o [4]
  .text              ro code   0x800'36ec   0x61a  stm32f4xx_hal_tim.o [1]
  .text              ro code   0x800'3d08    0x8c  stm32f4xx_hal_tim_ex.o [1]
  .text              ro code   0x800'3d94   0x628  stm32f4xx_hal_msp.o [1]
  .text              ro code   0x800'43bc    0x58  stm32f4xx_hal_sram.o [1]
  .text              ro code   0x800'4414    0x28  printf.o [2]
  .text              ro code   0x800'443c   0x47e  stm32f4xx_hal_adc.o [1]
  .text              ro code   0x800'48bc    0x28  stm32f4xx_hal.o [1]
  .text              ro code   0x800'48e4   0x330  stm32f4xx_hal_rcc.o [1]
  .text              ro code   0x800'4c14   0x1ac  stm32f4xx_hal_rcc.o [1]
  .text              ro code   0x800'4dc0     0xc  stm32f4xx_hal.o [1]
  .text              ro code   0x800'4dcc   0x3fc  stm32f4xx_hal_dma.o [1]
  .text              ro code   0x800'51c8     0x2  stm32f4xx_hal_uart.o [1]
  .text              ro code   0x800'51ca     0x2  stm32f4xx_hal_uart.o [1]
  .text              ro code   0x800'51cc     0x2  stm32f4xx_hal_uart.o [1]
  .text              ro code   0x800'51d0    0x40  stm32f4xx_hal.o [1]
  .text              ro code   0x800'5210    0x32  ABImemset48.o [4]
  .text              ro code   0x800'5242     0x2  stm32f4xx_hal_tim.o [1]
  .text              ro code   0x800'5244    0xec  stm32f4xx_ll_fsmc.o [1]
  .text              ro code   0x800'5330     0x2  stm32f4xx_hal_adc.o [1]
  .text              ro code   0x800'5332     0x2  stm32f4xx_hal_adc.o [1]
  .rodata            const     0x800'5334    0x68  main.o [1]
  .text              ro code   0x800'539c    0x44  stm32f4xx_it.o [1]
  .text              ro code   0x800'53e0    0x10  stm32f4xx_hal.o [1]
  .text              ro code   0x800'53f0    0x38  packbits_init_single.o [4]
  .text              ro code   0x800'5428    0x28  data_init.o [4]
  .text              ro code   0x800'5450    0x22  fpinit_M.o [3]
  .iar.init_table    const     0x800'5474    0x20  - Linker created -
  .text              ro code   0x800'5494    0x20  system_stm32f4xx.o [1]
  .text              ro code   0x800'54b4    0x1e  cmain.o [4]
  .text              ro code   0x800'54d2     0x4  low_level_init.o [2]
  .text              ro code   0x800'54d6     0x4  exit.o [2]
  .text              ro code   0x800'54dc     0xa  cexit.o [4]
  .text              ro code   0x800'54e6    0x16  xprout.o [2]
  .text              ro code   0x800'54fc     0xc  putchar.o [2]
  .text              ro code   0x800'5508    0x10  startup_stm32f407xx.o [1]
  .text              ro code   0x800'5518     0xc  cstartup_M.o [4]
  .rodata            const     0x800'5524     0x8  system_stm32f4xx.o [1]
  .rodata            const     0x800'552c     0x4  xlocale_c.o [2]
  .text              ro code   0x800'5530     0x4  startup_stm32f407xx.o [1]
  .text              ro code   0x800'5534     0x4  startup_stm32f407xx.o [1]
  .text              ro code   0x800'5538     0x4  startup_stm32f407xx.o [1]
  .text              ro code   0x800'553c     0x4  startup_stm32f407xx.o [1]
  .text              ro code   0x800'5540     0x4  startup_stm32f407xx.o [1]
  .text              ro code   0x800'5544     0x4  startup_stm32f407xx.o [1]
  .text              ro code   0x800'5548     0x4  startup_stm32f407xx.o [1]
  .text              ro code   0x800'554c     0x4  startup_stm32f407xx.o [1]
  .text              ro code   0x800'5550     0x4  startup_stm32f407xx.o [1]
  .text              ro code   0x800'5554     0x4  startup_stm32f407xx.o [1]
  .text              ro code   0x800'5558     0x4  startup_stm32f407xx.o [1]
  .text              ro code   0x800'555c     0x4  startup_stm32f407xx.o [1]
  .text              ro code   0x800'5560     0x4  startup_stm32f407xx.o [1]
  .text              ro code   0x800'5564     0x4  startup_stm32f407xx.o [1]
  .text              ro code   0x800'5568     0x4  startup_stm32f407xx.o [1]
  .text              ro code   0x800'556c     0x4  startup_stm32f407xx.o [1]
  .text              ro code   0x800'5570     0x4  startup_stm32f407xx.o [1]
  .text              ro code   0x800'5574     0x4  startup_stm32f407xx.o [1]
  .text              ro code   0x800'5578     0x4  startup_stm32f407xx.o [1]
  .text              ro code   0x800'557c     0x4  startup_stm32f407xx.o [1]
  .text              ro code   0x800'5580     0x4  startup_stm32f407xx.o [1]
  .text              ro code   0x800'5584     0x4  startup_stm32f407xx.o [1]
  .text              ro code   0x800'5588     0x4  startup_stm32f407xx.o [1]
  .text              ro code   0x800'558c     0x4  startup_stm32f407xx.o [1]
  .text              ro code   0x800'5590     0x4  startup_stm32f407xx.o [1]
  .text              ro code   0x800'5594     0x4  startup_stm32f407xx.o [1]
  .text              ro code   0x800'5598     0x4  startup_stm32f407xx.o [1]
  .text              ro code   0x800'559c     0x4  startup_stm32f407xx.o [1]
  .text              ro code   0x800'55a0     0x4  startup_stm32f407xx.o [1]
  .text              ro code   0x800'55a4     0x4  startup_stm32f407xx.o [1]
  .text              ro code   0x800'55a8     0x4  startup_stm32f407xx.o [1]
  .text              ro code   0x800'55ac     0x4  startup_stm32f407xx.o [1]
  .text              ro code   0x800'55b0     0x4  startup_stm32f407xx.o [1]
  .text              ro code   0x800'55b4     0x4  startup_stm32f407xx.o [1]
  .text              ro code   0x800'55b8     0x4  startup_stm32f407xx.o [1]
  .text              ro code   0x800'55bc     0x4  startup_stm32f407xx.o [1]
  .text              ro code   0x800'55c0     0x4  startup_stm32f407xx.o [1]
  .text              ro code   0x800'55c4     0x4  startup_stm32f407xx.o [1]
  .text              ro code   0x800'55c8     0x4  startup_stm32f407xx.o [1]
  .text              ro code   0x800'55cc     0x4  startup_stm32f407xx.o [1]
  .text              ro code   0x800'55d0     0x4  startup_stm32f407xx.o [1]
  .text              ro code   0x800'55d4     0x4  startup_stm32f407xx.o [1]
  .text              ro code   0x800'55d8     0x4  startup_stm32f407xx.o [1]
  .text              ro code   0x800'55dc     0x4  startup_stm32f407xx.o [1]
  .text              ro code   0x800'55e0     0x4  startup_stm32f407xx.o [1]
  .text              ro code   0x800'55e4     0x4  startup_stm32f407xx.o [1]
  .text              ro code   0x800'55e8     0x4  startup_stm32f407xx.o [1]
  .text              ro code   0x800'55ec     0x4  startup_stm32f407xx.o [1]
  .text              ro code   0x800'55f0     0x4  startup_stm32f407xx.o [1]
  .text              ro code   0x800'55f4     0x4  startup_stm32f407xx.o [1]
  .text              ro code   0x800'55f8     0x4  startup_stm32f407xx.o [1]
  .text              ro code   0x800'55fc     0x4  startup_stm32f407xx.o [1]
  .text              ro code   0x800'5600     0x4  startup_stm32f407xx.o [1]
  .text              ro code   0x800'5604     0x4  startup_stm32f407xx.o [1]
  .text              ro code   0x800'5608     0x4  startup_stm32f407xx.o [1]
  .text              ro code   0x800'560c     0x4  startup_stm32f407xx.o [1]
  .text              ro code   0x800'5610     0x4  startup_stm32f407xx.o [1]
  .text              ro code   0x800'5614     0x4  startup_stm32f407xx.o [1]
  .text              ro code   0x800'5618     0x4  startup_stm32f407xx.o [1]
  .text              ro code   0x800'561c     0x4  startup_stm32f407xx.o [1]
  .text              ro code   0x800'5620     0x4  startup_stm32f407xx.o [1]
  .text              ro code   0x800'5624     0x4  startup_stm32f407xx.o [1]
  .text              ro code   0x800'5628     0x4  startup_stm32f407xx.o [1]
  .text              ro code   0x800'562c     0x4  startup_stm32f407xx.o [1]
  .text              ro code   0x800'5630     0x4  startup_stm32f407xx.o [1]
  .text              ro code   0x800'5634     0x4  startup_stm32f407xx.o [1]
  .text              ro code   0x800'5638     0x4  startup_stm32f407xx.o [1]
  .text              ro code   0x800'563c     0x4  startup_stm32f407xx.o [1]
  .text              ro code   0x800'5640     0x4  startup_stm32f407xx.o [1]
  .text              ro code   0x800'5644     0x4  startup_stm32f407xx.o [1]
  .text              ro code   0x800'5648     0x4  startup_stm32f407xx.o [1]
  .text              ro code   0x800'564c     0x4  startup_stm32f407xx.o [1]
  .text              ro code   0x800'5650     0x4  startup_stm32f407xx.o [1]
  .text              ro code   0x800'5654     0x4  startup_stm32f407xx.o [1]
  .text              ro code   0x800'5658     0x4  startup_stm32f407xx.o [1]
  .rodata            const     0x800'565c     0x0  zero_init3.o [4]
  .rodata            const     0x800'565c     0x0  packbits_init_single.o [4]
  Initializer bytes  const     0x800'565c    0x64  <for P2-1>
                             - 0x800'56c0  0x5538

"P2", part 1 of 3:                           0x90
  P2-1                        0x2000'0000    0x90  <Init block>
    .data            inited   0x2000'0000     0xc  stm32f4xx_hal.o [1]
    .data            inited   0x2000'000c     0x4  system_stm32f4xx.o [1]
    .data            inited   0x2000'0010    0x38  xlocale_c.o [2]
    .data            inited   0x2000'0048    0x48  xfiles.o [2]
                            - 0x2000'0090    0x90

"P2", part 2 of 3:                          0x52c
  .bss               zero     0x2000'0090   0x29c  main.o [1]
  .bss               zero     0x2000'032c    0x60  main.o [1]
  .bss               zero     0x2000'038c    0x60  main.o [1]
  .bss               zero     0x2000'03ec    0x54  main.o [1]
  .bss               zero     0x2000'0440    0x54  main.o [1]
  .bss               zero     0x2000'0494    0x50  xfiles.o [2]
  .bss               zero     0x2000'04e4    0x48  main.o [1]
  .bss               zero     0x2000'052c    0x48  main.o [1]
  .bss               zero     0x2000'0574    0x40  main.o [1]
  .bss               zero     0x2000'05b4     0x4  stm32f4xx_hal_msp.o [1]
  .bss               zero     0x2000'05b8     0x4  xfail_s.o [2]
                            - 0x2000'05bc   0x52c

"P2", part 3 of 3:                          0x400
  CSTACK                      0x2000'05c0   0x400  <Block>
    CSTACK           uninit   0x2000'05c0   0x400  <Block tail>
                            - 0x2000'09c0   0x400

Unused ranges:

         From           To      Size
         ----           --      ----
   0x800'56c0   0x80f'ffff  0xf'a940
  0x2000'05bc  0x2000'05bf       0x4
  0x2000'09c0  0x2001'ffff  0x1'f640


*******************************************************************************
*** INIT TABLE
***

          Address      Size
          -------      ----
Zero (__iar_zero_init3)
    1 destination range, total size 0x52c:
          0x2000'0090  0x52c

Copy/packbits (__iar_packbits_init_single3)
    1 source range, total size 0x64 (69% of destination):
           0x800'565c   0x64
    1 destination range, total size 0x90:
          0x2000'0000   0x90



*******************************************************************************
*** MODULE SUMMARY
***

    Module                  ro code  ro data  rw data
    ------                  -------  -------  -------
command line/config:
    -------------------------------------------------
    Total:

C:\Users\sonartech\Desktop\Yang\Interface CPU BRD\I2C_USART_FAN_ADC\EWARM\Test\Obj: [1]
    main.o                    2 828      104    1 236
    startup_stm32f407xx.o       708
    stm32f4xx_hal.o             184        8       12
    stm32f4xx_hal_adc.o       1 154
    stm32f4xx_hal_cortex.o      196
    stm32f4xx_hal_dma.o       1 020
    stm32f4xx_hal_gpio.o        536
    stm32f4xx_hal_i2c.o       1 288
    stm32f4xx_hal_msp.o       1 576                 4
    stm32f4xx_hal_rcc.o       1 244
    stm32f4xx_hal_spi.o         200
    stm32f4xx_hal_sram.o         88
    stm32f4xx_hal_tim.o       1 564
    stm32f4xx_hal_tim_ex.o      140
    stm32f4xx_hal_uart.o      1 758
    stm32f4xx_it.o               68
    stm32f4xx_ll_fsmc.o         236
    system_stm32f4xx.o           32       11        4
    -------------------------------------------------
    Total:                   14 820      123    1 256

dl7M_tlf.a: [2]
    abort.o                       6
    exit.o                        4
    low_level_init.o              4
    printf.o                     40
    putchar.o                    12
    xfail_s.o                    64                 4
    xfiles.o                              50      152
    xlocale_c.o                   8       43       56
    xprintffull_nomb.o        3 570
    xprout.o                     22
    -------------------------------------------------
    Total:                    3 730       93      212

m7M_tls.a: [3]
    DblAdd.o                    378
    DblCmpGe.o                   46
    DblCmpLe.o                   46
    DblDiv.o                    582
    DblMul.o                    418
    DblSub.o                    226
    DblToFlt.o                  104
    DblToS32.o                   58
    DblToU32.o                   40
    FltToDbl.o                   72
    S32ToDbl.o                   34
    U32ToDbl.o                   26
    fpinit_M.o                   34
    frexp.o                     112
    ldexp.o                     314
    -------------------------------------------------
    Total:                    2 490

rt7M_tl.a: [4]
    ABImemclr4.o                  6
    ABImemcpy.o                 166
    ABImemset48.o                50
    I64DivMod_small.o           262
    I64DivZer.o                   2
    cexit.o                      10
    cmain.o                      30
    cstartup_M.o                 12
    data_init.o                  40
    memchr.o                     88
    packbits_init_single.o       56
    strchr.o                     22
    strlen.o                     54
    zero_init3.o                 58
    -------------------------------------------------
    Total:                      856

shb_l.a: [5]
    exit.o                       20
    -------------------------------------------------
    Total:                       20

    Gaps                         42        2
    Linker created                        32    1 024
-----------------------------------------------------
    Grand Total:             21 958      250    2 492


*******************************************************************************
*** ENTRY LIST
***

Entry                       Address   Size  Type      Object
-----                       -------   ----  ----      ------
.iar.init_table$$Base    0x800'5474          --   Gb  - Linker created -
.iar.init_table$$Limit   0x800'5494          --   Gb  - Linker created -
?main                    0x800'54b5         Code  Gb  cmain.o [4]
A1_DATA                 0x2000'0390    0xc  Data  Gb  main.o [1]
A2_DATA                 0x2000'039c    0xc  Data  Gb  main.o [1]
ADC_Calculation          0x800'1c99   0xa8  Code  Gb  main.o [1]
ADC_DMAConvCplt          0x800'4839   0x66  Code  Lc  stm32f4xx_hal_adc.o [1]
ADC_DMAError             0x800'48a9   0x12  Code  Lc  stm32f4xx_hal_adc.o [1]
ADC_DMAHalfConvCplt      0x800'48a1    0x6  Code  Lc  stm32f4xx_hal_adc.o [1]
ADC_Init                 0x800'4719   0xf8  Code  Lc  stm32f4xx_hal_adc.o [1]
ADC_cal                 0x2000'058c   0x14  Data  Gb  main.o [1]
AHBPrescTable            0x800'54a4   0x10  Data  Gb  system_stm32f4xx.o [1]
APBPrescTable            0x800'5524    0x8  Data  Gb  system_stm32f4xx.o [1]
B1_DATA                 0x2000'0574    0xc  Data  Gb  main.o [1]
B2_DATA                 0x2000'0580    0xc  Data  Gb  main.o [1]
BusFault_Handler         0x800'53a3    0x2  Code  Gb  stm32f4xx_it.o [1]
CSTACK$$Base            0x2000'05c0          --   Gb  - Linker created -
CSTACK$$Limit           0x2000'09c0          --   Gb  - Linker created -
DMA2_Stream0_IRQHandler
                         0x800'53d1    0x6  Code  Gb  stm32f4xx_it.o [1]
DMA_CalcBaseAndBitshift
                         0x800'5199   0x26  Code  Lc  stm32f4xx_hal_dma.o [1]
DMA_CalcBaseAndBitshift::flagBitshiftOffset
                         0x800'51c0    0x8  Data  Lc  stm32f4xx_hal_dma.o [1]
DMA_SetConfig            0x800'5179   0x20  Code  Lc  stm32f4xx_hal_dma.o [1]
DebugMon_Handler         0x800'53a9    0x2  Code  Gb  stm32f4xx_it.o [1]
EXTI15_10_IRQHandler     0x800'53c9    0x8  Code  Gb  stm32f4xx_it.o [1]
EXTI2_IRQHandler         0x800'53b1    0x6  Code  Gb  stm32f4xx_it.o [1]
EXTI3_IRQHandler         0x800'53b7    0x6  Code  Gb  stm32f4xx_it.o [1]
EXTI9_5_IRQHandler       0x800'53bd    0x6  Code  Gb  stm32f4xx_it.o [1]
Error_Handler            0x800'2637    0x4  Code  Gb  main.o [1]
FSMC_Initialized        0x2000'05b4    0x4  Data  Lc  stm32f4xx_hal_msp.o [1]
FSMC_NORSRAM_Extended_Timing_Init
                         0x800'52eb   0x3c  Code  Gb  stm32f4xx_ll_fsmc.o [1]
FSMC_NORSRAM_Init        0x800'5245   0x58  Code  Gb  stm32f4xx_ll_fsmc.o [1]
FSMC_NORSRAM_Timing_Init
                         0x800'52ab   0x40  Code  Gb  stm32f4xx_ll_fsmc.o [1]
HAL_ADC_ConfigChannel    0x800'45e5  0x10e  Code  Gb  stm32f4xx_hal_adc.o [1]
HAL_ADC_ConvCpltCallback
                         0x800'1d79    0x2  Code  Gb  main.o [1]
HAL_ADC_Init             0x800'443d   0x50  Code  Gb  stm32f4xx_hal_adc.o [1]
HAL_ADC_MspInit          0x800'3dcb   0xc0  Code  Gb  stm32f4xx_hal_msp.o [1]
HAL_ADC_Start_DMA        0x800'44ab  0x13a  Code  Gb  stm32f4xx_hal_adc.o [1]
HAL_DMA_Abort            0x800'4f1d   0x86  Code  Gb  stm32f4xx_hal_dma.o [1]
HAL_DMA_Abort_IT         0x800'4fa3   0x24  Code  Gb  stm32f4xx_hal_dma.o [1]
HAL_DMA_IRQHandler       0x800'4fc7  0x192  Code  Gb  stm32f4xx_hal_dma.o [1]
HAL_DMA_Init             0x800'4dcd   0xee  Code  Gb  stm32f4xx_hal_dma.o [1]
HAL_DMA_Start_IT         0x800'4ebb   0x62  Code  Gb  stm32f4xx_hal_dma.o [1]
HAL_Delay                0x800'48bd   0x28  Code  Wk  stm32f4xx_hal.o [1]
HAL_GPIO_EXTI_Callback   0x800'1c21   0x42  Code  Gb  main.o [1]
HAL_GPIO_EXTI_IRQHandler
                         0x800'3433   0x10  Code  Gb  stm32f4xx_hal_gpio.o [1]
HAL_GPIO_Init            0x800'325d  0x1be  Code  Gb  stm32f4xx_hal_gpio.o [1]
HAL_GPIO_TogglePin       0x800'3423   0x10  Code  Gb  stm32f4xx_hal_gpio.o [1]
HAL_GPIO_WritePin        0x800'341b    0x8  Code  Gb  stm32f4xx_hal_gpio.o [1]
HAL_GetTick              0x800'4dc1    0xc  Code  Wk  stm32f4xx_hal.o [1]
HAL_I2C_Init             0x800'2d55  0x12c  Code  Gb  stm32f4xx_hal_i2c.o [1]
HAL_I2C_Master_Transmit
                         0x800'2e8d   0xaa  Code  Gb  stm32f4xx_hal_i2c.o [1]
HAL_I2C_MspInit          0x800'3e8b   0xc8  Code  Gb  stm32f4xx_hal_msp.o [1]
HAL_IncTick              0x800'53e1   0x10  Code  Wk  stm32f4xx_hal.o [1]
HAL_Init                 0x800'3525   0x30  Code  Gb  stm32f4xx_hal.o [1]
HAL_InitTick             0x800'51d1   0x40  Code  Wk  stm32f4xx_hal.o [1]
HAL_MspInit              0x800'3d95   0x36  Code  Gb  stm32f4xx_hal_msp.o [1]
HAL_NVIC_EnableIRQ       0x800'35c7   0x16  Code  Gb  stm32f4xx_hal_cortex.o [1]
HAL_NVIC_SetPriority     0x800'358d   0x3a  Code  Gb  stm32f4xx_hal_cortex.o [1]
HAL_NVIC_SetPriorityGrouping
                         0x800'3573   0x1a  Code  Gb  stm32f4xx_hal_cortex.o [1]
HAL_RCC_ClockConfig      0x800'4c15  0x100  Code  Gb  stm32f4xx_hal_rcc.o [1]
HAL_RCC_GetPCLK1Freq     0x800'4d21   0x10  Code  Gb  stm32f4xx_hal_rcc.o [1]
HAL_RCC_GetPCLK2Freq     0x800'4d31    0xe  Code  Gb  stm32f4xx_hal_rcc.o [1]
HAL_RCC_OscConfig        0x800'48e5  0x330  Code  Wk  stm32f4xx_hal_rcc.o [1]
HAL_SPI_Init             0x800'361d   0xb4  Code  Gb  stm32f4xx_hal_spi.o [1]
HAL_SPI_MspInit          0x800'3f69   0x60  Code  Gb  stm32f4xx_hal_msp.o [1]
HAL_SRAM_Init            0x800'43bd   0x58  Code  Gb  stm32f4xx_hal_sram.o [1]
HAL_SRAM_MspInit         0x800'42b5   0x7a  Code  Gb  stm32f4xx_hal_msp.o [1]
HAL_SYSTICK_Config       0x800'35dd   0x28  Code  Gb  stm32f4xx_hal_cortex.o [1]
HAL_TIMEx_MasterConfigSynchronization
                         0x800'3d09   0x6e  Code  Gb  stm32f4xx_hal_tim_ex.o [1]
HAL_TIM_Base_Init        0x800'36ed   0x1a  Code  Gb  stm32f4xx_hal_tim.o [1]
HAL_TIM_Base_MspInit     0x800'3fdf   0x7e  Code  Gb  stm32f4xx_hal_msp.o [1]
HAL_TIM_Base_Start_IT    0x800'3707   0x7c  Code  Gb  stm32f4xx_hal_tim.o [1]
HAL_TIM_ConfigClockSource
                         0x800'399f   0xaa  Code  Gb  stm32f4xx_hal_tim.o [1]
HAL_TIM_MspPostInit      0x800'405d   0x96  Code  Gb  stm32f4xx_hal_msp.o [1]
HAL_TIM_PWM_ConfigChannel
                         0x800'38db   0xb6  Code  Gb  stm32f4xx_hal_tim.o [1]
HAL_TIM_PWM_Init         0x800'37a9   0x1a  Code  Gb  stm32f4xx_hal_tim.o [1]
HAL_TIM_PWM_Start        0x800'37c3   0x9a  Code  Gb  stm32f4xx_hal_tim.o [1]
HAL_UART_IRQHandler      0x800'27ef  0x258  Code  Gb  stm32f4xx_hal_uart.o [1]
HAL_UART_Init            0x800'267d   0x1e  Code  Gb  stm32f4xx_hal_uart.o [1]
HAL_UART_MspInit         0x800'40fd  0x198  Code  Gb  stm32f4xx_hal_msp.o [1]
HAL_UART_Receive_IT      0x800'27a5   0x30  Code  Gb  stm32f4xx_hal_uart.o [1]
HAL_UART_RxCpltCallback
                         0x800'1c63   0x2e  Code  Gb  main.o [1]
HAL_UART_Transmit        0x800'26f3   0xb2  Code  Gb  stm32f4xx_hal_uart.o [1]
HardFault_Handler        0x800'539f    0x2  Code  Gb  stm32f4xx_it.o [1]
I2C_IsAcknowledgeFailed
                         0x800'3231   0x2c  Code  Lc  stm32f4xx_hal_i2c.o [1]
I2C_MasterRequestWrite   0x800'3019   0x88  Code  Lc  stm32f4xx_hal_i2c.o [1]
I2C_WaitOnBTFFlagUntilTimeout
                         0x800'31f9   0x38  Code  Lc  stm32f4xx_hal_i2c.o [1]
I2C_WaitOnFlagUntilTimeout
                         0x800'30dd   0x50  Code  Lc  stm32f4xx_hal_i2c.o [1]
I2C_WaitOnMasterAddressFlagUntilTimeout
                         0x800'312d   0x78  Code  Lc  stm32f4xx_hal_i2c.o [1]
I2C_WaitOnTXEFlagUntilTimeout
                         0x800'31a5   0x38  Code  Lc  stm32f4xx_hal_i2c.o [1]
LoadInt                  0x800'0337   0x7a  Code  Lc  xprintffull_nomb.o [2]
MX_ADC1_Init             0x800'230b   0xa2  Code  Lc  main.o [1]
MX_GPIO_Init             0x800'23bb  0x1b4  Code  Lc  main.o [1]
MemManage_Handler        0x800'53a1    0x2  Code  Gb  stm32f4xx_it.o [1]
NMI_Handler              0x800'539d    0x2  Code  Gb  stm32f4xx_it.o [1]
PendSV_Handler           0x800'53ab    0x2  Code  Gb  stm32f4xx_it.o [1]
Region$$Table$$Base      0x800'5474          --   Gb  - Linker created -
Region$$Table$$Limit     0x800'5494          --   Gb  - Linker created -
SVC_Handler              0x800'53a7    0x2  Code  Gb  stm32f4xx_it.o [1]
SysTick_Handler          0x800'53ad    0x4  Code  Gb  stm32f4xx_it.o [1]
SystemClock_Config       0x800'228d   0x7e  Code  Gb  main.o [1]
SystemCoreClock         0x2000'000c    0x4  Data  Gb  system_stm32f4xx.o [1]
SystemInit               0x800'5495    0xc  Code  Gb  system_stm32f4xx.o [1]
TEST_I2C                 0x800'1be5   0x3a  Code  Gb  main.o [1]
TIMER_RPM                0x800'1b95   0x4e  Code  Gb  main.o [1]
TIMER_struct_init        0x800'1b85   0x10  Code  Gb  main.o [1]
TIM_Base_SetConfig       0x800'3a63   0x96  Code  Gb  stm32f4xx_hal_tim.o [1]
TIM_CCxChannelCmd        0x800'3ceb   0x16  Code  Gb  stm32f4xx_hal_tim.o [1]
TIM_ETR_SetConfig        0x800'3cd7   0x14  Code  Gb  stm32f4xx_hal_tim.o [1]
TIM_ITRx_SetConfig       0x800'3cc7   0x10  Code  Lc  stm32f4xx_hal_tim.o [1]
TIM_OC1_SetConfig        0x800'3af9   0x58  Code  Lc  stm32f4xx_hal_tim.o [1]
TIM_OC2_SetConfig        0x800'3b51   0x60  Code  Gb  stm32f4xx_hal_tim.o [1]
TIM_OC3_SetConfig        0x800'3bb1   0x5e  Code  Lc  stm32f4xx_hal_tim.o [1]
TIM_OC4_SetConfig        0x800'3c0f   0x46  Code  Lc  stm32f4xx_hal_tim.o [1]
TIM_TI1_ConfigInputStage
                         0x800'3c85   0x1e  Code  Lc  stm32f4xx_hal_tim.o [1]
TIM_TI2_ConfigInputStage
                         0x800'3ca3   0x24  Code  Lc  stm32f4xx_hal_tim.o [1]
UART_DMAAbortOnError     0x800'2bb9    0xc  Code  Lc  stm32f4xx_hal_uart.o [1]
UART_EndRxTransfer       0x800'2b57   0x60  Code  Lc  stm32f4xx_hal_uart.o [1]
UART_Receive_IT          0x800'2bc5   0xc6  Code  Lc  stm32f4xx_hal_uart.o [1]
UART_SetConfig           0x800'2c8b   0xae  Code  Lc  stm32f4xx_hal_uart.o [1]
UART_Start_Receive_IT    0x800'2b1d   0x3a  Code  Gb  stm32f4xx_hal_uart.o [1]
UART_WaitOnFlagUntilTimeout
                         0x800'2a89   0x5e  Code  Lc  stm32f4xx_hal_uart.o [1]
USART2_IRQHandler        0x800'53c3    0x6  Code  Gb  stm32f4xx_it.o [1]
USART_RX_FLAG           0x2000'038c    0x1  Data  Gb  main.o [1]
UsageFault_Handler       0x800'53a5    0x2  Code  Gb  stm32f4xx_it.o [1]
_GenldFullNoMb           0x800'0c79  0x274  Code  Lc  xprintffull_nomb.o [2]
_LdtobFullNoMb           0x800'0875  0x3d6  Code  Lc  xprintffull_nomb.o [2]
_LitobFullNoMb           0x800'0725  0x10a  Code  Lc  xprintffull_nomb.o [2]
_Locale_lconv           0x2000'0010   0x38  Data  Lc  xlocale_c.o [2]
_PrintfFullNoMb          0x800'0189  0x19e  Code  Gb  xprintffull_nomb.o [2]
_Prout                   0x800'54e7   0x16  Code  Gb  xprout.o [2]
_PutcharsFullNoMb        0x800'0eed   0x2e  Code  Lc  xprintffull_nomb.o [2]
_PutfldFullNoMb          0x800'03b1  0x268  Code  Lc  xprintffull_nomb.o [2]
_PuttxtFullNoMb          0x800'0619  0x10c  Code  Lc  xprintffull_nomb.o [2]
__NVIC_SetPriority       0x800'3559   0x1a  Code  Lc  stm32f4xx_hal_cortex.o [1]
__aeabi_cdcmple          0x800'1461         Code  Gb  DblCmpLe.o [3]
__aeabi_cdrcmple         0x800'1491         Code  Gb  DblCmpGe.o [3]
__aeabi_d2f              0x800'3475         Code  Gb  DblToFlt.o [3]
__aeabi_d2iz             0x800'15fd         Code  Gb  DblToS32.o [3]
__aeabi_d2uiz            0x800'1989         Code  Gb  DblToU32.o [3]
__aeabi_dadd             0x800'19e1         Code  Gb  DblAdd.o [3]
__aeabi_ddiv             0x800'1741         Code  Gb  DblDiv.o [3]
__aeabi_dmul             0x800'11a5         Code  Gb  DblMul.o [3]
__aeabi_dsub             0x800'165d         Code  Gb  DblSub.o [3]
__aeabi_f2d              0x800'34dd         Code  Gb  FltToDbl.o [3]
__aeabi_i2d              0x800'1639         Code  Gb  S32ToDbl.o [3]
__aeabi_ldiv0            0x800'19dd         Code  Gb  I64DivZer.o [4]
__aeabi_memclr4          0x800'36e5         Code  Gb  ABImemclr4.o [4]
__aeabi_memcpy           0x800'1349         Code  Gb  ABImemcpy.o [4]
__aeabi_memcpy4          0x800'1369         Code  Gb  ABImemcpy.o [4]
__aeabi_memcpy8          0x800'1369         Code  Gb  ABImemcpy.o [4]
__aeabi_ui2d             0x800'19b1         Code  Gb  U32ToDbl.o [3]
__cmain                  0x800'54b5         Code  Gb  cmain.o [4]
__exit                   0x800'1b5d   0x14  Code  Gb  exit.o [5]
__iar_Fail_s             0x800'0fcd   0x1c  Code  Gb  xfail_s.o [2]
__iar_Memchr             0x800'1045         Code  Gb  memchr.o [4]
__iar_Memset4_word       0x800'5211         Code  Gb  ABImemset48.o [4]
__iar_Memset8_word       0x800'5211         Code  Gb  ABImemset48.o [4]
__iar_Stdout            0x2000'0048   0x48  Data  Gb  xfiles.o [2]
__iar_Strchr             0x800'0fb5         Code  Gb  strchr.o [4]
__iar_dadd               0x800'166d         Code  Gb  DblSub.o [3]
__iar_data_init3         0x800'5429   0x28  Code  Gb  data_init.o [4]
__iar_dsub               0x800'19f1         Code  Gb  DblAdd.o [3]
__iar_dsubStart          0x800'1a03         Code  Gb  DblAdd.o [3]
__iar_frexp              0x800'13fd         Code  Gb  frexp.o [3]
__iar_frexpl             0x800'13fd         Code  Gb  frexp.o [3]
__iar_init_vfp           0x800'5451         Code  Gb  fpinit_M.o [3]
__iar_ldexp64            0x800'14c1         Code  Gb  ldexp.o [3]
__iar_packbits_init_single3
                         0x800'53f1   0x38  Code  Gb  packbits_init_single.o [4]
__iar_program_start      0x800'5519         Code  Gb  cstartup_M.o [4]
__iar_scalbln64          0x800'14c1         Code  Gb  ldexp.o [3]
__iar_scalbn64           0x800'14c1         Code  Gb  ldexp.o [3]
__iar_small_uldivmod     0x800'109d         Code  Gb  I64DivMod_small.o [4]
__iar_softfp___iar_frexp64
                         0x800'13f1         Code  Gb  frexp.o [3]
__iar_softfp_frexp       0x800'13f1         Code  Gb  frexp.o [3]
__iar_softfp_frexpl      0x800'13f1         Code  Gb  frexp.o [3]
__iar_zero_init3         0x800'0f7b   0x3a  Code  Gb  zero_init3.o [4]
__low_level_init         0x800'54d3    0x4  Code  Gb  low_level_init.o [2]
__vector_table           0x800'0000         Data  Gb  startup_stm32f407xx.o [1]
_call_main               0x800'54c1         Code  Gb  cmain.o [4]
_exit                    0x800'54dd         Code  Gb  cexit.o [4]
_main                    0x800'54cf         Code  Gb  cmain.o [4]
abort                    0x800'19d5    0x6  Code  Gb  abort.o [2]
adcVal                  0x2000'05a0   0x14  Data  Gb  main.o [1]
exit                     0x800'54d7    0x4  Code  Gb  exit.o [2]
fputc                    0x800'1b71   0x14  Code  Gb  main.o [1]
hadc1                   0x2000'04e4   0x48  Data  Gb  main.o [1]
hdma_adc1               0x2000'032c   0x60  Data  Gb  main.o [1]
hi2c1                   0x2000'03ec   0x54  Data  Gb  main.o [1]
hi2c3                   0x2000'0440   0x54  Data  Gb  main.o [1]
hspi2                   0x2000'00e0   0x58  Data  Gb  main.o [1]
hsram2                  0x2000'0090   0x50  Data  Gb  main.o [1]
htim13                  0x2000'0290   0x48  Data  Gb  main.o [1]
htim14                  0x2000'02d8   0x48  Data  Gb  main.o [1]
htim4                   0x2000'0248   0x48  Data  Gb  main.o [1]
htim6                   0x2000'052c   0x48  Data  Gb  main.o [1]
huart2                  0x2000'03a8   0x44  Data  Gb  main.o [1]
huart3                  0x2000'01c0   0x44  Data  Gb  main.o [1]
huart4                  0x2000'0138   0x44  Data  Gb  main.o [1]
huart5                  0x2000'017c   0x44  Data  Gb  main.o [1]
huart6                  0x2000'0204   0x44  Data  Gb  main.o [1]
ldexp                    0x800'14c1         Code  Gb  ldexp.o [3]
ldexpl                   0x800'14c1         Code  Gb  ldexp.o [3]
localeconv               0x800'19cd    0x4  Code  Gb  xlocale_c.o [2]
main                     0x800'1d7d  0x4cc  Code  Gb  main.o [1]
memchr                   0x800'1045         Code  Gb  memchr.o [4]
obuf                    0x2000'0494   0x50  Data  Lc  xfiles.o [2]
printf                   0x800'4415   0x28  Code  Gb  printf.o [2]
putchar                  0x800'54fd    0xc  Code  Gb  putchar.o [2]
scalbln                  0x800'14c1         Code  Gb  ldexp.o [3]
scalblnl                 0x800'14c1         Code  Gb  ldexp.o [3]
scalbn                   0x800'14c1         Code  Gb  ldexp.o [3]
scalbnl                  0x800'14c1         Code  Gb  ldexp.o [3]
scale                    0x800'082f   0x46  Code  Lc  xprintffull_nomb.o [2]
sec_hand                0x2000'05b8    0x4  Data  Lc  xfail_s.o [2]
strchr                   0x800'0fb5         Code  Gb  strchr.o [4]
strlen                   0x800'100d         Code  Gb  strlen.o [4]
temp1                   0x2000'0328    0x4  Data  Gb  main.o [1]
temp_rx                 0x2000'038d    0x1  Data  Gb  main.o [1]
temperature_f1          0x2000'0320    0x4  Data  Gb  main.o [1]
temperature_f2          0x2000'0324    0x4  Data  Gb  main.o [1]
uwTick                  0x2000'0004    0x4  Data  Gb  stm32f4xx_hal.o [1]
uwTickFreq              0x2000'0000    0x1  Data  Gb  stm32f4xx_hal.o [1]
uwTickPrio              0x2000'0008    0x4  Data  Gb  stm32f4xx_hal.o [1]


[1] = C:\Users\sonartech\Desktop\Yang\Interface CPU BRD\I2C_USART_FAN_ADC\EWARM\Test\Obj
[2] = dl7M_tlf.a
[3] = m7M_tls.a
[4] = rt7M_tl.a
[5] = shb_l.a

  21 958 bytes of readonly  code memory
     250 bytes of readonly  data memory
   2 492 bytes of readwrite data memory

Errors: none
Warnings: none
